Archive member included because of file (symbol)

/Users/andresaboia/devkitPro/devkitARM/bin/../lib/gcc/arm-none-eabi/4.9.2/thumb/libgcc.a(_udivsi3.o)
                              main.o (__aeabi_uidiv)
/Users/andresaboia/devkitPro/devkitARM/bin/../lib/gcc/arm-none-eabi/4.9.2/thumb/libgcc.a(_divsi3.o)
                              main.o (__aeabi_idiv)
/Users/andresaboia/devkitPro/devkitARM/bin/../lib/gcc/arm-none-eabi/4.9.2/thumb/libgcc.a(_dvmd_tls.o)
                              /Users/andresaboia/devkitPro/devkitARM/bin/../lib/gcc/arm-none-eabi/4.9.2/thumb/libgcc.a(_udivsi3.o) (__aeabi_idiv0)
/Users/andresaboia/devkitPro/devkitARM/bin/../lib/gcc/arm-none-eabi/4.9.2/thumb/libgcc.a(_arm_addsubdf3.o)
                              main.o (__aeabi_ui2d)
/Users/andresaboia/devkitPro/devkitARM/bin/../lib/gcc/arm-none-eabi/4.9.2/thumb/libgcc.a(_arm_muldivdf3.o)
                              main.o (__aeabi_dmul)
/Users/andresaboia/devkitPro/devkitARM/bin/../lib/gcc/arm-none-eabi/4.9.2/thumb/libgcc.a(_arm_fixdfsi.o)
                              main.o (__aeabi_d2iz)
/Users/andresaboia/devkitPro/devkitARM/bin/../lib/gcc/arm-none-eabi/4.9.2/thumb/libgcc.a(_arm_fixunsdfsi.o)
                              main.o (__aeabi_d2uiz)
/Users/andresaboia/devkitPro/devkitARM/bin/../lib/gcc/arm-none-eabi/4.9.2/../../../../arm-none-eabi/lib/thumb/libg.a(lib_a-init.o)
                              /Users/andresaboia/devkitPro/devkitARM/bin/../lib/gcc/arm-none-eabi/4.9.2/../../../../arm-none-eabi/lib/thumb/gba_crt0.o (__libc_init_array)
/Users/andresaboia/devkitPro/devkitARM/bin/../lib/gcc/arm-none-eabi/4.9.2/../../../../arm-none-eabi/lib/thumb/libg.a(lib_a-malloc.o)
                              main.o (malloc)
/Users/andresaboia/devkitPro/devkitARM/bin/../lib/gcc/arm-none-eabi/4.9.2/../../../../arm-none-eabi/lib/thumb/libg.a(lib_a-mallocr.o)
                              /Users/andresaboia/devkitPro/devkitARM/bin/../lib/gcc/arm-none-eabi/4.9.2/../../../../arm-none-eabi/lib/thumb/libg.a(lib_a-malloc.o) (_malloc_r)
/Users/andresaboia/devkitPro/devkitARM/bin/../lib/gcc/arm-none-eabi/4.9.2/../../../../arm-none-eabi/lib/thumb/libg.a(lib_a-memcpy-stub.o)
                              main.o (memcpy)
/Users/andresaboia/devkitPro/devkitARM/bin/../lib/gcc/arm-none-eabi/4.9.2/../../../../arm-none-eabi/lib/thumb/libg.a(lib_a-memset.o)
                              main.o (memset)
/Users/andresaboia/devkitPro/devkitARM/bin/../lib/gcc/arm-none-eabi/4.9.2/../../../../arm-none-eabi/lib/thumb/libg.a(lib_a-mlock.o)
                              /Users/andresaboia/devkitPro/devkitARM/bin/../lib/gcc/arm-none-eabi/4.9.2/../../../../arm-none-eabi/lib/thumb/libg.a(lib_a-mallocr.o) (__malloc_lock)
/Users/andresaboia/devkitPro/devkitARM/bin/../lib/gcc/arm-none-eabi/4.9.2/../../../../arm-none-eabi/lib/thumb/libg.a(lib_a-sprintf.o)
                              main.o (sprintf)
/Users/andresaboia/devkitPro/devkitARM/bin/../lib/gcc/arm-none-eabi/4.9.2/../../../../arm-none-eabi/lib/thumb/libg.a(lib_a-strlen.o)
                              main.o (strlen)
/Users/andresaboia/devkitPro/devkitARM/bin/../lib/gcc/arm-none-eabi/4.9.2/../../../../arm-none-eabi/lib/thumb/libg.a(lib_a-svfprintf.o)
                              /Users/andresaboia/devkitPro/devkitARM/bin/../lib/gcc/arm-none-eabi/4.9.2/../../../../arm-none-eabi/lib/thumb/libg.a(lib_a-sprintf.o) (_svfprintf_r)
/Users/andresaboia/devkitPro/devkitARM/bin/../lib/gcc/arm-none-eabi/4.9.2/../../../../arm-none-eabi/lib/thumb/libg.a(lib_a-wcrtomb.o)
                              /Users/andresaboia/devkitPro/devkitARM/bin/../lib/gcc/arm-none-eabi/4.9.2/../../../../arm-none-eabi/lib/thumb/libg.a(lib_a-svfprintf.o) (_wcrtomb_r)
/Users/andresaboia/devkitPro/devkitARM/bin/../lib/gcc/arm-none-eabi/4.9.2/../../../../arm-none-eabi/lib/thumb/libg.a(lib_a-wcsrtombs.o)
                              /Users/andresaboia/devkitPro/devkitARM/bin/../lib/gcc/arm-none-eabi/4.9.2/../../../../arm-none-eabi/lib/thumb/libg.a(lib_a-svfprintf.o) (_wcsrtombs_r)
/Users/andresaboia/devkitPro/devkitARM/bin/../lib/gcc/arm-none-eabi/4.9.2/../../../../arm-none-eabi/lib/thumb/libg.a(lib_a-wctomb_r.o)
                              /Users/andresaboia/devkitPro/devkitARM/bin/../lib/gcc/arm-none-eabi/4.9.2/../../../../arm-none-eabi/lib/thumb/libg.a(lib_a-wcrtomb.o) (__wctomb)
/Users/andresaboia/devkitPro/devkitARM/bin/../lib/gcc/arm-none-eabi/4.9.2/../../../../arm-none-eabi/lib/thumb/libg.a(lib_a-dtoa.o)
                              /Users/andresaboia/devkitPro/devkitARM/bin/../lib/gcc/arm-none-eabi/4.9.2/../../../../arm-none-eabi/lib/thumb/libg.a(lib_a-svfprintf.o) (_dtoa_r)
/Users/andresaboia/devkitPro/devkitARM/bin/../lib/gcc/arm-none-eabi/4.9.2/../../../../arm-none-eabi/lib/thumb/libg.a(lib_a-freer.o)
                              /Users/andresaboia/devkitPro/devkitARM/bin/../lib/gcc/arm-none-eabi/4.9.2/../../../../arm-none-eabi/lib/thumb/libg.a(lib_a-malloc.o) (_free_r)
[...]
Memory Configuration

Name             Origin             Length             Attributes
rom              0x08000000         0x02000000
iwram            0x03000000         0x00008000
ewram            0x02000000         0x00040000
*default*        0x00000000         0xffffffff

Linker script and memory map

                0x08000000                __text_start = ORIGIN (rom)
                0x02040000                __eheap_end = (ORIGIN (ewram) + 0x40000)
                0x03000000                __iwram_start = ORIGIN (iwram)
                0x03008000                __iwram_top = (ORIGIN (iwram) + 0x8000)
                0x03007fa0                __sp_irq = (__iwram_top - 0x60)
                0x03007f00                __sp_usr = (__sp_irq - 0xa0)
                0x03007ff8                __irq_flags = 0x3007ff8
                0x08000000                . = __text_start

.init           0x08000000      0x21c
 *(.init)
 .init          0x08000000      0x210 /Users/andresaboia/devkitPro/devkitARM/bin/../lib/gcc/arm-none-eabi/4.9.2/../../../../arm-none-eabi/lib/thumb/gba_crt0.o
                0x08000000                _start
                0x080000c4                __boot_method
                0x080000c5                __slave_number
                0x080000e0                start_vector
 .init          0x08000210        0x4 /Users/andresaboia/devkitPro/devkitARM/bin/../lib/gcc/arm-none-eabi/4.9.2/thumb/crti.o
                0x08000210                _init
 .init          0x08000214        0x8 /Users/andresaboia/devkitPro/devkitARM/bin/../lib/gcc/arm-none-eabi/4.9.2/thumb/crtn.o
                0x0800021c                . = ALIGN (0x4)

.plt            0x0800021c        0x0
 *(.plt)
                0x0800021c                . = ALIGN (0x4)

.text           0x08000220    0x150b8
 *(EXCLUDE_FILE(*.iwram*) .text)
 .text          0x08000220        0x0 /Users/andresaboia/devkitPro/devkitARM/bin/../lib/gcc/arm-none-eabi/4.9.2/../../../../arm-none-eabi/lib/thumb/gba_crt0.o
 .text          0x08000220        0x0 /Users/andresaboia/devkitPro/devkitARM/bin/../lib/gcc/arm-none-eabi/4.9.2/thumb/crti.o
 .text          0x08000220       0xd4 /Users/andresaboia/devkitPro/devkitARM/bin/../lib/gcc/arm-none-eabi/4.9.2/thumb/crtbegin.o
 *fill*         0x080002f4        0x4 ff
 .text          0x080002f8     0xa060 main.o
                0x080002f8                keyPoll
                0x0800031c                keyIsDown
                0x0800032c                keyIsUp
                0x0800033c                keyWasDown
                0x0800034c                keyWasUp
                0x0800035c                keyTransition
                0x08000378                keyHeld
                0x08000394                keyHit
                0x080003b0                keyReleased
                0x080003cc                checkButtons
                0x08000444                pressed
                0x080004c0                waitVBlank
                0x080004d8                waitVBlank2
                0x080004e8                flipPage
                0x08000510                drawPixel3
                0x08000528                drawPixel4
                0x08000564                getPixelColor3
                0x0800057c                drawLine3
                0x08000678                drawBox3
                0x080007ac                drawSquare3
                0x08000a20                drawCenteredPic3
                0x08000abc                drawPic3
                0x08000c10                drawPic4
                0x08000cdc                drawCircle
                0x08000dcc                DMAFastCopy
                0x08000e00                copyRow
                0x08000e68                copyCol
                0x08000ecc                scrollHorizontally
                0x0800110c                scrollVertically
                0x08001354                print
                0x08001498                set_tile
                0x080014a8                draw_box
                0x08001694                print_box
                0x0800196c                reset_text
                0x08001984                print_story
                0x08001a08                init_palette
                0x08001a34                init_text
                0x08001a84                WaitVBlack
                0x08001a9c                PlaySound
                0x08001b30                MyHandler
                0x08001b80                updated_farm_position
                0x08001c28                init_farm_list
                0x08001ccc                update_sprite_id
                0x08001d28                getFarmId
                0x08001d7c                run_action
                0x08001ecc                another_day
                0x08002078                show_enter_name
                0x080038dc                game_intro
                0x080039d4                Initialize
                0x08003e44                start_menu
                0x080064e4                Draw
                0x080065e8                updateTimers
                0x08006634                getTile
                0x08006674                getTileQuad
                0x08006790                oam_init
                0x080067d4                initSpriteHandler
                0x080068b0                loadSpriteHandler
                0x080068f0                dude_init
                0x0800696c                dude_update
                0x08007b34                dude_set_state
                0x08007b3c                dude_input
                0x08007ba4                dude_move
                0x08008c24                LoadContent
                0x08008ffc                determineMove
                0x08009058                dude_animate
                0x0800911c                dude_ani_stand
                0x08009174                dude_ani_walk
                0x080091d8                loadRegionPal
                0x080091fc                loadRegionMap
                0x0800927c                loadPortals
                0x080092b0                loadRegion
                0x08009974                Update
                0x0800a330                getPixelColor
 .text          0x0800a358      0x11c /Users/andresaboia/devkitPro/devkitARM/bin/../lib/gcc/arm-none-eabi/4.9.2/thumb/libgcc.a(_udivsi3.o)
                0x0800a358                __udivsi3
                0x0800a358                __aeabi_uidiv
                0x0800a454                __aeabi_uidivmod
 .text          0x0800a474      0x150 /Users/andresaboia/devkitPro/devkitARM/bin/../lib/gcc/arm-none-eabi/4.9.2/thumb/libgcc.a(_divsi3.o)
                0x0800a474                __aeabi_idiv
                0x0800a474                __divsi3
                0x0800a5a4                __aeabi_idivmod
 .text          0x0800a5c4        0x4 /Users/andresaboia/devkitPro/devkitARM/bin/../lib/gcc/arm-none-eabi/4.9.2/thumb/libgcc.a(_dvmd_tls.o)
                0x0800a5c4                __aeabi_ldiv0
                0x0800a5c4                __aeabi_idiv0
 .text          0x0800a5c8      0x41c /Users/andresaboia/devkitPro/devkitARM/bin/../lib/gcc/arm-none-eabi/4.9.2/thumb/libgcc.a(_arm_addsubdf3.o)
                0x0800a5c8                __aeabi_drsub
                0x0800a5d0                __subdf3
                0x0800a5d0                __aeabi_dsub
                0x0800a5d4                __aeabi_dadd
                0x0800a5d4                __adddf3
                0x0800a8e4                __aeabi_ui2d
                0x0800a8e4                __floatunsidf
                0x0800a908                __floatsidf
                0x0800a908                __aeabi_i2d
                0x0800a930                __extendsfdf2
                0x0800a930                __aeabi_f2d
                0x0800a970                __aeabi_ul2d
                0x0800a970                __floatundidf
                0x0800a984                __aeabi_l2d
                0x0800a984                __floatdidf
 .text          0x0800a9e4      0x49c /Users/andresaboia/devkitPro/devkitARM/bin/../lib/gcc/arm-none-eabi/4.9.2/thumb/libgcc.a(_arm_muldivdf3.o)
                0x0800a9e4                __aeabi_dmul
                0x0800a9e4                __muldf3
                0x0800ac74                __aeabi_ddiv
                0x0800ac74                __divdf3
 .text          0x0800ae80       0x5c /Users/andresaboia/devkitPro/devkitARM/bin/../lib/gcc/arm-none-eabi/4.9.2/thumb/libgcc.a(_arm_fixdfsi.o)
                0x0800ae80                __fixdfsi
                0x0800ae80                __aeabi_d2iz
 .text          0x0800aedc       0x54 /Users/andresaboia/devkitPro/devkitARM/bin/../lib/gcc/arm-none-eabi/4.9.2/thumb/libgcc.a(_arm_fixunsdfsi.o)
                0x0800aedc                __fixunsdfsi
                0x0800aedc                __aeabi_d2uiz
 .text          0x0800af30       0x58 /Users/andresaboia/devkitPro/devkitARM/bin/../lib/gcc/arm-none-eabi/4.9.2/../../../../arm-none-eabi/lib/thumb/libg.a(lib_a-init.o)
                0x0800af30                __libc_init_array
 .text          0x0800af88       0x30 /Users/andresaboia/devkitPro/devkitARM/bin/../lib/gcc/arm-none-eabi/4.9.2/../../../../arm-none-eabi/lib/thumb/libg.a(lib_a-malloc.o)
                0x0800af88                malloc
                0x0800afa0                free
 .text          0x0800afb8      0x540 /Users/andresaboia/devkitPro/devkitARM/bin/../lib/gcc/arm-none-eabi/4.9.2/../../../../arm-none-eabi/lib/thumb/libg.a(lib_a-mallocr.o)
                0x0800afb8                _malloc_r
 .text          0x0800b4f8       0x84 /Users/andresaboia/devkitPro/devkitARM/bin/../lib/gcc/arm-none-eabi/4.9.2/../../../../arm-none-eabi/lib/thumb/libg.a(lib_a-memcpy-stub.o)
                0x0800b4f8                memcpy
 .text          0x0800b57c       0x98 /Users/andresaboia/devkitPro/devkitARM/bin/../lib/gcc/arm-none-eabi/4.9.2/../../../../arm-none-eabi/lib/thumb/libg.a(lib_a-memset.o)
                0x0800b57c                memset
 .text          0x0800b614        0x8 /Users/andresaboia/devkitPro/devkitARM/bin/../lib/gcc/arm-none-eabi/4.9.2/../../../../arm-none-eabi/lib/thumb/libg.a(lib_a-mlock.o)
                0x0800b614                __malloc_lock
                0x0800b618                __malloc_unlock
 .text          0x0800b61c       0x84 /Users/andresaboia/devkitPro/devkitARM/bin/../lib/gcc/arm-none-eabi/4.9.2/../../../../arm-none-eabi/lib/thumb/libg.a(lib_a-sprintf.o)
                0x0800b61c                _sprintf_r
                0x0800b65c                sprintf
 .text          0x0800b6a0       0x10 /Users/andresaboia/devkitPro/devkitARM/bin/../lib/gcc/arm-none-eabi/4.9.2/../../../../arm-none-eabi/lib/thumb/libg.a(lib_a-strlen.o)
                0x0800b6a0                strlen
 .text          0x0800b6b0     0x3238 /Users/andresaboia/devkitPro/devkitARM/bin/../lib/gcc/arm-none-eabi/4.9.2/../../../../arm-none-eabi/lib/thumb/libg.a(lib_a-svfprintf.o)
                0x0800bb54                _svfprintf_r
 .text          0x0800e8e8       0xdc /Users/andresaboia/devkitPro/devkitARM/bin/../lib/gcc/arm-none-eabi/4.9.2/../../../../arm-none-eabi/lib/thumb/libg.a(lib_a-wcrtomb.o)
                0x0800e8e8                _wcrtomb_r
                0x0800e950                wcrtomb
 .text          0x0800e9c4       0x40 /Users/andresaboia/devkitPro/devkitARM/bin/../lib/gcc/arm-none-eabi/4.9.2/../../../../arm-none-eabi/lib/thumb/libg.a(lib_a-wcsrtombs.o)
                0x0800e9c4                _wcsrtombs_r
                0x0800e9dc                wcsrtombs
 .text          0x0800ea04      0x29c /Users/andresaboia/devkitPro/devkitARM/bin/../lib/gcc/arm-none-eabi/4.9.2/../../../../arm-none-eabi/lib/thumb/libg.a(lib_a-wctomb_r.o)
                0x0800ea04                __utf8_wctomb
                0x0800eac4                _wctomb_r
                0x0800eafc                __ascii_wctomb
                0x0800eb18                __sjis_wctomb
                0x0800eb98                __eucjp_wctomb
                0x0800ec20                __jis_wctomb
 .text          0x0800eca0     0x11f8 /Users/andresaboia/devkitPro/devkitARM/bin/../lib/gcc/arm-none-eabi/4.9.2/../../../../arm-none-eabi/lib/thumb/libg.a(lib_a-dtoa.o)
                0x0800ee00                _dtoa_r
 .text          0x0800fe98      0x254 /Users/andresaboia/devkitPro/devkitARM/bin/../lib/gcc/arm-none-eabi/4.9.2/../../../../arm-none-eabi/lib/thumb/libg.a(lib_a-freer.o)
                0x0800fe98                _malloc_trim_r
                0x0800ff3c                _free_r
 .text          0x080100ec        0x0 /Users/andresaboia/devkitPro/devkitARM/bin/../lib/gcc/arm-none-eabi/4.9.2/../../../../arm-none-eabi/lib/thumb/libg.a(lib_a-impure.o)
 .text          0x080100ec      0x96c /Users/andresaboia/devkitPro/devkitARM/bin/../lib/gcc/arm-none-eabi/4.9.2/../../../../arm-none-eabi/lib/thumb/libg.a(lib_a-locale.o)
                0x080107d0                _setlocale_r
                0x080109f8                __locale_charset
                0x08010a00                __locale_mb_cur_max
                0x08010a0c                __locale_msgcharset
                0x08010a18                __locale_cjk_lang
                0x08010a24                _localeconv_r
                0x08010a30                setlocale
                0x08010a4c                localeconv
 .text          0x08010a58      0x5f0 /Users/andresaboia/devkitPro/devkitARM/bin/../lib/gcc/arm-none-eabi/4.9.2/../../../../arm-none-eabi/lib/thumb/libg.a(lib_a-mbtowc_r.o)
                0x08010a58                __utf8_mbtowc
                0x08010d14                _mbtowc_r
                0x08010d50                __ascii_mbtowc
                0x08010d7c                __sjis_mbtowc
                0x08010e30                __eucjp_mbtowc
                0x08010f00                __jis_mbtowc
 .text          0x08011048       0x8c /Users/andresaboia/devkitPro/devkitARM/bin/../lib/gcc/arm-none-eabi/4.9.2/../../../../arm-none-eabi/lib/thumb/libg.a(lib_a-memchr-stub.o)
                0x08011048                memchr
 *fill*         0x080110d4        0x4 ff
 .text          0x080110d8      0x9c0 /Users/andresaboia/devkitPro/devkitARM/bin/../lib/gcc/arm-none-eabi/4.9.2/../../../../arm-none-eabi/lib/thumb/libg.a(lib_a-mprec.o)
                0x080110d8                _Balloc
                0x0801112c                _Bfree
                0x08011140                __multadd
                0x080111dc                __s2b
                0x08011278                __hi0bits
                0x080112b4                __lo0bits
                0x08011310                __i2b
                0x08011328                __multiply
                0x08011490                __pow5mult
                0x08011550                __lshift
                0x08011620                __mcmp
                0x0801165c                __mdiff
                0x08011748                __ulp
                0x08011798                __b2d
                0x08011878                __d2b
                0x08011938                __ratio
                0x080119ac                _mprec_log10
                0x080119ec                __copybits
                0x08011a30                __any_on
 .text          0x08011a98       0x5c /Users/andresaboia/devkitPro/devkitARM/bin/../lib/gcc/arm-none-eabi/4.9.2/../../../../arm-none-eabi/lib/thumb/libg.a(lib_a-s_fpclassify.o)
                0x08011a98                __fpclassifyd
 *fill*         0x08011af4        0x4 ff
 .text          0x08011af8       0x80 /Users/andresaboia/devkitPro/devkitARM/bin/../lib/gcc/arm-none-eabi/4.9.2/../../../../arm-none-eabi/lib/thumb/libg.a(lib_a-s_frexp.o)
                0x08011af8                frexp
 .text          0x08011b78       0x58 /Users/andresaboia/devkitPro/devkitARM/bin/../lib/gcc/arm-none-eabi/4.9.2/../../../../arm-none-eabi/lib/thumb/libg.a(lib_a-strcasecmp.o)
                0x08011b78                strcasecmp
 .text          0x08011bd0       0x54 /Users/andresaboia/devkitPro/devkitARM/bin/../lib/gcc/arm-none-eabi/4.9.2/../../../../arm-none-eabi/lib/thumb/libg.a(lib_a-strcat.o)
                0x08011bd0                strcat
 .text          0x08011c24       0xdc /Users/andresaboia/devkitPro/devkitARM/bin/../lib/gcc/arm-none-eabi/4.9.2/../../../../arm-none-eabi/lib/thumb/libg.a(lib_a-strchr.o)
                0x08011c24                strchr
 .text          0x08011d00       0x14 /Users/andresaboia/devkitPro/devkitARM/bin/../lib/gcc/arm-none-eabi/4.9.2/../../../../arm-none-eabi/lib/thumb/libg.a(lib_a-strcmp.o)
                0x08011d00                strcmp
 .text          0x08011d14       0x10 /Users/andresaboia/devkitPro/devkitARM/bin/../lib/gcc/arm-none-eabi/4.9.2/../../../../arm-none-eabi/lib/thumb/libg.a(lib_a-strcpy.o)
                0x08011d14                strcpy
 .text          0x08011d24       0x4c /Users/andresaboia/devkitPro/devkitARM/bin/../lib/gcc/arm-none-eabi/4.9.2/../../../../arm-none-eabi/lib/thumb/libg.a(lib_a-strlcpy.o)
                0x08011d24                strlcpy
 .text          0x08011d70       0x5c /Users/andresaboia/devkitPro/devkitARM/bin/../lib/gcc/arm-none-eabi/4.9.2/../../../../arm-none-eabi/lib/thumb/libg.a(lib_a-strncasecmp.o)
                0x08011d70                strncasecmp
 .text          0x08011dcc       0x98 /Users/andresaboia/devkitPro/devkitARM/bin/../lib/gcc/arm-none-eabi/4.9.2/../../../../arm-none-eabi/lib/thumb/libg.a(lib_a-strncmp.o)
                0x08011dcc                strncmp
 .text          0x08011e64       0x7c /Users/andresaboia/devkitPro/devkitARM/bin/../lib/gcc/arm-none-eabi/4.9.2/../../../../arm-none-eabi/lib/thumb/libg.a(lib_a-strncpy.o)
                0x08011e64                strncpy
 .text          0x08011ee0      0x17c /Users/andresaboia/devkitPro/devkitARM/bin/../lib/gcc/arm-none-eabi/4.9.2/../../../../arm-none-eabi/lib/thumb/libg.a(lib_a-strtol.o)
                0x08011ee0                _strtol_r
                0x0801203c                strtol
 .text          0x0801205c     0x2368 /Users/andresaboia/devkitPro/devkitARM/bin/../lib/gcc/arm-none-eabi/4.9.2/../../../../arm-none-eabi/lib/thumb/libg.a(lib_a-svfiprintf.o)
                0x0801250c                __ssprint_r
                0x08012640                _svfiprintf_r
 .text          0x080143c4      0x13c /Users/andresaboia/devkitPro/devkitARM/bin/../lib/gcc/arm-none-eabi/4.9.2/../../../../arm-none-eabi/lib/thumb/libg.a(lib_a-wcsnrtombs.o)
                0x080143c4                _wcsnrtombs_r
                0x080144d0                wcsnrtombs
 .text          0x08014500       0x64 /Users/andresaboia/devkitPro/devkitARM/bin/../lib/gcc/arm-none-eabi/4.9.2/../../../../arm-none-eabi/lib/thumb/libg.a(lib_a-callocr.o)
                0x08014500                _calloc_r
 .text          0x08014564       0x10 /Users/andresaboia/devkitPro/devkitARM/bin/../lib/gcc/arm-none-eabi/4.9.2/../../../../arm-none-eabi/lib/thumb/libg.a(lib_a-ctype_.o)
                0x08014564                __set_ctype
 .text          0x08014574       0xa8 /Users/andresaboia/devkitPro/devkitARM/bin/../lib/gcc/arm-none-eabi/4.9.2/../../../../arm-none-eabi/lib/thumb/libg.a(lib_a-getenv_r.o)
                0x08014574                _findenv_r
                0x0801460c                _getenv_r
 .text          0x0801461c       0x9c /Users/andresaboia/devkitPro/devkitARM/bin/../lib/gcc/arm-none-eabi/4.9.2/../../../../arm-none-eabi/lib/thumb/libg.a(lib_a-memmove.o)
                0x0801461c                memmove
 .text          0x080146b8      0x3dc /Users/andresaboia/devkitPro/devkitARM/bin/../lib/gcc/arm-none-eabi/4.9.2/../../../../arm-none-eabi/lib/thumb/libg.a(lib_a-reallocr.o)
                0x080146b8                _realloc_r
 .text          0x08014a94        0x0 /Users/andresaboia/devkitPro/devkitARM/bin/../lib/gcc/arm-none-eabi/4.9.2/../../../../arm-none-eabi/lib/thumb/libg.a(lib_a-environ.o)
 .text          0x08014a94        0x8 /Users/andresaboia/devkitPro/devkitARM/bin/../lib/gcc/arm-none-eabi/4.9.2/../../../../arm-none-eabi/lib/thumb/libg.a(lib_a-envlock.o)
                0x08014a94                __env_lock
                0x08014a98                __env_unlock
 .text          0x08014a9c       0x54 /Users/andresaboia/devkitPro/devkitARM/bin/../lib/gcc/arm-none-eabi/4.9.2/../../../../arm-none-eabi/lib/thumb/libsysbase.a(sbrk.o)
                0x08014a9c                _sbrk_r
 .text          0x08014af0        0x0 /Users/andresaboia/devkitPro/devkitARM/bin/../lib/gcc/arm-none-eabi/4.9.2/../../../../arm-none-eabi/lib/thumb/libsysbase.a(malloc_vars.o)
 .text          0x08014af0      0x144 /Users/andresaboia/devkitPro/devkitARM/bin/../lib/gcc/arm-none-eabi/4.9.2/thumb/libgcc.a(_arm_cmpdf2.o)
                0x08014af0                __gtdf2
                0x08014af0                __gedf2
                0x08014af8                __ltdf2
                0x08014af8                __ledf2
                0x08014b00                __eqdf2
                0x08014b00                __nedf2
                0x08014b00                __cmpdf2
                0x08014b88                __aeabi_cdrcmple
                0x08014ba4                __aeabi_cdcmple
                0x08014ba4                __aeabi_cdcmpeq
                0x08014bbc                __aeabi_dcmpeq
                0x08014bd4                __aeabi_dcmplt
                0x08014bec                __aeabi_dcmple
                0x08014c04                __aeabi_dcmpge
                0x08014c1c                __aeabi_dcmpgt
 .text          0x08014c34       0x3c /Users/andresaboia/devkitPro/devkitARM/bin/../lib/gcc/arm-none-eabi/4.9.2/thumb/libgcc.a(_aeabi_uldivmod.o)
                0x08014c34                __aeabi_uldivmod
 .text          0x08014c70       0x74 /Users/andresaboia/devkitPro/devkitARM/bin/../lib/gcc/arm-none-eabi/4.9.2/thumb/libgcc.a(bpabi.o)
                0x08014c70                __gnu_ldivmod_helper
                0x08014cac                __gnu_uldivmod_helper
 .text          0x08014ce4       0x60 /Users/andresaboia/devkitPro/devkitARM/bin/../lib/gcc/arm-none-eabi/4.9.2/thumb/libgcc.a(_muldi3.o)
                0x08014ce4                __aeabi_lmul
                0x08014ce4                __muldi3
 .text          0x08014d44      0x1f4 /Users/andresaboia/devkitPro/devkitARM/bin/../lib/gcc/arm-none-eabi/4.9.2/thumb/libgcc.a(_divdi3.o)
                0x08014d44                __divdi3
 .text          0x08014f38      0x15c /Users/andresaboia/devkitPro/devkitARM/bin/../lib/gcc/arm-none-eabi/4.9.2/thumb/libgcc.a(_udivdi3.o)
                0x08014f38                __udivdi3
 .text          0x08015094       0x28 /Users/andresaboia/devkitPro/devkitARM/bin/../lib/gcc/arm-none-eabi/4.9.2/thumb/libgcc.a(_clzdi2.o)
                0x08015094                __clzdi2
 .text          0x080150bc       0x48 /Users/andresaboia/devkitPro/devkitARM/bin/../lib/gcc/arm-none-eabi/4.9.2/thumb/libgcc.a(_clzsi2.o)
                0x080150bc                __clzsi2
 .text          0x08015104        0x0 /Users/andresaboia/devkitPro/devkitARM/bin/../lib/gcc/arm-none-eabi/4.9.2/thumb/crtend.o
 .text          0x08015104        0x0 /Users/andresaboia/devkitPro/devkitARM/bin/../lib/gcc/arm-none-eabi/4.9.2/thumb/crtn.o
 *(.text .stub .text.* .gnu.linkonce.t.*)
 .text.startup  0x08015104      0x110 main.o
                0x08015104                main
 *fill*         0x08015214        0x4 ff
 .text.startup.__stub
                0x08015218       0xb4 linker stubs
 *(.text.*personality*)
 *(.gnu.warning)
 *(.glue_7t)
 .glue_7t       0x00000000        0x0 linker stubs
 *(.glue_7)
 .glue_7        0x00000000        0x0 linker stubs
 *(.vfp11_veneer)
 .vfp11_veneer  0x00000000        0x0 linker stubs
                0x080152cc                . = ALIGN (0x4)
                0x080152cc                __text_end = .

.v4_bx          0x080152d8        0x0
 .v4_bx         0x00000000        0x0 linker stubs

.iplt           0x080152d8        0x0
 .iplt          0x00000000        0x0 /Users/andresaboia/devkitPro/devkitARM/bin/../lib/gcc/arm-none-eabi/4.9.2/../../../../arm-none-eabi/lib/thumb/gba_crt0.o

.fini           0x080152d8        0xc
 *(.fini)
 .fini          0x080152d8        0x4 /Users/andresaboia/devkitPro/devkitARM/bin/../lib/gcc/arm-none-eabi/4.9.2/thumb/crti.o
                0x080152d8                _fini
 .fini          0x080152dc        0x8 /Users/andresaboia/devkitPro/devkitARM/bin/../lib/gcc/arm-none-eabi/4.9.2/thumb/crtn.o
                0x080152e4                . = ALIGN (0x4)

.rodata         0x080152e8   0x285a08
 *(.rodata)
 .rodata        0x080152e8   0x284900 main.o
                0x08015480                fontTiles
                0x080189b8                title_Palette
                0x08018bb8                title_Bitmap
                0x080221b8                Water_Tiles
                0x08022278                Water_Map
                0x08022a78                sprite_data_2d_8bppTiles
                0x08026a80                id_stand
                0x08026a90                id_walk
                0x08026b10                Home_Farm_Tiles
                0x08027e50                Home_Farm_Map
                0x0802eed0                Home_Farm_Hitmap_Tiles
                0x0802f610                Home_Farm_Hitmap_Map
                0x08036690                Map_Palette
                0x08036890                sprite_data_2d_8bppPal
                0x08036a90                Other_Farm1_Tiles
                0x08037bd0                Other_Farm1_Map
                0x0803f5b0                Other_Farm1_Hitmap_Map
                0x08046f90                Other_Farm1_Hitmap_Tiles
                0x080476d0                Other_Farm2_Tiles
                0x08048810                Other_Farm2_Map
                0x080501f0                Other_Farm2_Hitmap_Tiles
                0x08050930                Other_Farm2_Hitmap_Map
                0x08058310                Other_Farm3_Tiles
                0x08059350                Other_Farm3_Map
                0x08060d30                Other_Farm3_Hitmap_Tiles
                0x08061470                Other_Farm3_Hitmap_Map
                0x08068e50                Town_Tiles
                0x08069e90                Town_Map
                0x08073490                Town_Hitmap_Tiles
                0x08073a50                Town_Hitmap_Map
                0x0807d050                Road1_Tiles
                0x0807e090                Road1_Map
                0x080944d0                Road1_Hitmap_Tiles
                0x08094a90                Road1_Hitmap_Map
                0x080aaed0                background
                0x08273f40                story
                0x0828bba0                select
                0x0828bca0                spurs
                0x0828ec58                openning
                0x08293768                rooster
                0x082975d8                digging
                0x082999e8                fontPal
 .rodata        0x08299be8      0x384 /Users/andresaboia/devkitPro/devkitARM/bin/../lib/gcc/arm-none-eabi/4.9.2/../../../../arm-none-eabi/lib/thumb/libg.a(lib_a-svfprintf.o)
 .rodata        0x08299f6c        0x4 /Users/andresaboia/devkitPro/devkitARM/bin/../lib/gcc/arm-none-eabi/4.9.2/../../../../arm-none-eabi/lib/thumb/libg.a(lib_a-impure.o)
                0x08299f6c                _global_impure_ptr
 .rodata        0x08299f70       0xf0 /Users/andresaboia/devkitPro/devkitARM/bin/../lib/gcc/arm-none-eabi/4.9.2/../../../../arm-none-eabi/lib/thumb/libg.a(lib_a-locale.o)
 .rodata        0x0829a060       0xa8 /Users/andresaboia/devkitPro/devkitARM/bin/../lib/gcc/arm-none-eabi/4.9.2/../../../../arm-none-eabi/lib/thumb/libg.a(lib_a-mbtowc_r.o)
 .rodata        0x0829a108      0x128 /Users/andresaboia/devkitPro/devkitARM/bin/../lib/gcc/arm-none-eabi/4.9.2/../../../../arm-none-eabi/lib/thumb/libg.a(lib_a-mprec.o)
                0x0829a118                __mprec_tens
                0x0829a1e0                __mprec_tinytens
                0x0829a208                __mprec_bigtens
 .rodata        0x0829a230      0x55c /Users/andresaboia/devkitPro/devkitARM/bin/../lib/gcc/arm-none-eabi/4.9.2/../../../../arm-none-eabi/lib/thumb/libg.a(lib_a-svfiprintf.o)
                0x0829a594                __chclass
                0x0829a694                __state_table
                0x0829a700                __action_table
 .rodata        0x0829a78c      0x104 /Users/andresaboia/devkitPro/devkitARM/bin/../lib/gcc/arm-none-eabi/4.9.2/../../../../arm-none-eabi/lib/thumb/libg.a(lib_a-ctype_.o)
                0x0829a78c                _ctype_
 *all.rodata*(*)
 *(.roda)
 *(.rodata.*)
 .rodata.str1.4
                0x0829a890      0x2e2 main.o
                                0x300 (size before relaxing)
 *fill*         0x0829ab72        0x2 ff
 .rodata.str1.4
                0x0829ab74       0x42 /Users/andresaboia/devkitPro/devkitARM/bin/../lib/gcc/arm-none-eabi/4.9.2/../../../../arm-none-eabi/lib/thumb/libg.a(lib_a-svfprintf.o)
                                 0x44 (size before relaxing)
 *fill*         0x0829abb6        0x2 ff
 .rodata.str1.4
                0x0829abb8       0x10 /Users/andresaboia/devkitPro/devkitARM/bin/../lib/gcc/arm-none-eabi/4.9.2/../../../../arm-none-eabi/lib/thumb/libg.a(lib_a-dtoa.o)
                                 0x14 (size before relaxing)
 .rodata.str1.4
                0x00000000        0x4 /Users/andresaboia/devkitPro/devkitARM/bin/../lib/gcc/arm-none-eabi/4.9.2/../../../../arm-none-eabi/lib/thumb/libg.a(lib_a-impure.o)
 .rodata.str1.4
                0x0829abc8      0x128 /Users/andresaboia/devkitPro/devkitARM/bin/../lib/gcc/arm-none-eabi/4.9.2/../../../../arm-none-eabi/lib/thumb/libg.a(lib_a-locale.o)
                                0x130 (size before relaxing)
 .rodata.str1.4
                0x00000000       0x30 /Users/andresaboia/devkitPro/devkitARM/bin/../lib/gcc/arm-none-eabi/4.9.2/../../../../arm-none-eabi/lib/thumb/libg.a(lib_a-svfiprintf.o)
 *(.gnu.linkonce.r*)
                0x0829acf0                . = ALIGN (0x4)

.rel.dyn        0x0829acf0        0x0
 .rel.iplt      0x00000000        0x0 /Users/andresaboia/devkitPro/devkitARM/bin/../lib/gcc/arm-none-eabi/4.9.2/../../../../arm-none-eabi/lib/thumb/gba_crt0.o

.ARM.extab
 *(.ARM.extab* .gnu.linkonce.armextab.*)
                0x0829acf0                __exidx_start = .

.ARM.exidx
 *(.ARM.exidx* .gnu.linkonce.armexidx.*)
                0x0829acf0                __exidx_end = .

.ctors          0x0829acf0        0x0
 *crtbegin.o(.ctors)
 *(EXCLUDE_FILE(*crtend.o) .ctors)
 *(SORT(.ctors.*))
 *(.ctors)
                0x0829acf0                . = ALIGN (0x4)

.dtors          0x0829acf0        0x0
 *crtbegin.o(.dtors)
 *(EXCLUDE_FILE(*crtend.o) .dtors)
 *(SORT(.dtors.*))
 *(.dtors)
                0x0829acf0                . = ALIGN (0x4)

.eh_frame       0x0829acf0        0x4
 *(.eh_frame)
 .eh_frame      0x0829acf0        0x0 /Users/andresaboia/devkitPro/devkitARM/bin/../lib/gcc/arm-none-eabi/4.9.2/thumb/crtbegin.o
 .eh_frame      0x0829acf0        0x4 /Users/andresaboia/devkitPro/devkitARM/bin/../lib/gcc/arm-none-eabi/4.9.2/thumb/crtend.o
                0x0829acf4                . = ALIGN (0x4)

.gcc_except_table
                0x0829acf4        0x0
 *(.gcc_except_table)
                0x0829acf4                . = ALIGN (0x4)
                0x0829acf4                __iwram_lma = .

.iwram          0x03000000        0x0 load address 0x0829acf4
                0x03000000                __iwram_start__ = ABSOLUTE (.)
 *(.iwram)
 *iwram.*(.text)
                0x03000000                . = ALIGN (0x4)
                0x03000000                __iwram_end__ = ABSOLUTE (.)
                0x0829acf4                __data_lma = (__iwram_lma + SIZEOF (.iwram))

.bss            0x03000000      0x694
                0x03000000                __bss_start = ABSOLUTE (.)
                0x03000000                __bss_start__ = ABSOLUTE (.)
 *(.dynbss)
 *(.gnu.linkonce.b*)
 *(.bss*)
 .bss           0x03000000        0x0 /Users/andresaboia/devkitPro/devkitARM/bin/../lib/gcc/arm-none-eabi/4.9.2/../../../../arm-none-eabi/lib/thumb/gba_crt0.o
 .bss           0x03000000        0x0 /Users/andresaboia/devkitPro/devkitARM/bin/../lib/gcc/arm-none-eabi/4.9.2/thumb/crti.o
 .bss           0x03000000       0x1c /Users/andresaboia/devkitPro/devkitARM/bin/../lib/gcc/arm-none-eabi/4.9.2/thumb/crtbegin.o
 .bss           0x0300001c        0x8 main.o
                0x0300001c                SampleLength
                0x0300001e                SamplePosition
                0x03000020                track
 .bss           0x03000024        0x0 /Users/andresaboia/devkitPro/devkitARM/bin/../lib/gcc/arm-none-eabi/4.9.2/thumb/libgcc.a(_udivsi3.o)
 .bss           0x03000024        0x0 /Users/andresaboia/devkitPro/devkitARM/bin/../lib/gcc/arm-none-eabi/4.9.2/thumb/libgcc.a(_divsi3.o)
 .bss           0x03000024        0x0 /Users/andresaboia/devkitPro/devkitARM/bin/../lib/gcc/arm-none-eabi/4.9.2/thumb/libgcc.a(_dvmd_tls.o)
 .bss           0x03000024        0x0 /Users/andresaboia/devkitPro/devkitARM/bin/../lib/gcc/arm-none-eabi/4.9.2/thumb/libgcc.a(_arm_addsubdf3.o)
 .bss           0x03000024        0x0 /Users/andresaboia/devkitPro/devkitARM/bin/../lib/gcc/arm-none-eabi/4.9.2/thumb/libgcc.a(_arm_muldivdf3.o)
 .bss           0x03000024        0x0 /Users/andresaboia/devkitPro/devkitARM/bin/../lib/gcc/arm-none-eabi/4.9.2/thumb/libgcc.a(_arm_fixdfsi.o)
 .bss           0x03000024        0x0 /Users/andresaboia/devkitPro/devkitARM/bin/../lib/gcc/arm-none-eabi/4.9.2/thumb/libgcc.a(_arm_fixunsdfsi.o)
 .bss           0x03000024        0x0 /Users/andresaboia/devkitPro/devkitARM/bin/../lib/gcc/arm-none-eabi/4.9.2/../../../../arm-none-eabi/lib/thumb/libg.a(lib_a-init.o)
 .bss           0x03000024        0x0 /Users/andresaboia/devkitPro/devkitARM/bin/../lib/gcc/arm-none-eabi/4.9.2/../../../../arm-none-eabi/lib/thumb/libg.a(lib_a-malloc.o)
 .bss           0x03000024       0x34 /Users/andresaboia/devkitPro/devkitARM/bin/../lib/gcc/arm-none-eabi/4.9.2/../../../../arm-none-eabi/lib/thumb/libg.a(lib_a-mallocr.o)
                0x03000024                __malloc_top_pad
                0x03000028                __malloc_current_mallinfo
                0x03000050                __malloc_max_sbrked_mem
                0x03000054                __malloc_max_total_mem
 .bss           0x03000058        0x0 /Users/andresaboia/devkitPro/devkitARM/bin/../lib/gcc/arm-none-eabi/4.9.2/../../../../arm-none-eabi/lib/thumb/libg.a(lib_a-memcpy-stub.o)
 .bss           0x03000058        0x0 /Users/andresaboia/devkitPro/devkitARM/bin/../lib/gcc/arm-none-eabi/4.9.2/../../../../arm-none-eabi/lib/thumb/libg.a(lib_a-memset.o)
 .bss           0x03000058        0x0 /Users/andresaboia/devkitPro/devkitARM/bin/../lib/gcc/arm-none-eabi/4.9.2/../../../../arm-none-eabi/lib/thumb/libg.a(lib_a-mlock.o)
 .bss           0x03000058        0x0 /Users/andresaboia/devkitPro/devkitARM/bin/../lib/gcc/arm-none-eabi/4.9.2/../../../../arm-none-eabi/lib/thumb/libg.a(lib_a-sprintf.o)
 .bss           0x03000058        0x0 /Users/andresaboia/devkitPro/devkitARM/bin/../lib/gcc/arm-none-eabi/4.9.2/../../../../arm-none-eabi/lib/thumb/libg.a(lib_a-strlen.o)
 .bss           0x03000058        0x0 /Users/andresaboia/devkitPro/devkitARM/bin/../lib/gcc/arm-none-eabi/4.9.2/../../../../arm-none-eabi/lib/thumb/libg.a(lib_a-svfprintf.o)
 .bss           0x03000058        0x0 /Users/andresaboia/devkitPro/devkitARM/bin/../lib/gcc/arm-none-eabi/4.9.2/../../../../arm-none-eabi/lib/thumb/libg.a(lib_a-wcrtomb.o)
 .bss           0x03000058        0x0 /Users/andresaboia/devkitPro/devkitARM/bin/../lib/gcc/arm-none-eabi/4.9.2/../../../../arm-none-eabi/lib/thumb/libg.a(lib_a-wcsrtombs.o)
 .bss           0x03000058        0x0 /Users/andresaboia/devkitPro/devkitARM/bin/../lib/gcc/arm-none-eabi/4.9.2/../../../../arm-none-eabi/lib/thumb/libg.a(lib_a-wctomb_r.o)
 .bss           0x03000058        0x0 /Users/andresaboia/devkitPro/devkitARM/bin/../lib/gcc/arm-none-eabi/4.9.2/../../../../arm-none-eabi/lib/thumb/libg.a(lib_a-dtoa.o)
 .bss           0x03000058        0x0 /Users/andresaboia/devkitPro/devkitARM/bin/../lib/gcc/arm-none-eabi/4.9.2/../../../../arm-none-eabi/lib/thumb/libg.a(lib_a-freer.o)
 .bss           0x03000058        0x0 /Users/andresaboia/devkitPro/devkitARM/bin/../lib/gcc/arm-none-eabi/4.9.2/../../../../arm-none-eabi/lib/thumb/libg.a(lib_a-impure.o)
 .bss           0x03000058      0x2b8 /Users/andresaboia/devkitPro/devkitARM/bin/../lib/gcc/arm-none-eabi/4.9.2/../../../../arm-none-eabi/lib/thumb/libg.a(lib_a-locale.o)
                0x03000304                _PathLocale
                0x03000308                __mlocale_changed
                0x0300030c                __nlocale_changed
 .bss           0x03000310        0x0 /Users/andresaboia/devkitPro/devkitARM/bin/../lib/gcc/arm-none-eabi/4.9.2/../../../../arm-none-eabi/lib/thumb/libg.a(lib_a-mbtowc_r.o)
 .bss           0x03000310        0x0 /Users/andresaboia/devkitPro/devkitARM/bin/../lib/gcc/arm-none-eabi/4.9.2/../../../../arm-none-eabi/lib/thumb/libg.a(lib_a-memchr-stub.o)
 .bss           0x03000310        0x0 /Users/andresaboia/devkitPro/devkitARM/bin/../lib/gcc/arm-none-eabi/4.9.2/../../../../arm-none-eabi/lib/thumb/libg.a(lib_a-mprec.o)
 .bss           0x03000310        0x0 /Users/andresaboia/devkitPro/devkitARM/bin/../lib/gcc/arm-none-eabi/4.9.2/../../../../arm-none-eabi/lib/thumb/libg.a(lib_a-s_fpclassify.o)
 .bss           0x03000310        0x0 /Users/andresaboia/devkitPro/devkitARM/bin/../lib/gcc/arm-none-eabi/4.9.2/../../../../arm-none-eabi/lib/thumb/libg.a(lib_a-s_frexp.o)
 .bss           0x03000310        0x0 /Users/andresaboia/devkitPro/devkitARM/bin/../lib/gcc/arm-none-eabi/4.9.2/../../../../arm-none-eabi/lib/thumb/libg.a(lib_a-strcasecmp.o)
 .bss           0x03000310        0x0 /Users/andresaboia/devkitPro/devkitARM/bin/../lib/gcc/arm-none-eabi/4.9.2/../../../../arm-none-eabi/lib/thumb/libg.a(lib_a-strcat.o)
 .bss           0x03000310        0x0 /Users/andresaboia/devkitPro/devkitARM/bin/../lib/gcc/arm-none-eabi/4.9.2/../../../../arm-none-eabi/lib/thumb/libg.a(lib_a-strchr.o)
 .bss           0x03000310        0x0 /Users/andresaboia/devkitPro/devkitARM/bin/../lib/gcc/arm-none-eabi/4.9.2/../../../../arm-none-eabi/lib/thumb/libg.a(lib_a-strcmp.o)
 .bss           0x03000310        0x0 /Users/andresaboia/devkitPro/devkitARM/bin/../lib/gcc/arm-none-eabi/4.9.2/../../../../arm-none-eabi/lib/thumb/libg.a(lib_a-strcpy.o)
 .bss           0x03000310        0x0 /Users/andresaboia/devkitPro/devkitARM/bin/../lib/gcc/arm-none-eabi/4.9.2/../../../../arm-none-eabi/lib/thumb/libg.a(lib_a-strlcpy.o)
 .bss           0x03000310        0x0 /Users/andresaboia/devkitPro/devkitARM/bin/../lib/gcc/arm-none-eabi/4.9.2/../../../../arm-none-eabi/lib/thumb/libg.a(lib_a-strncasecmp.o)
 .bss           0x03000310        0x0 /Users/andresaboia/devkitPro/devkitARM/bin/../lib/gcc/arm-none-eabi/4.9.2/../../../../arm-none-eabi/lib/thumb/libg.a(lib_a-strncmp.o)
 .bss           0x03000310        0x0 /Users/andresaboia/devkitPro/devkitARM/bin/../lib/gcc/arm-none-eabi/4.9.2/../../../../arm-none-eabi/lib/thumb/libg.a(lib_a-strncpy.o)
 .bss           0x03000310        0x0 /Users/andresaboia/devkitPro/devkitARM/bin/../lib/gcc/arm-none-eabi/4.9.2/../../../../arm-none-eabi/lib/thumb/libg.a(lib_a-strtol.o)
 .bss           0x03000310        0x0 /Users/andresaboia/devkitPro/devkitARM/bin/../lib/gcc/arm-none-eabi/4.9.2/../../../../arm-none-eabi/lib/thumb/libg.a(lib_a-svfiprintf.o)
 .bss           0x03000310        0x0 /Users/andresaboia/devkitPro/devkitARM/bin/../lib/gcc/arm-none-eabi/4.9.2/../../../../arm-none-eabi/lib/thumb/libg.a(lib_a-wcsnrtombs.o)
 .bss           0x03000310        0x0 /Users/andresaboia/devkitPro/devkitARM/bin/../lib/gcc/arm-none-eabi/4.9.2/../../../../arm-none-eabi/lib/thumb/libg.a(lib_a-callocr.o)
 .bss           0x03000310        0x0 /Users/andresaboia/devkitPro/devkitARM/bin/../lib/gcc/arm-none-eabi/4.9.2/../../../../arm-none-eabi/lib/thumb/libg.a(lib_a-ctype_.o)
 .bss           0x03000310        0x0 /Users/andresaboia/devkitPro/devkitARM/bin/../lib/gcc/arm-none-eabi/4.9.2/../../../../arm-none-eabi/lib/thumb/libg.a(lib_a-getenv_r.o)
 .bss           0x03000310        0x0 /Users/andresaboia/devkitPro/devkitARM/bin/../lib/gcc/arm-none-eabi/4.9.2/../../../../arm-none-eabi/lib/thumb/libg.a(lib_a-memmove.o)
 .bss           0x03000310        0x0 /Users/andresaboia/devkitPro/devkitARM/bin/../lib/gcc/arm-none-eabi/4.9.2/../../../../arm-none-eabi/lib/thumb/libg.a(lib_a-reallocr.o)
 .bss           0x03000310        0x4 /Users/andresaboia/devkitPro/devkitARM/bin/../lib/gcc/arm-none-eabi/4.9.2/../../../../arm-none-eabi/lib/thumb/libg.a(lib_a-environ.o)
 .bss           0x03000314        0x0 /Users/andresaboia/devkitPro/devkitARM/bin/../lib/gcc/arm-none-eabi/4.9.2/../../../../arm-none-eabi/lib/thumb/libg.a(lib_a-envlock.o)
 .bss           0x03000314        0x4 /Users/andresaboia/devkitPro/devkitARM/bin/../lib/gcc/arm-none-eabi/4.9.2/../../../../arm-none-eabi/lib/thumb/libsysbase.a(sbrk.o)
 .bss           0x03000318        0x8 /Users/andresaboia/devkitPro/devkitARM/bin/../lib/gcc/arm-none-eabi/4.9.2/../../../../arm-none-eabi/lib/thumb/libsysbase.a(malloc_vars.o)
                0x03000318                fake_heap_start
                0x0300031c                fake_heap_end
 .bss           0x03000320        0x0 /Users/andresaboia/devkitPro/devkitARM/bin/../lib/gcc/arm-none-eabi/4.9.2/thumb/libgcc.a(_arm_cmpdf2.o)
 .bss           0x03000320        0x0 /Users/andresaboia/devkitPro/devkitARM/bin/../lib/gcc/arm-none-eabi/4.9.2/thumb/libgcc.a(_aeabi_uldivmod.o)
 .bss           0x03000320        0x0 /Users/andresaboia/devkitPro/devkitARM/bin/../lib/gcc/arm-none-eabi/4.9.2/thumb/libgcc.a(bpabi.o)
 .bss           0x03000320        0x0 /Users/andresaboia/devkitPro/devkitARM/bin/../lib/gcc/arm-none-eabi/4.9.2/thumb/libgcc.a(_muldi3.o)
 .bss           0x03000320        0x0 /Users/andresaboia/devkitPro/devkitARM/bin/../lib/gcc/arm-none-eabi/4.9.2/thumb/libgcc.a(_divdi3.o)
 .bss           0x03000320        0x0 /Users/andresaboia/devkitPro/devkitARM/bin/../lib/gcc/arm-none-eabi/4.9.2/thumb/libgcc.a(_udivdi3.o)
 .bss           0x03000320        0x0 /Users/andresaboia/devkitPro/devkitARM/bin/../lib/gcc/arm-none-eabi/4.9.2/thumb/libgcc.a(_clzdi2.o)
 .bss           0x03000320        0x0 /Users/andresaboia/devkitPro/devkitARM/bin/../lib/gcc/arm-none-eabi/4.9.2/thumb/libgcc.a(_clzsi2.o)
 .bss           0x03000320        0x0 /Users/andresaboia/devkitPro/devkitARM/bin/../lib/gcc/arm-none-eabi/4.9.2/thumb/crtend.o
 .bss           0x03000320        0x0 /Users/andresaboia/devkitPro/devkitARM/bin/../lib/gcc/arm-none-eabi/4.9.2/thumb/crtn.o
 *(COMMON)
 COMMON         0x03000320      0x374 main.o
                0x03000320                my_timers
                0x03000330                cur_water_level
                0x03000332                gameState
                0x03000334                farm_list
                0x03000654                cur_plant_holding
                0x0300065c                temp
                0x03000670                last_timers
                0x03000680                curr_ButtonState
                0x03000684                buttons
                0x0300068e                prev_ButtonState
                0x03000690                __gba_multiboot
                0x03000694                . = ALIGN (0x4)
                0x03000694                __bss_end__ = ABSOLUTE (.)

.data           0x03000694      0xb34 load address 0x0829acf4
                0x03000694                __data_start__ = ABSOLUTE (.)
 *(.data)
 .data          0x03000694        0x0 /Users/andresaboia/devkitPro/devkitARM/bin/../lib/gcc/arm-none-eabi/4.9.2/../../../../arm-none-eabi/lib/thumb/gba_crt0.o
 .data          0x03000694        0x0 /Users/andresaboia/devkitPro/devkitARM/bin/../lib/gcc/arm-none-eabi/4.9.2/thumb/crti.o
 .data          0x03000694        0x4 /Users/andresaboia/devkitPro/devkitARM/bin/../lib/gcc/arm-none-eabi/4.9.2/thumb/crtbegin.o
                0x03000694                __dso_handle
 .data          0x03000698      0x160 main.o
                0x03000698                BUTTONS
                0x0300069c                scanlineCounter
                0x030006a0                videoBuffer
                0x030006a4                backBuffer
                0x030006a8                frontBuffer
                0x030006ac                paletteMem
                0x030006b0                view_center
                0x030006b4                sprites_attributes
                0x0300074c                v_tile_quad
                0x0300075c                cur_tool_sel
                0x0300075d                cur_plant_sel
                0x03000760                plant_age
                0x03000770                name
                0x03000790                s_back
                0x0300079c                s_openning
                0x030007a8                dudeObjs
                0x030007b0                counter_seconds
                0x030007b4                counter_seconds_before
                0x030007b8                factor_hour
                0x030007bc                s_story
                0x030007c8                s_select
                0x030007d4                s_spurs
                0x030007e0                s_rooster
                0x030007ec                s_dig
 .data          0x030007f8        0x0 /Users/andresaboia/devkitPro/devkitARM/bin/../lib/gcc/arm-none-eabi/4.9.2/thumb/libgcc.a(_udivsi3.o)
 .data          0x030007f8        0x0 /Users/andresaboia/devkitPro/devkitARM/bin/../lib/gcc/arm-none-eabi/4.9.2/thumb/libgcc.a(_divsi3.o)
 .data          0x030007f8        0x0 /Users/andresaboia/devkitPro/devkitARM/bin/../lib/gcc/arm-none-eabi/4.9.2/thumb/libgcc.a(_dvmd_tls.o)
 .data          0x030007f8        0x0 /Users/andresaboia/devkitPro/devkitARM/bin/../lib/gcc/arm-none-eabi/4.9.2/thumb/libgcc.a(_arm_addsubdf3.o)
 .data          0x030007f8        0x0 /Users/andresaboia/devkitPro/devkitARM/bin/../lib/gcc/arm-none-eabi/4.9.2/thumb/libgcc.a(_arm_muldivdf3.o)
 .data          0x030007f8        0x0 /Users/andresaboia/devkitPro/devkitARM/bin/../lib/gcc/arm-none-eabi/4.9.2/thumb/libgcc.a(_arm_fixdfsi.o)
 .data          0x030007f8        0x0 /Users/andresaboia/devkitPro/devkitARM/bin/../lib/gcc/arm-none-eabi/4.9.2/thumb/libgcc.a(_arm_fixunsdfsi.o)
 .data          0x030007f8        0x0 /Users/andresaboia/devkitPro/devkitARM/bin/../lib/gcc/arm-none-eabi/4.9.2/../../../../arm-none-eabi/lib/thumb/libg.a(lib_a-init.o)
 .data          0x030007f8        0x0 /Users/andresaboia/devkitPro/devkitARM/bin/../lib/gcc/arm-none-eabi/4.9.2/../../../../arm-none-eabi/lib/thumb/libg.a(lib_a-malloc.o)
 .data          0x030007f8      0x410 /Users/andresaboia/devkitPro/devkitARM/bin/../lib/gcc/arm-none-eabi/4.9.2/../../../../arm-none-eabi/lib/thumb/libg.a(lib_a-mallocr.o)
                0x030007f8                __malloc_av_
                0x03000c00                __malloc_sbrk_base
                0x03000c04                __malloc_trim_threshold
 .data          0x03000c08        0x0 /Users/andresaboia/devkitPro/devkitARM/bin/../lib/gcc/arm-none-eabi/4.9.2/../../../../arm-none-eabi/lib/thumb/libg.a(lib_a-memcpy-stub.o)
 .data          0x03000c08        0x0 /Users/andresaboia/devkitPro/devkitARM/bin/../lib/gcc/arm-none-eabi/4.9.2/../../../../arm-none-eabi/lib/thumb/libg.a(lib_a-memset.o)
 .data          0x03000c08        0x0 /Users/andresaboia/devkitPro/devkitARM/bin/../lib/gcc/arm-none-eabi/4.9.2/../../../../arm-none-eabi/lib/thumb/libg.a(lib_a-mlock.o)
 .data          0x03000c08        0x0 /Users/andresaboia/devkitPro/devkitARM/bin/../lib/gcc/arm-none-eabi/4.9.2/../../../../arm-none-eabi/lib/thumb/libg.a(lib_a-sprintf.o)
 .data          0x03000c08        0x0 /Users/andresaboia/devkitPro/devkitARM/bin/../lib/gcc/arm-none-eabi/4.9.2/../../../../arm-none-eabi/lib/thumb/libg.a(lib_a-strlen.o)
 .data          0x03000c08        0x0 /Users/andresaboia/devkitPro/devkitARM/bin/../lib/gcc/arm-none-eabi/4.9.2/../../../../arm-none-eabi/lib/thumb/libg.a(lib_a-svfprintf.o)
 .data          0x03000c08        0x0 /Users/andresaboia/devkitPro/devkitARM/bin/../lib/gcc/arm-none-eabi/4.9.2/../../../../arm-none-eabi/lib/thumb/libg.a(lib_a-wcrtomb.o)
 .data          0x03000c08        0x0 /Users/andresaboia/devkitPro/devkitARM/bin/../lib/gcc/arm-none-eabi/4.9.2/../../../../arm-none-eabi/lib/thumb/libg.a(lib_a-wcsrtombs.o)
 .data          0x03000c08        0x4 /Users/andresaboia/devkitPro/devkitARM/bin/../lib/gcc/arm-none-eabi/4.9.2/../../../../arm-none-eabi/lib/thumb/libg.a(lib_a-wctomb_r.o)
                0x03000c08                __wctomb
 .data          0x03000c0c        0x0 /Users/andresaboia/devkitPro/devkitARM/bin/../lib/gcc/arm-none-eabi/4.9.2/../../../../arm-none-eabi/lib/thumb/libg.a(lib_a-dtoa.o)
 .data          0x03000c0c        0x0 /Users/andresaboia/devkitPro/devkitARM/bin/../lib/gcc/arm-none-eabi/4.9.2/../../../../arm-none-eabi/lib/thumb/libg.a(lib_a-freer.o)
 *fill*         0x03000c0c        0x4 ff
 .data          0x03000c10      0x430 /Users/andresaboia/devkitPro/devkitARM/bin/../lib/gcc/arm-none-eabi/4.9.2/../../../../arm-none-eabi/lib/thumb/libg.a(lib_a-impure.o)
                0x03000c10                _impure_ptr
 .data          0x03001040      0x17c /Users/andresaboia/devkitPro/devkitARM/bin/../lib/gcc/arm-none-eabi/4.9.2/../../../../arm-none-eabi/lib/thumb/libg.a(lib_a-locale.o)
                0x03001040                __default_locale
                0x03001160                __mb_cur_max
 .data          0x030011bc        0x4 /Users/andresaboia/devkitPro/devkitARM/bin/../lib/gcc/arm-none-eabi/4.9.2/../../../../arm-none-eabi/lib/thumb/libg.a(lib_a-mbtowc_r.o)
                0x030011bc                __mbtowc
 .data          0x030011c0        0x0 /Users/andresaboia/devkitPro/devkitARM/bin/../lib/gcc/arm-none-eabi/4.9.2/../../../../arm-none-eabi/lib/thumb/libg.a(lib_a-memchr-stub.o)
 .data          0x030011c0        0x0 /Users/andresaboia/devkitPro/devkitARM/bin/../lib/gcc/arm-none-eabi/4.9.2/../../../../arm-none-eabi/lib/thumb/libg.a(lib_a-mprec.o)
 .data          0x030011c0        0x0 /Users/andresaboia/devkitPro/devkitARM/bin/../lib/gcc/arm-none-eabi/4.9.2/../../../../arm-none-eabi/lib/thumb/libg.a(lib_a-s_fpclassify.o)
 .data          0x030011c0        0x0 /Users/andresaboia/devkitPro/devkitARM/bin/../lib/gcc/arm-none-eabi/4.9.2/../../../../arm-none-eabi/lib/thumb/libg.a(lib_a-s_frexp.o)
 .data          0x030011c0        0x0 /Users/andresaboia/devkitPro/devkitARM/bin/../lib/gcc/arm-none-eabi/4.9.2/../../../../arm-none-eabi/lib/thumb/libg.a(lib_a-strcasecmp.o)
 .data          0x030011c0        0x0 /Users/andresaboia/devkitPro/devkitARM/bin/../lib/gcc/arm-none-eabi/4.9.2/../../../../arm-none-eabi/lib/thumb/libg.a(lib_a-strcat.o)
 .data          0x030011c0        0x0 /Users/andresaboia/devkitPro/devkitARM/bin/../lib/gcc/arm-none-eabi/4.9.2/../../../../arm-none-eabi/lib/thumb/libg.a(lib_a-strchr.o)
 .data          0x030011c0        0x0 /Users/andresaboia/devkitPro/devkitARM/bin/../lib/gcc/arm-none-eabi/4.9.2/../../../../arm-none-eabi/lib/thumb/libg.a(lib_a-strcmp.o)
 .data          0x030011c0        0x0 /Users/andresaboia/devkitPro/devkitARM/bin/../lib/gcc/arm-none-eabi/4.9.2/../../../../arm-none-eabi/lib/thumb/libg.a(lib_a-strcpy.o)
 .data          0x030011c0        0x0 /Users/andresaboia/devkitPro/devkitARM/bin/../lib/gcc/arm-none-eabi/4.9.2/../../../../arm-none-eabi/lib/thumb/libg.a(lib_a-strlcpy.o)
 .data          0x030011c0        0x0 /Users/andresaboia/devkitPro/devkitARM/bin/../lib/gcc/arm-none-eabi/4.9.2/../../../../arm-none-eabi/lib/thumb/libg.a(lib_a-strncasecmp.o)
 .data          0x030011c0        0x0 /Users/andresaboia/devkitPro/devkitARM/bin/../lib/gcc/arm-none-eabi/4.9.2/../../../../arm-none-eabi/lib/thumb/libg.a(lib_a-strncmp.o)
 .data          0x030011c0        0x0 /Users/andresaboia/devkitPro/devkitARM/bin/../lib/gcc/arm-none-eabi/4.9.2/../../../../arm-none-eabi/lib/thumb/libg.a(lib_a-strncpy.o)
 .data          0x030011c0        0x0 /Users/andresaboia/devkitPro/devkitARM/bin/../lib/gcc/arm-none-eabi/4.9.2/../../../../arm-none-eabi/lib/thumb/libg.a(lib_a-strtol.o)
 .data          0x030011c0        0x0 /Users/andresaboia/devkitPro/devkitARM/bin/../lib/gcc/arm-none-eabi/4.9.2/../../../../arm-none-eabi/lib/thumb/libg.a(lib_a-svfiprintf.o)
 .data          0x030011c0        0x0 /Users/andresaboia/devkitPro/devkitARM/bin/../lib/gcc/arm-none-eabi/4.9.2/../../../../arm-none-eabi/lib/thumb/libg.a(lib_a-wcsnrtombs.o)
 .data          0x030011c0        0x0 /Users/andresaboia/devkitPro/devkitARM/bin/../lib/gcc/arm-none-eabi/4.9.2/../../../../arm-none-eabi/lib/thumb/libg.a(lib_a-callocr.o)
 .data          0x030011c0        0x4 /Users/andresaboia/devkitPro/devkitARM/bin/../lib/gcc/arm-none-eabi/4.9.2/../../../../arm-none-eabi/lib/thumb/libg.a(lib_a-ctype_.o)
                0x030011c0                __ctype_ptr__
 .data          0x030011c4        0x0 /Users/andresaboia/devkitPro/devkitARM/bin/../lib/gcc/arm-none-eabi/4.9.2/../../../../arm-none-eabi/lib/thumb/libg.a(lib_a-getenv_r.o)
 .data          0x030011c4        0x0 /Users/andresaboia/devkitPro/devkitARM/bin/../lib/gcc/arm-none-eabi/4.9.2/../../../../arm-none-eabi/lib/thumb/libg.a(lib_a-memmove.o)
 .data          0x030011c4        0x0 /Users/andresaboia/devkitPro/devkitARM/bin/../lib/gcc/arm-none-eabi/4.9.2/../../../../arm-none-eabi/lib/thumb/libg.a(lib_a-reallocr.o)
 .data          0x030011c4        0x4 /Users/andresaboia/devkitPro/devkitARM/bin/../lib/gcc/arm-none-eabi/4.9.2/../../../../arm-none-eabi/lib/thumb/libg.a(lib_a-environ.o)
                0x030011c4                environ
 .data          0x030011c8        0x0 /Users/andresaboia/devkitPro/devkitARM/bin/../lib/gcc/arm-none-eabi/4.9.2/../../../../arm-none-eabi/lib/thumb/libg.a(lib_a-envlock.o)
 .data          0x030011c8        0x0 /Users/andresaboia/devkitPro/devkitARM/bin/../lib/gcc/arm-none-eabi/4.9.2/../../../../arm-none-eabi/lib/thumb/libsysbase.a(sbrk.o)
 .data          0x030011c8        0x0 /Users/andresaboia/devkitPro/devkitARM/bin/../lib/gcc/arm-none-eabi/4.9.2/../../../../arm-none-eabi/lib/thumb/libsysbase.a(malloc_vars.o)
 .data          0x030011c8        0x0 /Users/andresaboia/devkitPro/devkitARM/bin/../lib/gcc/arm-none-eabi/4.9.2/thumb/libgcc.a(_arm_cmpdf2.o)
 .data          0x030011c8        0x0 /Users/andresaboia/devkitPro/devkitARM/bin/../lib/gcc/arm-none-eabi/4.9.2/thumb/libgcc.a(_aeabi_uldivmod.o)
 .data          0x030011c8        0x0 /Users/andresaboia/devkitPro/devkitARM/bin/../lib/gcc/arm-none-eabi/4.9.2/thumb/libgcc.a(bpabi.o)
 .data          0x030011c8        0x0 /Users/andresaboia/devkitPro/devkitARM/bin/../lib/gcc/arm-none-eabi/4.9.2/thumb/libgcc.a(_muldi3.o)
 .data          0x030011c8        0x0 /Users/andresaboia/devkitPro/devkitARM/bin/../lib/gcc/arm-none-eabi/4.9.2/thumb/libgcc.a(_divdi3.o)
 .data          0x030011c8        0x0 /Users/andresaboia/devkitPro/devkitARM/bin/../lib/gcc/arm-none-eabi/4.9.2/thumb/libgcc.a(_udivdi3.o)
 .data          0x030011c8        0x0 /Users/andresaboia/devkitPro/devkitARM/bin/../lib/gcc/arm-none-eabi/4.9.2/thumb/libgcc.a(_clzdi2.o)
 .data          0x030011c8        0x0 /Users/andresaboia/devkitPro/devkitARM/bin/../lib/gcc/arm-none-eabi/4.9.2/thumb/libgcc.a(_clzsi2.o)
 .data          0x030011c8        0x0 /Users/andresaboia/devkitPro/devkitARM/bin/../lib/gcc/arm-none-eabi/4.9.2/thumb/crtend.o
 .data          0x030011c8        0x0 /Users/andresaboia/devkitPro/devkitARM/bin/../lib/gcc/arm-none-eabi/4.9.2/thumb/crtn.o
 *(.data.*)
 *(.gnu.linkonce.d*)
                0x030011c8                . = ALIGN (0x4)
                0x0829b828                __preinit_lma = (__data_lma + SIZEOF (.data))

.igot.plt       0x030011c8        0x0 load address 0x0829b828
 .igot.plt      0x00000000        0x0 /Users/andresaboia/devkitPro/devkitARM/bin/../lib/gcc/arm-none-eabi/4.9.2/../../../../arm-none-eabi/lib/thumb/gba_crt0.o

.tm_clone_table
                0x030011c8        0x0 load address 0x0829b828
 .tm_clone_table
                0x030011c8        0x0 /Users/andresaboia/devkitPro/devkitARM/bin/../lib/gcc/arm-none-eabi/4.9.2/thumb/crtbegin.o
 .tm_clone_table
                0x030011c8        0x0 /Users/andresaboia/devkitPro/devkitARM/bin/../lib/gcc/arm-none-eabi/4.9.2/thumb/crtend.o

.preinit_array  0x030011c8        0x0 load address 0x0829b828
                0x030011c8                __preinit_array_start = ABSOLUTE (.)
 *(.preinit_array)
                0x030011c8                __preinit_array_end = ABSOLUTE (.)
                0x0829b828                __init_lma = (__preinit_lma + SIZEOF (.preinit_array))

.init_array     0x030011c8        0x4 load address 0x0829b828
                0x030011c8                __init_array_start = ABSOLUTE (.)
 *(SORT(.init_array.*))
 *(.init_array)
 .init_array    0x030011c8        0x4 /Users/andresaboia/devkitPro/devkitARM/bin/../lib/gcc/arm-none-eabi/4.9.2/thumb/crtbegin.o
                0x030011cc                __init_array_end = ABSOLUTE (.)
                0x0829b82c                __fini_lma = (__init_lma + SIZEOF (.init_array))

.fini_array     0x030011cc        0x4 load address 0x0829b82c
                0x030011cc                __fini_array_start = ABSOLUTE (.)
 *(SORT(.fini_array.*))
 *(.fini_array)
 .fini_array    0x030011cc        0x4 /Users/andresaboia/devkitPro/devkitARM/bin/../lib/gcc/arm-none-eabi/4.9.2/thumb/crtbegin.o
                0x030011d0                __fini_array_end = ABSOLUTE (.)
                0x0829b830                __jcr_lma = (__fini_lma + SIZEOF (.fini_array))

.jcr            0x030011d0        0x4 load address 0x0829b830
 *(.jcr)
 .jcr           0x030011d0        0x0 /Users/andresaboia/devkitPro/devkitARM/bin/../lib/gcc/arm-none-eabi/4.9.2/thumb/crtbegin.o
 .jcr           0x030011d0        0x4 /Users/andresaboia/devkitPro/devkitARM/bin/../lib/gcc/arm-none-eabi/4.9.2/thumb/crtend.o
                0x030011d4                __data_end__ = ABSOLUTE (.)
                0x0829b834                __iwram_overlay_lma = (__jcr_lma + SIZEOF (.jcr))
                0x030011d4                __iwram_overlay_start = .

.iwram0         0x030011d4        0x0 load address 0x0829b834
 *(.iwram0)
                0x030011d4                . = ALIGN (0x4)
                0x0829b834                PROVIDE (__load_start_iwram0, LOADADDR (.iwram0))
                0x0829b834                PROVIDE (__load_stop_iwram0, (LOADADDR (.iwram0) + SIZEOF (.iwram0)))

.iwram1         0x030011d4        0x0
 *(.iwram1)
                0x030011d4                . = ALIGN (0x4)
                0x030011d4                PROVIDE (__load_start_iwram1, LOADADDR (.iwram1))
                0x030011d4                PROVIDE (__load_stop_iwram1, (LOADADDR (.iwram1) + SIZEOF (.iwram1)))

.iwram2         0x030011d4        0x0
 *(.iwram2)
                0x030011d4                . = ALIGN (0x4)
                0x030011d4                PROVIDE (__load_start_iwram2, LOADADDR (.iwram2))
                0x030011d4                PROVIDE (__load_stop_iwram2, (LOADADDR (.iwram2) + SIZEOF (.iwram2)))

.iwram3         0x030011d4        0x0
 *(.iwram3)
                0x030011d4                . = ALIGN (0x4)
                0x030011d4                PROVIDE (__load_start_iwram3, LOADADDR (.iwram3))
                0x030011d4                PROVIDE (__load_stop_iwram3, (LOADADDR (.iwram3) + SIZEOF (.iwram3)))

.iwram4         0x030011d4        0x0
 *(.iwram4)
                0x030011d4                . = ALIGN (0x4)
                0x030011d4                PROVIDE (__load_start_iwram4, LOADADDR (.iwram4))
                0x030011d4                PROVIDE (__load_stop_iwram4, (LOADADDR (.iwram4) + SIZEOF (.iwram4)))

.iwram5         0x030011d4        0x0
 *(.iwram5)
                0x030011d4                . = ALIGN (0x4)
                0x030011d4                PROVIDE (__load_start_iwram5, LOADADDR (.iwram5))
                0x030011d4                PROVIDE (__load_stop_iwram5, (LOADADDR (.iwram5) + SIZEOF (.iwram5)))

.iwram6         0x030011d4        0x0
 *(.iwram6)
                0x030011d4                . = ALIGN (0x4)
                0x030011d4                PROVIDE (__load_start_iwram6, LOADADDR (.iwram6))
                0x030011d4                PROVIDE (__load_stop_iwram6, (LOADADDR (.iwram6) + SIZEOF (.iwram6)))

.iwram7         0x030011d4        0x0
 *(.iwram7)
                0x030011d4                . = ALIGN (0x4)
                0x030011d4                PROVIDE (__load_start_iwram7, LOADADDR (.iwram7))
                0x030011d4                PROVIDE (__load_stop_iwram7, (LOADADDR (.iwram7) + SIZEOF (.iwram7)))

.iwram8         0x030011d4        0x0
 *(.iwram8)
                0x030011d4                . = ALIGN (0x4)
                0x030011d4                PROVIDE (__load_start_iwram8, LOADADDR (.iwram8))
                0x030011d4                PROVIDE (__load_stop_iwram8, (LOADADDR (.iwram8) + SIZEOF (.iwram8)))

.iwram9         0x030011d4        0x0
 *(.iwram9)
                0x030011d4                . = ALIGN (0x4)
                0x030011d4                PROVIDE (__load_start_iwram9, LOADADDR (.iwram9))
                0x030011d4                PROVIDE (__load_stop_iwram9, (LOADADDR (.iwram9) + SIZEOF (.iwram9)))
                0x030011d4                __iwram_overlay_end = .
                0x0829b834                __ewram_lma = (__iwram_overlay_lma + (__iwram_overlay_end - __iwram_overlay_start))
                0x030011d4                __iheap_start = .
                0x02000000                __ewram_start = ORIGIN (ewram)

.ewram          0x02000000        0x0 load address 0x0829b834
 *(.ewram)
                0x02000000                . = ALIGN (0x4)
                0x02000000                __ewram_end = ABSOLUTE (.)
                0x0829b834                __pad_lma = (__ewram_lma + SIZEOF (.ewram))

.sbss           0x02000000        0x0
                0x02000000                __sbss_start__ = ABSOLUTE (.)
 *(.sbss)
                0x02000000                . = ALIGN (0x4)
                0x02000000                __sbss_end__ = ABSOLUTE (.)
                0x02000000                __end__ = ABSOLUTE (.)
                0x02000000                __eheap_start = ABSOLUTE (.)

.pad            0x02000000        0x8 load address 0x0829b834
                0x02000000        0x4 LONG 0x52416b64
                0x02000004        0x4 LONG 0x4d
                0x02000008                . = ALIGN (0x4)
                0x0829b83c                __rom_end__ = (__pad_lma + SIZEOF (.pad))

.stab
 *(.stab)

.stabstr
 *(.stabstr)

.stab.excl
 *(.stab.excl)

.stab.exclstr
 *(.stab.exclstr)

.stab.index
 *(.stab.index)

.stab.indexstr
 *(.stab.indexstr)

.comment        0x00000000       0x22
 *(.comment)
 .comment       0x00000000       0x22 /Users/andresaboia/devkitPro/devkitARM/bin/../lib/gcc/arm-none-eabi/4.9.2/thumb/crtbegin.o
                                 0x23 (size before relaxing)
 .comment       0x00000000       0x23 main.o
 .comment       0x00000000       0x23 /Users/andresaboia/devkitPro/devkitARM/bin/../lib/gcc/arm-none-eabi/4.9.2/../../../../arm-none-eabi/lib/thumb/libg.a(lib_a-init.o)
 .comment       0x00000000       0x23 /Users/andresaboia/devkitPro/devkitARM/bin/../lib/gcc/arm-none-eabi/4.9.2/../../../../arm-none-eabi/lib/thumb/libg.a(lib_a-malloc.o)
 .comment       0x00000000       0x23 /Users/andresaboia/devkitPro/devkitARM/bin/../lib/gcc/arm-none-eabi/4.9.2/../../../../arm-none-eabi/lib/thumb/libg.a(lib_a-mallocr.o)
 .comment       0x00000000       0x23 /Users/andresaboia/devkitPro/devkitARM/bin/../lib/gcc/arm-none-eabi/4.9.2/../../../../arm-none-eabi/lib/thumb/libg.a(lib_a-memcpy-stub.o)
 .comment       0x00000000       0x23 /Users/andresaboia/devkitPro/devkitARM/bin/../lib/gcc/arm-none-eabi/4.9.2/../../../../arm-none-eabi/lib/thumb/libg.a(lib_a-memset.o)
 .comment       0x00000000       0x23 /Users/andresaboia/devkitPro/devkitARM/bin/../lib/gcc/arm-none-eabi/4.9.2/../../../../arm-none-eabi/lib/thumb/libg.a(lib_a-mlock.o)
 .comment       0x00000000       0x23 /Users/andresaboia/devkitPro/devkitARM/bin/../lib/gcc/arm-none-eabi/4.9.2/../../../../arm-none-eabi/lib/thumb/libg.a(lib_a-sprintf.o)
 .comment       0x00000000       0x23 /Users/andresaboia/devkitPro/devkitARM/bin/../lib/gcc/arm-none-eabi/4.9.2/../../../../arm-none-eabi/lib/thumb/libg.a(lib_a-strlen.o)
 .comment       0x00000000       0x23 /Users/andresaboia/devkitPro/devkitARM/bin/../lib/gcc/arm-none-eabi/4.9.2/../../../../arm-none-eabi/lib/thumb/libg.a(lib_a-svfprintf.o)
 .comment       0x00000000       0x23 /Users/andresaboia/devkitPro/devkitARM/bin/../lib/gcc/arm-none-eabi/4.9.2/../../../../arm-none-eabi/lib/thumb/libg.a(lib_a-wcrtomb.o)
 .comment       0x00000000       0x23 /Users/andresaboia/devkitPro/devkitARM/bin/../lib/gcc/arm-none-eabi/4.9.2/../../../../arm-none-eabi/lib/thumb/libg.a(lib_a-wcsrtombs.o)
 .comment       0x00000000       0x23 /Users/andresaboia/devkitPro/devkitARM/bin/../lib/gcc/arm-none-eabi/4.9.2/../../../../arm-none-eabi/lib/thumb/libg.a(lib_a-wctomb_r.o)
 .comment       0x00000000       0x23 /Users/andresaboia/devkitPro/devkitARM/bin/../lib/gcc/arm-none-eabi/4.9.2/../../../../arm-none-eabi/lib/thumb/libg.a(lib_a-dtoa.o)
 .comment       0x00000000       0x23 /Users/andresaboia/devkitPro/devkitARM/bin/../lib/gcc/arm-none-eabi/4.9.2/../../../../arm-none-eabi/lib/thumb/libg.a(lib_a-freer.o)
 .comment       0x00000000       0x23 /Users/andresaboia/devkitPro/devkitARM/bin/../lib/gcc/arm-none-eabi/4.9.2/../../../../arm-none-eabi/lib/thumb/libg.a(lib_a-impure.o)
 .comment       0x00000000       0x23 /Users/andresaboia/devkitPro/devkitARM/bin/../lib/gcc/arm-none-eabi/4.9.2/../../../../arm-none-eabi/lib/thumb/libg.a(lib_a-locale.o)
 .comment       0x00000000       0x23 /Users/andresaboia/devkitPro/devkitARM/bin/../lib/gcc/arm-none-eabi/4.9.2/../../../../arm-none-eabi/lib/thumb/libg.a(lib_a-mbtowc_r.o)
 .comment       0x00000000       0x23 /Users/andresaboia/devkitPro/devkitARM/bin/../lib/gcc/arm-none-eabi/4.9.2/../../../../arm-none-eabi/lib/thumb/libg.a(lib_a-memchr-stub.o)
 .comment       0x00000000       0x23 /Users/andresaboia/devkitPro/devkitARM/bin/../lib/gcc/arm-none-eabi/4.9.2/../../../../arm-none-eabi/lib/thumb/libg.a(lib_a-mprec.o)
 .comment       0x00000000       0x23 /Users/andresaboia/devkitPro/devkitARM/bin/../lib/gcc/arm-none-eabi/4.9.2/../../../../arm-none-eabi/lib/thumb/libg.a(lib_a-s_fpclassify.o)
 .comment       0x00000000       0x23 /Users/andresaboia/devkitPro/devkitARM/bin/../lib/gcc/arm-none-eabi/4.9.2/../../../../arm-none-eabi/lib/thumb/libg.a(lib_a-s_frexp.o)
 .comment       0x00000000       0x23 /Users/andresaboia/devkitPro/devkitARM/bin/../lib/gcc/arm-none-eabi/4.9.2/../../../../arm-none-eabi/lib/thumb/libg.a(lib_a-strcasecmp.o)
 .comment       0x00000000       0x23 /Users/andresaboia/devkitPro/devkitARM/bin/../lib/gcc/arm-none-eabi/4.9.2/../../../../arm-none-eabi/lib/thumb/libg.a(lib_a-strcat.o)
 .comment       0x00000000       0x23 /Users/andresaboia/devkitPro/devkitARM/bin/../lib/gcc/arm-none-eabi/4.9.2/../../../../arm-none-eabi/lib/thumb/libg.a(lib_a-strchr.o)
 .comment       0x00000000       0x23 /Users/andresaboia/devkitPro/devkitARM/bin/../lib/gcc/arm-none-eabi/4.9.2/../../../../arm-none-eabi/lib/thumb/libg.a(lib_a-strcpy.o)
 .comment       0x00000000       0x23 /Users/andresaboia/devkitPro/devkitARM/bin/../lib/gcc/arm-none-eabi/4.9.2/../../../../arm-none-eabi/lib/thumb/libg.a(lib_a-strlcpy.o)
 .comment       0x00000000       0x23 /Users/andresaboia/devkitPro/devkitARM/bin/../lib/gcc/arm-none-eabi/4.9.2/../../../../arm-none-eabi/lib/thumb/libg.a(lib_a-strncasecmp.o)
 .comment       0x00000000       0x23 /Users/andresaboia/devkitPro/devkitARM/bin/../lib/gcc/arm-none-eabi/4.9.2/../../../../arm-none-eabi/lib/thumb/libg.a(lib_a-strncmp.o)
 .comment       0x00000000       0x23 /Users/andresaboia/devkitPro/devkitARM/bin/../lib/gcc/arm-none-eabi/4.9.2/../../../../arm-none-eabi/lib/thumb/libg.a(lib_a-strncpy.o)
 .comment       0x00000000       0x23 /Users/andresaboia/devkitPro/devkitARM/bin/../lib/gcc/arm-none-eabi/4.9.2/../../../../arm-none-eabi/lib/thumb/libg.a(lib_a-strtol.o)
 .comment       0x00000000       0x23 /Users/andresaboia/devkitPro/devkitARM/bin/../lib/gcc/arm-none-eabi/4.9.2/../../../../arm-none-eabi/lib/thumb/libg.a(lib_a-svfiprintf.o)
 .comment       0x00000000       0x23 /Users/andresaboia/devkitPro/devkitARM/bin/../lib/gcc/arm-none-eabi/4.9.2/../../../../arm-none-eabi/lib/thumb/libg.a(lib_a-wcsnrtombs.o)
 .comment       0x00000000       0x23 /Users/andresaboia/devkitPro/devkitARM/bin/../lib/gcc/arm-none-eabi/4.9.2/../../../../arm-none-eabi/lib/thumb/libg.a(lib_a-callocr.o)
 .comment       0x00000000       0x23 /Users/andresaboia/devkitPro/devkitARM/bin/../lib/gcc/arm-none-eabi/4.9.2/../../../../arm-none-eabi/lib/thumb/libg.a(lib_a-ctype_.o)
 .comment       0x00000000       0x23 /Users/andresaboia/devkitPro/devkitARM/bin/../lib/gcc/arm-none-eabi/4.9.2/../../../../arm-none-eabi/lib/thumb/libg.a(lib_a-getenv_r.o)
 .comment       0x00000000       0x23 /Users/andresaboia/devkitPro/devkitARM/bin/../lib/gcc/arm-none-eabi/4.9.2/../../../../arm-none-eabi/lib/thumb/libg.a(lib_a-memmove.o)
 .comment       0x00000000       0x23 /Users/andresaboia/devkitPro/devkitARM/bin/../lib/gcc/arm-none-eabi/4.9.2/../../../../arm-none-eabi/lib/thumb/libg.a(lib_a-reallocr.o)
 .comment       0x00000000       0x23 /Users/andresaboia/devkitPro/devkitARM/bin/../lib/gcc/arm-none-eabi/4.9.2/../../../../arm-none-eabi/lib/thumb/libg.a(lib_a-environ.o)
 .comment       0x00000000       0x23 /Users/andresaboia/devkitPro/devkitARM/bin/../lib/gcc/arm-none-eabi/4.9.2/../../../../arm-none-eabi/lib/thumb/libg.a(lib_a-envlock.o)
 .comment       0x00000000       0x23 /Users/andresaboia/devkitPro/devkitARM/bin/../lib/gcc/arm-none-eabi/4.9.2/../../../../arm-none-eabi/lib/thumb/libsysbase.a(sbrk.o)
 .comment       0x00000000       0x23 /Users/andresaboia/devkitPro/devkitARM/bin/../lib/gcc/arm-none-eabi/4.9.2/../../../../arm-none-eabi/lib/thumb/libsysbase.a(malloc_vars.o)
 .comment       0x00000000       0x23 /Users/andresaboia/devkitPro/devkitARM/bin/../lib/gcc/arm-none-eabi/4.9.2/thumb/libgcc.a(bpabi.o)
 .comment       0x00000000       0x23 /Users/andresaboia/devkitPro/devkitARM/bin/../lib/gcc/arm-none-eabi/4.9.2/thumb/libgcc.a(_muldi3.o)
 .comment       0x00000000       0x23 /Users/andresaboia/devkitPro/devkitARM/bin/../lib/gcc/arm-none-eabi/4.9.2/thumb/libgcc.a(_divdi3.o)
 .comment       0x00000000       0x23 /Users/andresaboia/devkitPro/devkitARM/bin/../lib/gcc/arm-none-eabi/4.9.2/thumb/libgcc.a(_udivdi3.o)
 .comment       0x00000000       0x23 /Users/andresaboia/devkitPro/devkitARM/bin/../lib/gcc/arm-none-eabi/4.9.2/thumb/crtend.o

.debug
 *(.debug)

.line
 *(.line)

.debug_srcinfo
 *(.debug_srcinfo)

.debug_sfnames
 *(.debug_sfnames)

.debug_aranges  0x00000000       0x28
 *(.debug_aranges)
 .debug_aranges
                0x00000000       0x28 main.o

.debug_pubnames
 *(.debug_pubnames)

.debug_info     0x00000000     0x9efb
 *(.debug_info)
 .debug_info    0x00000000     0x9efb main.o

.debug_abbrev   0x00000000      0x60e
 *(.debug_abbrev)
 .debug_abbrev  0x00000000      0x60e main.o

.debug_line     0x00000000     0x24fd
 *(.debug_line)
 .debug_line    0x00000000     0x24fd main.o

.debug_frame    0x00000000      0x8e4
 *(.debug_frame)
 .debug_frame   0x00000000      0x8e4 main.o

.debug_str      0x00000000      0xe28
 *(.debug_str)
 .debug_str     0x00000000      0xe28 main.o
                                0xed1 (size before relaxing)

.debug_loc      0x00000000    0x6dac6
 *(.debug_loc)
 .debug_loc     0x00000000    0x6dac6 main.o

.debug_macinfo
 *(.debug_macinfo)

.debug_weaknames
 *(.debug_weaknames)

.debug_funcnames
 *(.debug_funcnames)

.debug_typenames
 *(.debug_typenames)

.debug_varnames
 *(.debug_varnames)

.stack          0x00080000        0x0
                0x00080000                _stack = .
 *(.stack)

.note.gnu.arm.ident
 *(.note.gnu.arm.ident)

.ARM.attributes
                0x00000000       0x2b
 *(.ARM.attributes)
 .ARM.attributes
                0x00000000       0x16 /Users/andresaboia/devkitPro/devkitARM/bin/../lib/gcc/arm-none-eabi/4.9.2/../../../../arm-none-eabi/lib/thumb/gba_crt0.o
 .ARM.attributes
                0x00000016       0x16 /Users/andresaboia/devkitPro/devkitARM/bin/../lib/gcc/arm-none-eabi/4.9.2/thumb/crti.o
 .ARM.attributes
                0x0000002c       0x30 /Users/andresaboia/devkitPro/devkitARM/bin/../lib/gcc/arm-none-eabi/4.9.2/thumb/crtbegin.o
 .ARM.attributes
                0x0000005c       0x2c main.o
 .ARM.attributes
                0x00000088       0x18 /Users/andresaboia/devkitPro/devkitARM/bin/../lib/gcc/arm-none-eabi/4.9.2/thumb/libgcc.a(_udivsi3.o)
 .ARM.attributes
                0x000000a0       0x18 /Users/andresaboia/devkitPro/devkitARM/bin/../lib/gcc/arm-none-eabi/4.9.2/thumb/libgcc.a(_divsi3.o)
 .ARM.attributes
                0x000000b8       0x16 /Users/andresaboia/devkitPro/devkitARM/bin/../lib/gcc/arm-none-eabi/4.9.2/thumb/libgcc.a(_dvmd_tls.o)
 .ARM.attributes
                0x000000ce       0x18 /Users/andresaboia/devkitPro/devkitARM/bin/../lib/gcc/arm-none-eabi/4.9.2/thumb/libgcc.a(_arm_addsubdf3.o)
 .ARM.attributes
                0x000000e6       0x18 /Users/andresaboia/devkitPro/devkitARM/bin/../lib/gcc/arm-none-eabi/4.9.2/thumb/libgcc.a(_arm_muldivdf3.o)
 .ARM.attributes
                0x000000fe       0x18 /Users/andresaboia/devkitPro/devkitARM/bin/../lib/gcc/arm-none-eabi/4.9.2/thumb/libgcc.a(_arm_fixdfsi.o)
 .ARM.attributes
                0x00000116       0x18 /Users/andresaboia/devkitPro/devkitARM/bin/../lib/gcc/arm-none-eabi/4.9.2/thumb/libgcc.a(_arm_fixunsdfsi.o)
 .ARM.attributes
                0x0000012e       0x30 /Users/andresaboia/devkitPro/devkitARM/bin/../lib/gcc/arm-none-eabi/4.9.2/../../../../arm-none-eabi/lib/thumb/libg.a(lib_a-init.o)
 .ARM.attributes
                0x0000015e       0x30 /Users/andresaboia/devkitPro/devkitARM/bin/../lib/gcc/arm-none-eabi/4.9.2/../../../../arm-none-eabi/lib/thumb/libg.a(lib_a-malloc.o)
 .ARM.attributes
                0x0000018e       0x30 /Users/andresaboia/devkitPro/devkitARM/bin/../lib/gcc/arm-none-eabi/4.9.2/../../../../arm-none-eabi/lib/thumb/libg.a(lib_a-mallocr.o)
 .ARM.attributes
                0x000001be       0x30 /Users/andresaboia/devkitPro/devkitARM/bin/../lib/gcc/arm-none-eabi/4.9.2/../../../../arm-none-eabi/lib/thumb/libg.a(lib_a-memcpy-stub.o)
 .ARM.attributes
                0x000001ee       0x30 /Users/andresaboia/devkitPro/devkitARM/bin/../lib/gcc/arm-none-eabi/4.9.2/../../../../arm-none-eabi/lib/thumb/libg.a(lib_a-memset.o)
 .ARM.attributes
                0x0000021e       0x30 /Users/andresaboia/devkitPro/devkitARM/bin/../lib/gcc/arm-none-eabi/4.9.2/../../../../arm-none-eabi/lib/thumb/libg.a(lib_a-mlock.o)
 .ARM.attributes
                0x0000024e       0x30 /Users/andresaboia/devkitPro/devkitARM/bin/../lib/gcc/arm-none-eabi/4.9.2/../../../../arm-none-eabi/lib/thumb/libg.a(lib_a-sprintf.o)
 .ARM.attributes
                0x0000027e       0x30 /Users/andresaboia/devkitPro/devkitARM/bin/../lib/gcc/arm-none-eabi/4.9.2/../../../../arm-none-eabi/lib/thumb/libg.a(lib_a-strlen.o)
 .ARM.attributes
                0x000002ae       0x30 /Users/andresaboia/devkitPro/devkitARM/bin/../lib/gcc/arm-none-eabi/4.9.2/../../../../arm-none-eabi/lib/thumb/libg.a(lib_a-svfprintf.o)
 .ARM.attributes
                0x000002de       0x30 /Users/andresaboia/devkitPro/devkitARM/bin/../lib/gcc/arm-none-eabi/4.9.2/../../../../arm-none-eabi/lib/thumb/libg.a(lib_a-wcrtomb.o)
 .ARM.attributes
                0x0000030e       0x30 /Users/andresaboia/devkitPro/devkitARM/bin/../lib/gcc/arm-none-eabi/4.9.2/../../../../arm-none-eabi/lib/thumb/libg.a(lib_a-wcsrtombs.o)
 .ARM.attributes
                0x0000033e       0x30 /Users/andresaboia/devkitPro/devkitARM/bin/../lib/gcc/arm-none-eabi/4.9.2/../../../../arm-none-eabi/lib/thumb/libg.a(lib_a-wctomb_r.o)
 .ARM.attributes
                0x0000036e       0x30 /Users/andresaboia/devkitPro/devkitARM/bin/../lib/gcc/arm-none-eabi/4.9.2/../../../../arm-none-eabi/lib/thumb/libg.a(lib_a-dtoa.o)
 .ARM.attributes
                0x0000039e       0x30 /Users/andresaboia/devkitPro/devkitARM/bin/../lib/gcc/arm-none-eabi/4.9.2/../../../../arm-none-eabi/lib/thumb/libg.a(lib_a-freer.o)
 .ARM.attributes
                0x000003ce       0x30 /Users/andresaboia/devkitPro/devkitARM/bin/../lib/gcc/arm-none-eabi/4.9.2/../../../../arm-none-eabi/lib/thumb/libg.a(lib_a-impure.o)
 .ARM.attributes
                0x000003fe       0x30 /Users/andresaboia/devkitPro/devkitARM/bin/../lib/gcc/arm-none-eabi/4.9.2/../../../../arm-none-eabi/lib/thumb/libg.a(lib_a-locale.o)
 .ARM.attributes
                0x0000042e       0x30 /Users/andresaboia/devkitPro/devkitARM/bin/../lib/gcc/arm-none-eabi/4.9.2/../../../../arm-none-eabi/lib/thumb/libg.a(lib_a-mbtowc_r.o)
 .ARM.attributes
                0x0000045e       0x30 /Users/andresaboia/devkitPro/devkitARM/bin/../lib/gcc/arm-none-eabi/4.9.2/../../../../arm-none-eabi/lib/thumb/libg.a(lib_a-memchr-stub.o)
 .ARM.attributes
                0x0000048e       0x30 /Users/andresaboia/devkitPro/devkitARM/bin/../lib/gcc/arm-none-eabi/4.9.2/../../../../arm-none-eabi/lib/thumb/libg.a(lib_a-mprec.o)
 .ARM.attributes
                0x000004be       0x30 /Users/andresaboia/devkitPro/devkitARM/bin/../lib/gcc/arm-none-eabi/4.9.2/../../../../arm-none-eabi/lib/thumb/libg.a(lib_a-s_fpclassify.o)
 .ARM.attributes
                0x000004ee       0x30 /Users/andresaboia/devkitPro/devkitARM/bin/../lib/gcc/arm-none-eabi/4.9.2/../../../../arm-none-eabi/lib/thumb/libg.a(lib_a-s_frexp.o)
 .ARM.attributes
                0x0000051e       0x30 /Users/andresaboia/devkitPro/devkitARM/bin/../lib/gcc/arm-none-eabi/4.9.2/../../../../arm-none-eabi/lib/thumb/libg.a(lib_a-strcasecmp.o)
 .ARM.attributes
                0x0000054e       0x30 /Users/andresaboia/devkitPro/devkitARM/bin/../lib/gcc/arm-none-eabi/4.9.2/../../../../arm-none-eabi/lib/thumb/libg.a(lib_a-strcat.o)
 .ARM.attributes
                0x0000057e       0x30 /Users/andresaboia/devkitPro/devkitARM/bin/../lib/gcc/arm-none-eabi/4.9.2/../../../../arm-none-eabi/lib/thumb/libg.a(lib_a-strchr.o)
 .ARM.attributes
                0x000005ae       0x1c /Users/andresaboia/devkitPro/devkitARM/bin/../lib/gcc/arm-none-eabi/4.9.2/../../../../arm-none-eabi/lib/thumb/libg.a(lib_a-strcmp.o)
 .ARM.attributes
                0x000005ca       0x30 /Users/andresaboia/devkitPro/devkitARM/bin/../lib/gcc/arm-none-eabi/4.9.2/../../../../arm-none-eabi/lib/thumb/libg.a(lib_a-strcpy.o)
 .ARM.attributes
                0x000005fa       0x30 /Users/andresaboia/devkitPro/devkitARM/bin/../lib/gcc/arm-none-eabi/4.9.2/../../../../arm-none-eabi/lib/thumb/libg.a(lib_a-strlcpy.o)
 .ARM.attributes
                0x0000062a       0x30 /Users/andresaboia/devkitPro/devkitARM/bin/../lib/gcc/arm-none-eabi/4.9.2/../../../../arm-none-eabi/lib/thumb/libg.a(lib_a-strncasecmp.o)
 .ARM.attributes
                0x0000065a       0x30 /Users/andresaboia/devkitPro/devkitARM/bin/../lib/gcc/arm-none-eabi/4.9.2/../../../../arm-none-eabi/lib/thumb/libg.a(lib_a-strncmp.o)
 .ARM.attributes
                0x0000068a       0x30 /Users/andresaboia/devkitPro/devkitARM/bin/../lib/gcc/arm-none-eabi/4.9.2/../../../../arm-none-eabi/lib/thumb/libg.a(lib_a-strncpy.o)
 .ARM.attributes
                0x000006ba       0x30 /Users/andresaboia/devkitPro/devkitARM/bin/../lib/gcc/arm-none-eabi/4.9.2/../../../../arm-none-eabi/lib/thumb/libg.a(lib_a-strtol.o)
 .ARM.attributes
                0x000006ea       0x30 /Users/andresaboia/devkitPro/devkitARM/bin/../lib/gcc/arm-none-eabi/4.9.2/../../../../arm-none-eabi/lib/thumb/libg.a(lib_a-svfiprintf.o)
 .ARM.attributes
                0x0000071a       0x30 /Users/andresaboia/devkitPro/devkitARM/bin/../lib/gcc/arm-none-eabi/4.9.2/../../../../arm-none-eabi/lib/thumb/libg.a(lib_a-wcsnrtombs.o)
 .ARM.attributes
                0x0000074a       0x30 /Users/andresaboia/devkitPro/devkitARM/bin/../lib/gcc/arm-none-eabi/4.9.2/../../../../arm-none-eabi/lib/thumb/libg.a(lib_a-callocr.o)
 .ARM.attributes
                0x0000077a       0x30 /Users/andresaboia/devkitPro/devkitARM/bin/../lib/gcc/arm-none-eabi/4.9.2/../../../../arm-none-eabi/lib/thumb/libg.a(lib_a-ctype_.o)
 .ARM.attributes
                0x000007aa       0x30 /Users/andresaboia/devkitPro/devkitARM/bin/../lib/gcc/arm-none-eabi/4.9.2/../../../../arm-none-eabi/lib/thumb/libg.a(lib_a-getenv_r.o)
 .ARM.attributes
                0x000007da       0x30 /Users/andresaboia/devkitPro/devkitARM/bin/../lib/gcc/arm-none-eabi/4.9.2/../../../../arm-none-eabi/lib/thumb/libg.a(lib_a-memmove.o)
 .ARM.attributes
                0x0000080a       0x30 /Users/andresaboia/devkitPro/devkitARM/bin/../lib/gcc/arm-none-eabi/4.9.2/../../../../arm-none-eabi/lib/thumb/libg.a(lib_a-reallocr.o)
 .ARM.attributes
                0x0000083a       0x30 /Users/andresaboia/devkitPro/devkitARM/bin/../lib/gcc/arm-none-eabi/4.9.2/../../../../arm-none-eabi/lib/thumb/libg.a(lib_a-environ.o)
 .ARM.attributes
                0x0000086a       0x30 /Users/andresaboia/devkitPro/devkitARM/bin/../lib/gcc/arm-none-eabi/4.9.2/../../../../arm-none-eabi/lib/thumb/libg.a(lib_a-envlock.o)
 .ARM.attributes
                0x0000089a       0x30 /Users/andresaboia/devkitPro/devkitARM/bin/../lib/gcc/arm-none-eabi/4.9.2/../../../../arm-none-eabi/lib/thumb/libsysbase.a(sbrk.o)
 .ARM.attributes
                0x000008ca       0x30 /Users/andresaboia/devkitPro/devkitARM/bin/../lib/gcc/arm-none-eabi/4.9.2/../../../../arm-none-eabi/lib/thumb/libsysbase.a(malloc_vars.o)
 .ARM.attributes
                0x000008fa       0x18 /Users/andresaboia/devkitPro/devkitARM/bin/../lib/gcc/arm-none-eabi/4.9.2/thumb/libgcc.a(_arm_cmpdf2.o)
 .ARM.attributes
                0x00000912       0x18 /Users/andresaboia/devkitPro/devkitARM/bin/../lib/gcc/arm-none-eabi/4.9.2/thumb/libgcc.a(_aeabi_uldivmod.o)
 .ARM.attributes
                0x0000092a       0x30 /Users/andresaboia/devkitPro/devkitARM/bin/../lib/gcc/arm-none-eabi/4.9.2/thumb/libgcc.a(bpabi.o)
 .ARM.attributes
                0x0000095a       0x30 /Users/andresaboia/devkitPro/devkitARM/bin/../lib/gcc/arm-none-eabi/4.9.2/thumb/libgcc.a(_muldi3.o)
 .ARM.attributes
                0x0000098a       0x30 /Users/andresaboia/devkitPro/devkitARM/bin/../lib/gcc/arm-none-eabi/4.9.2/thumb/libgcc.a(_divdi3.o)
 .ARM.attributes
                0x000009ba       0x30 /Users/andresaboia/devkitPro/devkitARM/bin/../lib/gcc/arm-none-eabi/4.9.2/thumb/libgcc.a(_udivdi3.o)
 .ARM.attributes
                0x000009ea       0x18 /Users/andresaboia/devkitPro/devkitARM/bin/../lib/gcc/arm-none-eabi/4.9.2/thumb/libgcc.a(_clzdi2.o)
 .ARM.attributes
                0x00000a02       0x18 /Users/andresaboia/devkitPro/devkitARM/bin/../lib/gcc/arm-none-eabi/4.9.2/thumb/libgcc.a(_clzsi2.o)
 .ARM.attributes
                0x00000a1a       0x30 /Users/andresaboia/devkitPro/devkitARM/bin/../lib/gcc/arm-none-eabi/4.9.2/thumb/crtend.o
 .ARM.attributes
                0x00000a4a       0x16 /Users/andresaboia/devkitPro/devkitARM/bin/../lib/gcc/arm-none-eabi/4.9.2/thumb/crtn.o

/DISCARD/
 *(.note.GNU-stack)
LOAD /Users/andresaboia/devkitPro/devkitARM/bin/../lib/gcc/arm-none-eabi/4.9.2/../../../../arm-none-eabi/lib/thumb/gba_crt0.o
LOAD /Users/andresaboia/devkitPro/devkitARM/bin/../lib/gcc/arm-none-eabi/4.9.2/thumb/crti.o
LOAD /Users/andresaboia/devkitPro/devkitARM/bin/../lib/gcc/arm-none-eabi/4.9.2/thumb/crtbegin.o
LOAD main.o
LOAD /Users/andresaboia/devkitPro/libgba/lib/libgba.a
START GROUP
LOAD /Users/andresaboia/devkitPro/devkitARM/bin/../lib/gcc/arm-none-eabi/4.9.2/thumb/libgcc.a
LOAD /Users/andresaboia/devkitPro/devkitARM/bin/../lib/gcc/arm-none-eabi/4.9.2/../../../../arm-none-eabi/lib/thumb/libg.a
LOAD /Users/andresaboia/devkitPro/devkitARM/bin/../lib/gcc/arm-none-eabi/4.9.2/../../../../arm-none-eabi/lib/thumb/libc.a
LOAD /Users/andresaboia/devkitPro/devkitARM/bin/../lib/gcc/arm-none-eabi/4.9.2/../../../../arm-none-eabi/lib/thumb/libsysbase.a
END GROUP
LOAD /Users/andresaboia/devkitPro/devkitARM/bin/../lib/gcc/arm-none-eabi/4.9.2/thumb/crtend.o
LOAD /Users/andresaboia/devkitPro/devkitARM/bin/../lib/gcc/arm-none-eabi/4.9.2/thumb/crtn.o
OUTPUT(/Users/andresaboia/projects/ff_game/ff_game.elf elf32-littlearm)

.debug_ranges   0x00000000     0x22a8
 .debug_ranges  0x00000000     0x22a8 main.o
