Archive member included because of file (symbol)

/Users/andresaboia/devkitPro/devkitARM/bin/../lib/gcc/arm-none-eabi/4.9.2/thumb/libgcc.a(_udivsi3.o)
                              main.o (__aeabi_uidiv)
/Users/andresaboia/devkitPro/devkitARM/bin/../lib/gcc/arm-none-eabi/4.9.2/thumb/libgcc.a(_divsi3.o)
                              main.o (__aeabi_idiv)
/Users/andresaboia/devkitPro/devkitARM/bin/../lib/gcc/arm-none-eabi/4.9.2/thumb/libgcc.a(_dvmd_tls.o)
                              /Users/andresaboia/devkitPro/devkitARM/bin/../lib/gcc/arm-none-eabi/4.9.2/thumb/libgcc.a(_udivsi3.o) (__aeabi_idiv0)
/Users/andresaboia/devkitPro/devkitARM/bin/../lib/gcc/arm-none-eabi/4.9.2/thumb/libgcc.a(_arm_addsubdf3.o)
                              main.o (__aeabi_i2d)
/Users/andresaboia/devkitPro/devkitARM/bin/../lib/gcc/arm-none-eabi/4.9.2/thumb/libgcc.a(_arm_muldivdf3.o)
                              main.o (__aeabi_dmul)
/Users/andresaboia/devkitPro/devkitARM/bin/../lib/gcc/arm-none-eabi/4.9.2/thumb/libgcc.a(_arm_fixdfsi.o)
                              main.o (__aeabi_d2iz)
/Users/andresaboia/devkitPro/devkitARM/bin/../lib/gcc/arm-none-eabi/4.9.2/../../../../arm-none-eabi/lib/thumb/libg.a(lib_a-init.o)
                              /Users/andresaboia/devkitPro/devkitARM/bin/../lib/gcc/arm-none-eabi/4.9.2/../../../../arm-none-eabi/lib/thumb/gba_crt0.o (__libc_init_array)
/Users/andresaboia/devkitPro/devkitARM/bin/../lib/gcc/arm-none-eabi/4.9.2/../../../../arm-none-eabi/lib/thumb/libg.a(lib_a-malloc.o)
                              main.o (malloc)
/Users/andresaboia/devkitPro/devkitARM/bin/../lib/gcc/arm-none-eabi/4.9.2/../../../../arm-none-eabi/lib/thumb/libg.a(lib_a-mallocr.o)
                              /Users/andresaboia/devkitPro/devkitARM/bin/../lib/gcc/arm-none-eabi/4.9.2/../../../../arm-none-eabi/lib/thumb/libg.a(lib_a-malloc.o) (_malloc_r)
/Users/andresaboia/devkitPro/devkitARM/bin/../lib/gcc/arm-none-eabi/4.9.2/../../../../arm-none-eabi/lib/thumb/libg.a(lib_a-memcpy-stub.o)
                              main.o (memcpy)
/Users/andresaboia/devkitPro/devkitARM/bin/../lib/gcc/arm-none-eabi/4.9.2/../../../../arm-none-eabi/lib/thumb/libg.a(lib_a-memset.o)
                              main.o (memset)
/Users/andresaboia/devkitPro/devkitARM/bin/../lib/gcc/arm-none-eabi/4.9.2/../../../../arm-none-eabi/lib/thumb/libg.a(lib_a-mlock.o)
                              /Users/andresaboia/devkitPro/devkitARM/bin/../lib/gcc/arm-none-eabi/4.9.2/../../../../arm-none-eabi/lib/thumb/libg.a(lib_a-mallocr.o) (__malloc_lock)
/Users/andresaboia/devkitPro/devkitARM/bin/../lib/gcc/arm-none-eabi/4.9.2/../../../../arm-none-eabi/lib/thumb/libg.a(lib_a-sprintf.o)
                              main.o (sprintf)
/Users/andresaboia/devkitPro/devkitARM/bin/../lib/gcc/arm-none-eabi/4.9.2/../../../../arm-none-eabi/lib/thumb/libg.a(lib_a-strlen.o)
                              main.o (strlen)
/Users/andresaboia/devkitPro/devkitARM/bin/../lib/gcc/arm-none-eabi/4.9.2/../../../../arm-none-eabi/lib/thumb/libg.a(lib_a-svfprintf.o)
                              /Users/andresaboia/devkitPro/devkitARM/bin/../lib/gcc/arm-none-eabi/4.9.2/../../../../arm-none-eabi/lib/thumb/libg.a(lib_a-sprintf.o) (_svfprintf_r)
/Users/andresaboia/devkitPro/devkitARM/bin/../lib/gcc/arm-none-eabi/4.9.2/../../../../arm-none-eabi/lib/thumb/libg.a(lib_a-wcrtomb.o)
                              /Users/andresaboia/devkitPro/devkitARM/bin/../lib/gcc/arm-none-eabi/4.9.2/../../../../arm-none-eabi/lib/thumb/libg.a(lib_a-svfprintf.o) (_wcrtomb_r)
/Users/andresaboia/devkitPro/devkitARM/bin/../lib/gcc/arm-none-eabi/4.9.2/../../../../arm-none-eabi/lib/thumb/libg.a(lib_a-wcsrtombs.o)
                              /Users/andresaboia/devkitPro/devkitARM/bin/../lib/gcc/arm-none-eabi/4.9.2/../../../../arm-none-eabi/lib/thumb/libg.a(lib_a-svfprintf.o) (_wcsrtombs_r)
/Users/andresaboia/devkitPro/devkitARM/bin/../lib/gcc/arm-none-eabi/4.9.2/../../../../arm-none-eabi/lib/thumb/libg.a(lib_a-wctomb_r.o)
                              /Users/andresaboia/devkitPro/devkitARM/bin/../lib/gcc/arm-none-eabi/4.9.2/../../../../arm-none-eabi/lib/thumb/libg.a(lib_a-wcrtomb.o) (__wctomb)
/Users/andresaboia/devkitPro/devkitARM/bin/../lib/gcc/arm-none-eabi/4.9.2/../../../../arm-none-eabi/lib/thumb/libg.a(lib_a-dtoa.o)
                              /Users/andresaboia/devkitPro/devkitARM/bin/../lib/gcc/arm-none-eabi/4.9.2/../../../../arm-none-eabi/lib/thumb/libg.a(lib_a-svfprintf.o) (_dtoa_r)
/Users/andresaboia/devkitPro/devkitARM/bin/../lib/gcc/arm-none-eabi/4.9.2/../../../../arm-none-eabi/lib/thumb/libg.a(lib_a-freer.o)
                              /Users/andresaboia/devkitPro/devkitARM/bin/../lib/gcc/arm-none-eabi/4.9.2/../../../../arm-none-eabi/lib/thumb/libg.a(lib_a-malloc.o) (_free_r)
/Users/andresaboia/devkitPro/devkitARM/bin/../lib/gcc/arm-none-eabi/4.9.2/../../../../arm-none-eabi/lib/thumb/libg.a(lib_a-impure.o)
                              /Users/andresaboia/devkitPro/devkitARM/bin/../lib/gcc/arm-none-eabi/4.9.2/../../../../arm-none-eabi/lib/thumb/libg.a(lib_a-malloc.o) (_impure_ptr)
/Users/andresaboia/devkitPro/devkitARM/bin/../lib/gcc/arm-none-eabi/4.9.2/../../../../arm-none-eabi/lib/thumb/libg.a(lib_a-locale.o)
                              /Users/andresaboia/devkitPro/devkitARM/bin/../lib/gcc/arm-none-eabi/4.9.2/../../../../arm-none-eabi/lib/thumb/libg.a(lib_a-svfprintf.o) (__locale_charset)
/Users/andresaboia/devkitPro/devkitARM/bin/../lib/gcc/arm-none-eabi/4.9.2/../../../../arm-none-eabi/lib/thumb/libg.a(lib_a-mbtowc_r.o)
                              /Users/andresaboia/devkitPro/devkitARM/bin/../lib/gcc/arm-none-eabi/4.9.2/../../../../arm-none-eabi/lib/thumb/libg.a(lib_a-locale.o) (__utf8_mbtowc)
/Users/andresaboia/devkitPro/devkitARM/bin/../lib/gcc/arm-none-eabi/4.9.2/../../../../arm-none-eabi/lib/thumb/libg.a(lib_a-memchr-stub.o)
                              /Users/andresaboia/devkitPro/devkitARM/bin/../lib/gcc/arm-none-eabi/4.9.2/../../../../arm-none-eabi/lib/thumb/libg.a(lib_a-svfprintf.o) (memchr)
/Users/andresaboia/devkitPro/devkitARM/bin/../lib/gcc/arm-none-eabi/4.9.2/../../../../arm-none-eabi/lib/thumb/libg.a(lib_a-mprec.o)
                              /Users/andresaboia/devkitPro/devkitARM/bin/../lib/gcc/arm-none-eabi/4.9.2/../../../../arm-none-eabi/lib/thumb/libg.a(lib_a-dtoa.o) (_Balloc)
/Users/andresaboia/devkitPro/devkitARM/bin/../lib/gcc/arm-none-eabi/4.9.2/../../../../arm-none-eabi/lib/thumb/libg.a(lib_a-s_fpclassify.o)
                              /Users/andresaboia/devkitPro/devkitARM/bin/../lib/gcc/arm-none-eabi/4.9.2/../../../../arm-none-eabi/lib/thumb/libg.a(lib_a-svfprintf.o) (__fpclassifyd)
/Users/andresaboia/devkitPro/devkitARM/bin/../lib/gcc/arm-none-eabi/4.9.2/../../../../arm-none-eabi/lib/thumb/libg.a(lib_a-s_frexp.o)
                              /Users/andresaboia/devkitPro/devkitARM/bin/../lib/gcc/arm-none-eabi/4.9.2/../../../../arm-none-eabi/lib/thumb/libg.a(lib_a-svfprintf.o) (frexp)
/Users/andresaboia/devkitPro/devkitARM/bin/../lib/gcc/arm-none-eabi/4.9.2/../../../../arm-none-eabi/lib/thumb/libg.a(lib_a-strcasecmp.o)
                              /Users/andresaboia/devkitPro/devkitARM/bin/../lib/gcc/arm-none-eabi/4.9.2/../../../../arm-none-eabi/lib/thumb/libg.a(lib_a-locale.o) (strcasecmp)
/Users/andresaboia/devkitPro/devkitARM/bin/../lib/gcc/arm-none-eabi/4.9.2/../../../../arm-none-eabi/lib/thumb/libg.a(lib_a-strcat.o)
                              /Users/andresaboia/devkitPro/devkitARM/bin/../lib/gcc/arm-none-eabi/4.9.2/../../../../arm-none-eabi/lib/thumb/libg.a(lib_a-locale.o) (strcat)
/Users/andresaboia/devkitPro/devkitARM/bin/../lib/gcc/arm-none-eabi/4.9.2/../../../../arm-none-eabi/lib/thumb/libg.a(lib_a-strchr.o)
                              /Users/andresaboia/devkitPro/devkitARM/bin/../lib/gcc/arm-none-eabi/4.9.2/../../../../arm-none-eabi/lib/thumb/libg.a(lib_a-locale.o) (strchr)
/Users/andresaboia/devkitPro/devkitARM/bin/../lib/gcc/arm-none-eabi/4.9.2/../../../../arm-none-eabi/lib/thumb/libg.a(lib_a-strcmp.o)
                              /Users/andresaboia/devkitPro/devkitARM/bin/../lib/gcc/arm-none-eabi/4.9.2/../../../../arm-none-eabi/lib/thumb/libg.a(lib_a-locale.o) (strcmp)
/Users/andresaboia/devkitPro/devkitARM/bin/../lib/gcc/arm-none-eabi/4.9.2/../../../../arm-none-eabi/lib/thumb/libg.a(lib_a-strcpy.o)
                              /Users/andresaboia/devkitPro/devkitARM/bin/../lib/gcc/arm-none-eabi/4.9.2/../../../../arm-none-eabi/lib/thumb/libg.a(lib_a-locale.o) (strcpy)
/Users/andresaboia/devkitPro/devkitARM/bin/../lib/gcc/arm-none-eabi/4.9.2/../../../../arm-none-eabi/lib/thumb/libg.a(lib_a-strlcpy.o)
                              /Users/andresaboia/devkitPro/devkitARM/bin/../lib/gcc/arm-none-eabi/4.9.2/../../../../arm-none-eabi/lib/thumb/libg.a(lib_a-locale.o) (strlcpy)
/Users/andresaboia/devkitPro/devkitARM/bin/../lib/gcc/arm-none-eabi/4.9.2/../../../../arm-none-eabi/lib/thumb/libg.a(lib_a-strncasecmp.o)
                              /Users/andresaboia/devkitPro/devkitARM/bin/../lib/gcc/arm-none-eabi/4.9.2/../../../../arm-none-eabi/lib/thumb/libg.a(lib_a-locale.o) (strncasecmp)
/Users/andresaboia/devkitPro/devkitARM/bin/../lib/gcc/arm-none-eabi/4.9.2/../../../../arm-none-eabi/lib/thumb/libg.a(lib_a-strncmp.o)
                              /Users/andresaboia/devkitPro/devkitARM/bin/../lib/gcc/arm-none-eabi/4.9.2/../../../../arm-none-eabi/lib/thumb/libg.a(lib_a-locale.o) (strncmp)
/Users/andresaboia/devkitPro/devkitARM/bin/../lib/gcc/arm-none-eabi/4.9.2/../../../../arm-none-eabi/lib/thumb/libg.a(lib_a-strncpy.o)
                              /Users/andresaboia/devkitPro/devkitARM/bin/../lib/gcc/arm-none-eabi/4.9.2/../../../../arm-none-eabi/lib/thumb/libg.a(lib_a-svfprintf.o) (strncpy)
/Users/andresaboia/devkitPro/devkitARM/bin/../lib/gcc/arm-none-eabi/4.9.2/../../../../arm-none-eabi/lib/thumb/libg.a(lib_a-strtol.o)
                              /Users/andresaboia/devkitPro/devkitARM/bin/../lib/gcc/arm-none-eabi/4.9.2/../../../../arm-none-eabi/lib/thumb/libg.a(lib_a-locale.o) (_strtol_r)
/Users/andresaboia/devkitPro/devkitARM/bin/../lib/gcc/arm-none-eabi/4.9.2/../../../../arm-none-eabi/lib/thumb/libg.a(lib_a-svfiprintf.o)
                              /Users/andresaboia/devkitPro/devkitARM/bin/../lib/gcc/arm-none-eabi/4.9.2/../../../../arm-none-eabi/lib/thumb/libg.a(lib_a-svfprintf.o) (__ssprint_r)
/Users/andresaboia/devkitPro/devkitARM/bin/../lib/gcc/arm-none-eabi/4.9.2/../../../../arm-none-eabi/lib/thumb/libg.a(lib_a-wcsnrtombs.o)
                              /Users/andresaboia/devkitPro/devkitARM/bin/../lib/gcc/arm-none-eabi/4.9.2/../../../../arm-none-eabi/lib/thumb/libg.a(lib_a-wcsrtombs.o) (_wcsnrtombs_r)
/Users/andresaboia/devkitPro/devkitARM/bin/../lib/gcc/arm-none-eabi/4.9.2/../../../../arm-none-eabi/lib/thumb/libg.a(lib_a-callocr.o)
                              /Users/andresaboia/devkitPro/devkitARM/bin/../lib/gcc/arm-none-eabi/4.9.2/../../../../arm-none-eabi/lib/thumb/libg.a(lib_a-mprec.o) (_calloc_r)
/Users/andresaboia/devkitPro/devkitARM/bin/../lib/gcc/arm-none-eabi/4.9.2/../../../../arm-none-eabi/lib/thumb/libg.a(lib_a-ctype_.o)
                              /Users/andresaboia/devkitPro/devkitARM/bin/../lib/gcc/arm-none-eabi/4.9.2/../../../../arm-none-eabi/lib/thumb/libg.a(lib_a-locale.o) (__set_ctype)
/Users/andresaboia/devkitPro/devkitARM/bin/../lib/gcc/arm-none-eabi/4.9.2/../../../../arm-none-eabi/lib/thumb/libg.a(lib_a-getenv_r.o)
                              /Users/andresaboia/devkitPro/devkitARM/bin/../lib/gcc/arm-none-eabi/4.9.2/../../../../arm-none-eabi/lib/thumb/libg.a(lib_a-locale.o) (_getenv_r)
/Users/andresaboia/devkitPro/devkitARM/bin/../lib/gcc/arm-none-eabi/4.9.2/../../../../arm-none-eabi/lib/thumb/libg.a(lib_a-memmove.o)
                              /Users/andresaboia/devkitPro/devkitARM/bin/../lib/gcc/arm-none-eabi/4.9.2/../../../../arm-none-eabi/lib/thumb/libg.a(lib_a-svfiprintf.o) (memmove)
/Users/andresaboia/devkitPro/devkitARM/bin/../lib/gcc/arm-none-eabi/4.9.2/../../../../arm-none-eabi/lib/thumb/libg.a(lib_a-reallocr.o)
                              /Users/andresaboia/devkitPro/devkitARM/bin/../lib/gcc/arm-none-eabi/4.9.2/../../../../arm-none-eabi/lib/thumb/libg.a(lib_a-svfiprintf.o) (_realloc_r)
/Users/andresaboia/devkitPro/devkitARM/bin/../lib/gcc/arm-none-eabi/4.9.2/../../../../arm-none-eabi/lib/thumb/libg.a(lib_a-environ.o)
                              /Users/andresaboia/devkitPro/devkitARM/bin/../lib/gcc/arm-none-eabi/4.9.2/../../../../arm-none-eabi/lib/thumb/libg.a(lib_a-getenv_r.o) (environ)
/Users/andresaboia/devkitPro/devkitARM/bin/../lib/gcc/arm-none-eabi/4.9.2/../../../../arm-none-eabi/lib/thumb/libg.a(lib_a-envlock.o)
                              /Users/andresaboia/devkitPro/devkitARM/bin/../lib/gcc/arm-none-eabi/4.9.2/../../../../arm-none-eabi/lib/thumb/libg.a(lib_a-getenv_r.o) (__env_lock)
/Users/andresaboia/devkitPro/devkitARM/bin/../lib/gcc/arm-none-eabi/4.9.2/../../../../arm-none-eabi/lib/thumb/libsysbase.a(sbrk.o)
                              /Users/andresaboia/devkitPro/devkitARM/bin/../lib/gcc/arm-none-eabi/4.9.2/../../../../arm-none-eabi/lib/thumb/libg.a(lib_a-mallocr.o) (_sbrk_r)
/Users/andresaboia/devkitPro/devkitARM/bin/../lib/gcc/arm-none-eabi/4.9.2/../../../../arm-none-eabi/lib/thumb/libsysbase.a(malloc_vars.o)
                              /Users/andresaboia/devkitPro/devkitARM/bin/../lib/gcc/arm-none-eabi/4.9.2/../../../../arm-none-eabi/lib/thumb/libsysbase.a(sbrk.o) (fake_heap_start)
/Users/andresaboia/devkitPro/devkitARM/bin/../lib/gcc/arm-none-eabi/4.9.2/thumb/libgcc.a(_arm_cmpdf2.o)
                              /Users/andresaboia/devkitPro/devkitARM/bin/../lib/gcc/arm-none-eabi/4.9.2/../../../../arm-none-eabi/lib/thumb/libg.a(lib_a-svfprintf.o) (__aeabi_dcmpeq)
/Users/andresaboia/devkitPro/devkitARM/bin/../lib/gcc/arm-none-eabi/4.9.2/thumb/libgcc.a(_aeabi_uldivmod.o)
                              /Users/andresaboia/devkitPro/devkitARM/bin/../lib/gcc/arm-none-eabi/4.9.2/../../../../arm-none-eabi/lib/thumb/libg.a(lib_a-svfprintf.o) (__aeabi_uldivmod)
/Users/andresaboia/devkitPro/devkitARM/bin/../lib/gcc/arm-none-eabi/4.9.2/thumb/libgcc.a(bpabi.o)
                              /Users/andresaboia/devkitPro/devkitARM/bin/../lib/gcc/arm-none-eabi/4.9.2/thumb/libgcc.a(_aeabi_uldivmod.o) (__gnu_uldivmod_helper)
/Users/andresaboia/devkitPro/devkitARM/bin/../lib/gcc/arm-none-eabi/4.9.2/thumb/libgcc.a(_muldi3.o)
                              /Users/andresaboia/devkitPro/devkitARM/bin/../lib/gcc/arm-none-eabi/4.9.2/thumb/libgcc.a(bpabi.o) (__aeabi_lmul)
/Users/andresaboia/devkitPro/devkitARM/bin/../lib/gcc/arm-none-eabi/4.9.2/thumb/libgcc.a(_divdi3.o)
                              /Users/andresaboia/devkitPro/devkitARM/bin/../lib/gcc/arm-none-eabi/4.9.2/thumb/libgcc.a(bpabi.o) (__divdi3)
/Users/andresaboia/devkitPro/devkitARM/bin/../lib/gcc/arm-none-eabi/4.9.2/thumb/libgcc.a(_udivdi3.o)
                              /Users/andresaboia/devkitPro/devkitARM/bin/../lib/gcc/arm-none-eabi/4.9.2/thumb/libgcc.a(bpabi.o) (__udivdi3)
/Users/andresaboia/devkitPro/devkitARM/bin/../lib/gcc/arm-none-eabi/4.9.2/thumb/libgcc.a(_clzdi2.o)
                              /Users/andresaboia/devkitPro/devkitARM/bin/../lib/gcc/arm-none-eabi/4.9.2/thumb/libgcc.a(_divdi3.o) (__clzdi2)
/Users/andresaboia/devkitPro/devkitARM/bin/../lib/gcc/arm-none-eabi/4.9.2/thumb/libgcc.a(_clzsi2.o)
                              /Users/andresaboia/devkitPro/devkitARM/bin/../lib/gcc/arm-none-eabi/4.9.2/thumb/libgcc.a(_clzdi2.o) (__clzsi2)

Allocating common symbols
Common symbol       size              file

my_timers           0x10              main.o
cur_water_level     0x2               main.o
gameState           0x2               main.o
farm_list           0x320             main.o
last_timers         0x10              main.o
curr_ButtonState    0x2               main.o
buttons             0xa               main.o
prev_ButtonState    0x2               main.o
cur_plant           0x8               main.o

Memory Configuration

Name             Origin             Length             Attributes
rom              0x08000000         0x02000000
iwram            0x03000000         0x00008000
ewram            0x02000000         0x00040000
*default*        0x00000000         0xffffffff

Linker script and memory map

                0x08000000                __text_start = ORIGIN (rom)
                0x02040000                __eheap_end = (ORIGIN (ewram) + 0x40000)
                0x03000000                __iwram_start = ORIGIN (iwram)
                0x03008000                __iwram_top = (ORIGIN (iwram) + 0x8000)
                0x03007fa0                __sp_irq = (__iwram_top - 0x60)
                0x03007f00                __sp_usr = (__sp_irq - 0xa0)
                0x03007ff8                __irq_flags = 0x3007ff8
                0x08000000                . = __text_start

.init           0x08000000      0x21c
 *(.init)
 .init          0x08000000      0x210 /Users/andresaboia/devkitPro/devkitARM/bin/../lib/gcc/arm-none-eabi/4.9.2/../../../../arm-none-eabi/lib/thumb/gba_crt0.o
                0x08000000                _start
                0x080000c4                __boot_method
                0x080000c5                __slave_number
                0x080000e0                start_vector
 .init          0x08000210        0x4 /Users/andresaboia/devkitPro/devkitARM/bin/../lib/gcc/arm-none-eabi/4.9.2/thumb/crti.o
                0x08000210                _init
 .init          0x08000214        0x8 /Users/andresaboia/devkitPro/devkitARM/bin/../lib/gcc/arm-none-eabi/4.9.2/thumb/crtn.o
                0x0800021c                . = ALIGN (0x4)

.plt            0x0800021c        0x0
 *(.plt)
                0x0800021c                . = ALIGN (0x4)

.text           0x08000220    0x108e0
 *(EXCLUDE_FILE(*.iwram*) .text)
 .text          0x08000220        0x0 /Users/andresaboia/devkitPro/devkitARM/bin/../lib/gcc/arm-none-eabi/4.9.2/../../../../arm-none-eabi/lib/thumb/gba_crt0.o
 .text          0x08000220        0x0 /Users/andresaboia/devkitPro/devkitARM/bin/../lib/gcc/arm-none-eabi/4.9.2/thumb/crti.o
 .text          0x08000220       0xd4 /Users/andresaboia/devkitPro/devkitARM/bin/../lib/gcc/arm-none-eabi/4.9.2/thumb/crtbegin.o
 *fill*         0x080002f4        0x4 ff
 .text          0x080002f8     0x58e0 main.o
                0x080002f8                keyPoll
                0x0800031c                keyIsDown
                0x0800032c                keyIsUp
                0x0800033c                keyWasDown
                0x0800034c                keyWasUp
                0x0800035c                keyTransition
                0x08000378                keyHeld
                0x08000394                keyHit
                0x080003b0                keyReleased
                0x080003cc                checkButtons
                0x08000444                pressed
                0x080004c0                waitVBlank
                0x080004d8                waitVBlank2
                0x080004e8                flipPage
                0x08000510                drawPixel3
                0x08000528                drawPixel4
                0x08000564                getPixelColor3
                0x0800057c                drawLine3
                0x08000678                drawBox3
                0x080007ac                drawSquare3
                0x08000a20                drawCenteredPic3
                0x08000abc                drawPic3
                0x08000c10                drawPic4
                0x08000cdc                drawCircle
                0x08000dcc                DMAFastCopy
                0x08000e00                copyRow
                0x08000e68                copyCol
                0x08000ecc                scrollHorizontally
                0x0800110c                scrollVertically
                0x08001354                print
                0x08001498                set_tile
                0x080014a8                draw_box
                0x08001694                print_box
                0x080018ec                reset_text
                0x08001904                print_story
                0x08001988                init_palette
                0x080019b4                init_text
                0x08001a04                updated_farm_position
                0x08001a88                init_farm_list
                0x08001b30                update_sprite_id
                0x08001b8c                getFarmId
                0x08001bbc                run_action
                0x08001c40                Initialize
                0x08001ed0                Draw
                0x08001fd4                updateTimers
                0x08002020                getTile
                0x08002060                getTileQuad
                0x0800217c                oam_init
                0x080021c0                initSpriteHandler
                0x0800229c                loadSpriteHandler
                0x080022dc                dude_init
                0x08002358                dude_update
                0x08003518                dude_set_state
                0x08003520                dude_input
                0x08003588                dude_move
                0x08004608                LoadContent
                0x080049d0                determineMove
                0x08004a2c                dude_animate
                0x08004ae4                dude_ani_stand
                0x08004b38                dude_ani_walk
                0x08004b94                loadRegionPal
                0x08004bb8                loadRegionMap
                0x08004c38                loadPortals
                0x08004c6c                loadRegion
                0x08005334                Update
                0x08005bb0                getPixelColor
 .text          0x08005bd8      0x11c /Users/andresaboia/devkitPro/devkitARM/bin/../lib/gcc/arm-none-eabi/4.9.2/thumb/libgcc.a(_udivsi3.o)
                0x08005bd8                __udivsi3
                0x08005bd8                __aeabi_uidiv
                0x08005cd4                __aeabi_uidivmod
 .text          0x08005cf4      0x150 /Users/andresaboia/devkitPro/devkitARM/bin/../lib/gcc/arm-none-eabi/4.9.2/thumb/libgcc.a(_divsi3.o)
                0x08005cf4                __aeabi_idiv
                0x08005cf4                __divsi3
                0x08005e24                __aeabi_idivmod
 .text          0x08005e44        0x4 /Users/andresaboia/devkitPro/devkitARM/bin/../lib/gcc/arm-none-eabi/4.9.2/thumb/libgcc.a(_dvmd_tls.o)
                0x08005e44                __aeabi_ldiv0
                0x08005e44                __aeabi_idiv0
 .text          0x08005e48      0x41c /Users/andresaboia/devkitPro/devkitARM/bin/../lib/gcc/arm-none-eabi/4.9.2/thumb/libgcc.a(_arm_addsubdf3.o)
                0x08005e48                __aeabi_drsub
                0x08005e50                __subdf3
                0x08005e50                __aeabi_dsub
                0x08005e54                __aeabi_dadd
                0x08005e54                __adddf3
                0x08006164                __aeabi_ui2d
                0x08006164                __floatunsidf
                0x08006188                __floatsidf
                0x08006188                __aeabi_i2d
                0x080061b0                __extendsfdf2
                0x080061b0                __aeabi_f2d
                0x080061f0                __aeabi_ul2d
                0x080061f0                __floatundidf
                0x08006204                __aeabi_l2d
                0x08006204                __floatdidf
 .text          0x08006264      0x49c /Users/andresaboia/devkitPro/devkitARM/bin/../lib/gcc/arm-none-eabi/4.9.2/thumb/libgcc.a(_arm_muldivdf3.o)
                0x08006264                __aeabi_dmul
                0x08006264                __muldf3
                0x080064f4                __aeabi_ddiv
                0x080064f4                __divdf3
 .text          0x08006700       0x5c /Users/andresaboia/devkitPro/devkitARM/bin/../lib/gcc/arm-none-eabi/4.9.2/thumb/libgcc.a(_arm_fixdfsi.o)
                0x08006700                __fixdfsi
                0x08006700                __aeabi_d2iz
 .text          0x0800675c       0x58 /Users/andresaboia/devkitPro/devkitARM/bin/../lib/gcc/arm-none-eabi/4.9.2/../../../../arm-none-eabi/lib/thumb/libg.a(lib_a-init.o)
                0x0800675c                __libc_init_array
 .text          0x080067b4       0x30 /Users/andresaboia/devkitPro/devkitARM/bin/../lib/gcc/arm-none-eabi/4.9.2/../../../../arm-none-eabi/lib/thumb/libg.a(lib_a-malloc.o)
                0x080067b4                malloc
                0x080067cc                free
 .text          0x080067e4      0x540 /Users/andresaboia/devkitPro/devkitARM/bin/../lib/gcc/arm-none-eabi/4.9.2/../../../../arm-none-eabi/lib/thumb/libg.a(lib_a-mallocr.o)
                0x080067e4                _malloc_r
 .text          0x08006d24       0x84 /Users/andresaboia/devkitPro/devkitARM/bin/../lib/gcc/arm-none-eabi/4.9.2/../../../../arm-none-eabi/lib/thumb/libg.a(lib_a-memcpy-stub.o)
                0x08006d24                memcpy
 .text          0x08006da8       0x98 /Users/andresaboia/devkitPro/devkitARM/bin/../lib/gcc/arm-none-eabi/4.9.2/../../../../arm-none-eabi/lib/thumb/libg.a(lib_a-memset.o)
                0x08006da8                memset
 .text          0x08006e40        0x8 /Users/andresaboia/devkitPro/devkitARM/bin/../lib/gcc/arm-none-eabi/4.9.2/../../../../arm-none-eabi/lib/thumb/libg.a(lib_a-mlock.o)
                0x08006e40                __malloc_lock
                0x08006e44                __malloc_unlock
 .text          0x08006e48       0x84 /Users/andresaboia/devkitPro/devkitARM/bin/../lib/gcc/arm-none-eabi/4.9.2/../../../../arm-none-eabi/lib/thumb/libg.a(lib_a-sprintf.o)
                0x08006e48                _sprintf_r
                0x08006e88                sprintf
 .text          0x08006ecc       0x10 /Users/andresaboia/devkitPro/devkitARM/bin/../lib/gcc/arm-none-eabi/4.9.2/../../../../arm-none-eabi/lib/thumb/libg.a(lib_a-strlen.o)
                0x08006ecc                strlen
 *fill*         0x08006edc        0x4 ff
 .text          0x08006ee0     0x3238 /Users/andresaboia/devkitPro/devkitARM/bin/../lib/gcc/arm-none-eabi/4.9.2/../../../../arm-none-eabi/lib/thumb/libg.a(lib_a-svfprintf.o)
                0x08007384                _svfprintf_r
 .text          0x0800a118       0xdc /Users/andresaboia/devkitPro/devkitARM/bin/../lib/gcc/arm-none-eabi/4.9.2/../../../../arm-none-eabi/lib/thumb/libg.a(lib_a-wcrtomb.o)
                0x0800a118                _wcrtomb_r
                0x0800a180                wcrtomb
 .text          0x0800a1f4       0x40 /Users/andresaboia/devkitPro/devkitARM/bin/../lib/gcc/arm-none-eabi/4.9.2/../../../../arm-none-eabi/lib/thumb/libg.a(lib_a-wcsrtombs.o)
                0x0800a1f4                _wcsrtombs_r
                0x0800a20c                wcsrtombs
 .text          0x0800a234      0x29c /Users/andresaboia/devkitPro/devkitARM/bin/../lib/gcc/arm-none-eabi/4.9.2/../../../../arm-none-eabi/lib/thumb/libg.a(lib_a-wctomb_r.o)
                0x0800a234                __utf8_wctomb
                0x0800a2f4                _wctomb_r
                0x0800a32c                __ascii_wctomb
                0x0800a348                __sjis_wctomb
                0x0800a3c8                __eucjp_wctomb
                0x0800a450                __jis_wctomb
 .text          0x0800a4d0     0x11f8 /Users/andresaboia/devkitPro/devkitARM/bin/../lib/gcc/arm-none-eabi/4.9.2/../../../../arm-none-eabi/lib/thumb/libg.a(lib_a-dtoa.o)
                0x0800a630                _dtoa_r
 .text          0x0800b6c8      0x254 /Users/andresaboia/devkitPro/devkitARM/bin/../lib/gcc/arm-none-eabi/4.9.2/../../../../arm-none-eabi/lib/thumb/libg.a(lib_a-freer.o)
                0x0800b6c8                _malloc_trim_r
                0x0800b76c                _free_r
 .text          0x0800b91c        0x0 /Users/andresaboia/devkitPro/devkitARM/bin/../lib/gcc/arm-none-eabi/4.9.2/../../../../arm-none-eabi/lib/thumb/libg.a(lib_a-impure.o)
 .text          0x0800b91c      0x96c /Users/andresaboia/devkitPro/devkitARM/bin/../lib/gcc/arm-none-eabi/4.9.2/../../../../arm-none-eabi/lib/thumb/libg.a(lib_a-locale.o)
                0x0800c000                _setlocale_r
                0x0800c228                __locale_charset
                0x0800c230                __locale_mb_cur_max
                0x0800c23c                __locale_msgcharset
                0x0800c248                __locale_cjk_lang
                0x0800c254                _localeconv_r
                0x0800c260                setlocale
                0x0800c27c                localeconv
 .text          0x0800c288      0x5f0 /Users/andresaboia/devkitPro/devkitARM/bin/../lib/gcc/arm-none-eabi/4.9.2/../../../../arm-none-eabi/lib/thumb/libg.a(lib_a-mbtowc_r.o)
                0x0800c288                __utf8_mbtowc
                0x0800c544                _mbtowc_r
                0x0800c580                __ascii_mbtowc
                0x0800c5ac                __sjis_mbtowc
                0x0800c660                __eucjp_mbtowc
                0x0800c730                __jis_mbtowc
 .text          0x0800c878       0x8c /Users/andresaboia/devkitPro/devkitARM/bin/../lib/gcc/arm-none-eabi/4.9.2/../../../../arm-none-eabi/lib/thumb/libg.a(lib_a-memchr-stub.o)
                0x0800c878                memchr
 *fill*         0x0800c904        0x4 ff
 .text          0x0800c908      0x9c0 /Users/andresaboia/devkitPro/devkitARM/bin/../lib/gcc/arm-none-eabi/4.9.2/../../../../arm-none-eabi/lib/thumb/libg.a(lib_a-mprec.o)
                0x0800c908                _Balloc
                0x0800c95c                _Bfree
                0x0800c970                __multadd
                0x0800ca0c                __s2b
                0x0800caa8                __hi0bits
                0x0800cae4                __lo0bits
                0x0800cb40                __i2b
                0x0800cb58                __multiply
                0x0800ccc0                __pow5mult
                0x0800cd80                __lshift
                0x0800ce50                __mcmp
                0x0800ce8c                __mdiff
                0x0800cf78                __ulp
                0x0800cfc8                __b2d
                0x0800d0a8                __d2b
                0x0800d168                __ratio
                0x0800d1dc                _mprec_log10
                0x0800d21c                __copybits
                0x0800d260                __any_on
 .text          0x0800d2c8       0x5c /Users/andresaboia/devkitPro/devkitARM/bin/../lib/gcc/arm-none-eabi/4.9.2/../../../../arm-none-eabi/lib/thumb/libg.a(lib_a-s_fpclassify.o)
                0x0800d2c8                __fpclassifyd
 *fill*         0x0800d324        0x4 ff
 .text          0x0800d328       0x80 /Users/andresaboia/devkitPro/devkitARM/bin/../lib/gcc/arm-none-eabi/4.9.2/../../../../arm-none-eabi/lib/thumb/libg.a(lib_a-s_frexp.o)
                0x0800d328                frexp
 .text          0x0800d3a8       0x58 /Users/andresaboia/devkitPro/devkitARM/bin/../lib/gcc/arm-none-eabi/4.9.2/../../../../arm-none-eabi/lib/thumb/libg.a(lib_a-strcasecmp.o)
                0x0800d3a8                strcasecmp
 .text          0x0800d400       0x54 /Users/andresaboia/devkitPro/devkitARM/bin/../lib/gcc/arm-none-eabi/4.9.2/../../../../arm-none-eabi/lib/thumb/libg.a(lib_a-strcat.o)
                0x0800d400                strcat
 .text          0x0800d454       0xdc /Users/andresaboia/devkitPro/devkitARM/bin/../lib/gcc/arm-none-eabi/4.9.2/../../../../arm-none-eabi/lib/thumb/libg.a(lib_a-strchr.o)
                0x0800d454                strchr
 .text          0x0800d530       0x14 /Users/andresaboia/devkitPro/devkitARM/bin/../lib/gcc/arm-none-eabi/4.9.2/../../../../arm-none-eabi/lib/thumb/libg.a(lib_a-strcmp.o)
                0x0800d530                strcmp
 .text          0x0800d544       0x10 /Users/andresaboia/devkitPro/devkitARM/bin/../lib/gcc/arm-none-eabi/4.9.2/../../../../arm-none-eabi/lib/thumb/libg.a(lib_a-strcpy.o)
                0x0800d544                strcpy
 .text          0x0800d554       0x4c /Users/andresaboia/devkitPro/devkitARM/bin/../lib/gcc/arm-none-eabi/4.9.2/../../../../arm-none-eabi/lib/thumb/libg.a(lib_a-strlcpy.o)
                0x0800d554                strlcpy
 .text          0x0800d5a0       0x5c /Users/andresaboia/devkitPro/devkitARM/bin/../lib/gcc/arm-none-eabi/4.9.2/../../../../arm-none-eabi/lib/thumb/libg.a(lib_a-strncasecmp.o)
                0x0800d5a0                strncasecmp
 .text          0x0800d5fc       0x98 /Users/andresaboia/devkitPro/devkitARM/bin/../lib/gcc/arm-none-eabi/4.9.2/../../../../arm-none-eabi/lib/thumb/libg.a(lib_a-strncmp.o)
                0x0800d5fc                strncmp
 .text          0x0800d694       0x7c /Users/andresaboia/devkitPro/devkitARM/bin/../lib/gcc/arm-none-eabi/4.9.2/../../../../arm-none-eabi/lib/thumb/libg.a(lib_a-strncpy.o)
                0x0800d694                strncpy
 .text          0x0800d710      0x17c /Users/andresaboia/devkitPro/devkitARM/bin/../lib/gcc/arm-none-eabi/4.9.2/../../../../arm-none-eabi/lib/thumb/libg.a(lib_a-strtol.o)
                0x0800d710                _strtol_r
                0x0800d86c                strtol
 .text          0x0800d88c     0x2368 /Users/andresaboia/devkitPro/devkitARM/bin/../lib/gcc/arm-none-eabi/4.9.2/../../../../arm-none-eabi/lib/thumb/libg.a(lib_a-svfiprintf.o)
                0x0800dd3c                __ssprint_r
                0x0800de70                _svfiprintf_r
 .text          0x0800fbf4      0x13c /Users/andresaboia/devkitPro/devkitARM/bin/../lib/gcc/arm-none-eabi/4.9.2/../../../../arm-none-eabi/lib/thumb/libg.a(lib_a-wcsnrtombs.o)
                0x0800fbf4                _wcsnrtombs_r
                0x0800fd00                wcsnrtombs
 .text          0x0800fd30       0x64 /Users/andresaboia/devkitPro/devkitARM/bin/../lib/gcc/arm-none-eabi/4.9.2/../../../../arm-none-eabi/lib/thumb/libg.a(lib_a-callocr.o)
                0x0800fd30                _calloc_r
 .text          0x0800fd94       0x10 /Users/andresaboia/devkitPro/devkitARM/bin/../lib/gcc/arm-none-eabi/4.9.2/../../../../arm-none-eabi/lib/thumb/libg.a(lib_a-ctype_.o)
                0x0800fd94                __set_ctype
 .text          0x0800fda4       0xa8 /Users/andresaboia/devkitPro/devkitARM/bin/../lib/gcc/arm-none-eabi/4.9.2/../../../../arm-none-eabi/lib/thumb/libg.a(lib_a-getenv_r.o)
                0x0800fda4                _findenv_r
                0x0800fe3c                _getenv_r
 .text          0x0800fe4c       0x9c /Users/andresaboia/devkitPro/devkitARM/bin/../lib/gcc/arm-none-eabi/4.9.2/../../../../arm-none-eabi/lib/thumb/libg.a(lib_a-memmove.o)
                0x0800fe4c                memmove
 .text          0x0800fee8      0x3dc /Users/andresaboia/devkitPro/devkitARM/bin/../lib/gcc/arm-none-eabi/4.9.2/../../../../arm-none-eabi/lib/thumb/libg.a(lib_a-reallocr.o)
                0x0800fee8                _realloc_r
 .text          0x080102c4        0x0 /Users/andresaboia/devkitPro/devkitARM/bin/../lib/gcc/arm-none-eabi/4.9.2/../../../../arm-none-eabi/lib/thumb/libg.a(lib_a-environ.o)
 .text          0x080102c4        0x8 /Users/andresaboia/devkitPro/devkitARM/bin/../lib/gcc/arm-none-eabi/4.9.2/../../../../arm-none-eabi/lib/thumb/libg.a(lib_a-envlock.o)
                0x080102c4                __env_lock
                0x080102c8                __env_unlock
 .text          0x080102cc       0x54 /Users/andresaboia/devkitPro/devkitARM/bin/../lib/gcc/arm-none-eabi/4.9.2/../../../../arm-none-eabi/lib/thumb/libsysbase.a(sbrk.o)
                0x080102cc                _sbrk_r
 .text          0x08010320        0x0 /Users/andresaboia/devkitPro/devkitARM/bin/../lib/gcc/arm-none-eabi/4.9.2/../../../../arm-none-eabi/lib/thumb/libsysbase.a(malloc_vars.o)
 .text          0x08010320      0x144 /Users/andresaboia/devkitPro/devkitARM/bin/../lib/gcc/arm-none-eabi/4.9.2/thumb/libgcc.a(_arm_cmpdf2.o)
                0x08010320                __gtdf2
                0x08010320                __gedf2
                0x08010328                __ltdf2
                0x08010328                __ledf2
                0x08010330                __eqdf2
                0x08010330                __nedf2
                0x08010330                __cmpdf2
                0x080103b8                __aeabi_cdrcmple
                0x080103d4                __aeabi_cdcmple
                0x080103d4                __aeabi_cdcmpeq
                0x080103ec                __aeabi_dcmpeq
                0x08010404                __aeabi_dcmplt
                0x0801041c                __aeabi_dcmple
                0x08010434                __aeabi_dcmpge
                0x0801044c                __aeabi_dcmpgt
 .text          0x08010464       0x3c /Users/andresaboia/devkitPro/devkitARM/bin/../lib/gcc/arm-none-eabi/4.9.2/thumb/libgcc.a(_aeabi_uldivmod.o)
                0x08010464                __aeabi_uldivmod
 .text          0x080104a0       0x74 /Users/andresaboia/devkitPro/devkitARM/bin/../lib/gcc/arm-none-eabi/4.9.2/thumb/libgcc.a(bpabi.o)
                0x080104a0                __gnu_ldivmod_helper
                0x080104dc                __gnu_uldivmod_helper
 .text          0x08010514       0x60 /Users/andresaboia/devkitPro/devkitARM/bin/../lib/gcc/arm-none-eabi/4.9.2/thumb/libgcc.a(_muldi3.o)
                0x08010514                __aeabi_lmul
                0x08010514                __muldi3
 .text          0x08010574      0x1f4 /Users/andresaboia/devkitPro/devkitARM/bin/../lib/gcc/arm-none-eabi/4.9.2/thumb/libgcc.a(_divdi3.o)
                0x08010574                __divdi3
 .text          0x08010768      0x15c /Users/andresaboia/devkitPro/devkitARM/bin/../lib/gcc/arm-none-eabi/4.9.2/thumb/libgcc.a(_udivdi3.o)
                0x08010768                __udivdi3
 .text          0x080108c4       0x28 /Users/andresaboia/devkitPro/devkitARM/bin/../lib/gcc/arm-none-eabi/4.9.2/thumb/libgcc.a(_clzdi2.o)
                0x080108c4                __clzdi2
 .text          0x080108ec       0x48 /Users/andresaboia/devkitPro/devkitARM/bin/../lib/gcc/arm-none-eabi/4.9.2/thumb/libgcc.a(_clzsi2.o)
                0x080108ec                __clzsi2
 .text          0x08010934        0x0 /Users/andresaboia/devkitPro/devkitARM/bin/../lib/gcc/arm-none-eabi/4.9.2/thumb/crtend.o
 .text          0x08010934        0x0 /Users/andresaboia/devkitPro/devkitARM/bin/../lib/gcc/arm-none-eabi/4.9.2/thumb/crtn.o
 *(.text .stub .text.* .gnu.linkonce.t.*)
 .text.startup  0x08010934      0x110 main.o
                0x08010934                main
 *fill*         0x08010a44        0x4 ff
 .text.startup.__stub
                0x08010a48       0xac linker stubs
 *(.text.*personality*)
 *(.gnu.warning)
 *(.glue_7t)
 .glue_7t       0x00000000        0x0 linker stubs
 *(.glue_7)
 .glue_7        0x00000000        0x0 linker stubs
 *(.vfp11_veneer)
 .vfp11_veneer  0x00000000        0x0 linker stubs
                0x08010af4                . = ALIGN (0x4)
                0x08010af4                __text_end = .

.v4_bx          0x08010b00        0x0
 .v4_bx         0x00000000        0x0 linker stubs

.iplt           0x08010b00        0x0
 .iplt          0x00000000        0x0 /Users/andresaboia/devkitPro/devkitARM/bin/../lib/gcc/arm-none-eabi/4.9.2/../../../../arm-none-eabi/lib/thumb/gba_crt0.o

.fini           0x08010b00        0xc
 *(.fini)
 .fini          0x08010b00        0x4 /Users/andresaboia/devkitPro/devkitARM/bin/../lib/gcc/arm-none-eabi/4.9.2/thumb/crti.o
                0x08010b00                _fini
 .fini          0x08010b04        0x8 /Users/andresaboia/devkitPro/devkitARM/bin/../lib/gcc/arm-none-eabi/4.9.2/thumb/crtn.o
                0x08010b0c                . = ALIGN (0x4)

.rodata         0x08010b10    0x8d100
 *(.rodata)
 .rodata        0x08010b10    0x8c2a8 main.o
                0x08010ca8                fontTiles
                0x08013ea8                Water_Tiles
                0x08013f68                Water_Map
                0x08014768                sprite_data_2d_8bppTiles
                0x08018768                id_stand
                0x08018778                id_walk
                0x080187f8                Home_Farm_Tiles
                0x08019b38                Home_Farm_Map
                0x08020bb8                Home_Farm_Hitmap_Tiles
                0x080212f8                Home_Farm_Hitmap_Map
                0x08028378                Map_Palette
                0x08028578                sprite_data_2d_8bppPal
                0x08028778                Other_Farm1_Tiles
                0x080298b8                Other_Farm1_Map
                0x08031298                Other_Farm1_Hitmap_Map
                0x08038c78                Other_Farm1_Hitmap_Tiles
                0x080393b8                Other_Farm2_Tiles
                0x0803a4f8                Other_Farm2_Map
                0x08041ed8                Other_Farm2_Hitmap_Tiles
                0x08042618                Other_Farm2_Hitmap_Map
                0x08049ff8                Other_Farm3_Tiles
                0x0804b038                Other_Farm3_Map
                0x08052a18                Other_Farm3_Hitmap_Tiles
                0x08053158                Other_Farm3_Hitmap_Map
                0x0805ab38                Town_Tiles
                0x0805bb78                Town_Map
                0x08065178                Town_Hitmap_Tiles
                0x08065738                Town_Hitmap_Map
                0x0806ed38                Road1_Tiles
                0x0806fd78                Road1_Map
                0x080861b8                Road1_Hitmap_Tiles
                0x08086778                Road1_Hitmap_Map
                0x0809cbb8                fontPal
 .rodata        0x0809cdb8      0x384 /Users/andresaboia/devkitPro/devkitARM/bin/../lib/gcc/arm-none-eabi/4.9.2/../../../../arm-none-eabi/lib/thumb/libg.a(lib_a-svfprintf.o)
 .rodata        0x0809d13c        0x4 /Users/andresaboia/devkitPro/devkitARM/bin/../lib/gcc/arm-none-eabi/4.9.2/../../../../arm-none-eabi/lib/thumb/libg.a(lib_a-impure.o)
                0x0809d13c                _global_impure_ptr
 .rodata        0x0809d140       0xf0 /Users/andresaboia/devkitPro/devkitARM/bin/../lib/gcc/arm-none-eabi/4.9.2/../../../../arm-none-eabi/lib/thumb/libg.a(lib_a-locale.o)
 .rodata        0x0809d230       0xa8 /Users/andresaboia/devkitPro/devkitARM/bin/../lib/gcc/arm-none-eabi/4.9.2/../../../../arm-none-eabi/lib/thumb/libg.a(lib_a-mbtowc_r.o)
 .rodata        0x0809d2d8      0x128 /Users/andresaboia/devkitPro/devkitARM/bin/../lib/gcc/arm-none-eabi/4.9.2/../../../../arm-none-eabi/lib/thumb/libg.a(lib_a-mprec.o)
                0x0809d2e8                __mprec_tens
                0x0809d3b0                __mprec_tinytens
                0x0809d3d8                __mprec_bigtens
 .rodata        0x0809d400      0x55c /Users/andresaboia/devkitPro/devkitARM/bin/../lib/gcc/arm-none-eabi/4.9.2/../../../../arm-none-eabi/lib/thumb/libg.a(lib_a-svfiprintf.o)
                0x0809d764                __chclass
                0x0809d864                __state_table
                0x0809d8d0                __action_table
 .rodata        0x0809d95c      0x104 /Users/andresaboia/devkitPro/devkitARM/bin/../lib/gcc/arm-none-eabi/4.9.2/../../../../arm-none-eabi/lib/thumb/libg.a(lib_a-ctype_.o)
                0x0809d95c                _ctype_
 *all.rodata*(*)
 *(.roda)
 *(.rodata.*)
 .rodata.str1.4
                0x0809da60       0x2e main.o
                                 0x30 (size before relaxing)
 *fill*         0x0809da8e        0x2 ff
 .rodata.str1.4
                0x0809da90       0x42 /Users/andresaboia/devkitPro/devkitARM/bin/../lib/gcc/arm-none-eabi/4.9.2/../../../../arm-none-eabi/lib/thumb/libg.a(lib_a-svfprintf.o)
                                 0x44 (size before relaxing)
 *fill*         0x0809dad2        0x2 ff
 .rodata.str1.4
                0x0809dad4       0x10 /Users/andresaboia/devkitPro/devkitARM/bin/../lib/gcc/arm-none-eabi/4.9.2/../../../../arm-none-eabi/lib/thumb/libg.a(lib_a-dtoa.o)
                                 0x14 (size before relaxing)
 .rodata.str1.4
                0x0809dae4        0x2 /Users/andresaboia/devkitPro/devkitARM/bin/../lib/gcc/arm-none-eabi/4.9.2/../../../../arm-none-eabi/lib/thumb/libg.a(lib_a-impure.o)
                                  0x4 (size before relaxing)
 *fill*         0x0809dae6        0x2 ff
 .rodata.str1.4
                0x0809dae8      0x128 /Users/andresaboia/devkitPro/devkitARM/bin/../lib/gcc/arm-none-eabi/4.9.2/../../../../arm-none-eabi/lib/thumb/libg.a(lib_a-locale.o)
                                0x130 (size before relaxing)
 .rodata.str1.4
                0x00000000       0x30 /Users/andresaboia/devkitPro/devkitARM/bin/../lib/gcc/arm-none-eabi/4.9.2/../../../../arm-none-eabi/lib/thumb/libg.a(lib_a-svfiprintf.o)
 *(.gnu.linkonce.r*)
                0x0809dc10                . = ALIGN (0x4)

.rel.dyn        0x0809dc10        0x0
 .rel.iplt      0x00000000        0x0 /Users/andresaboia/devkitPro/devkitARM/bin/../lib/gcc/arm-none-eabi/4.9.2/../../../../arm-none-eabi/lib/thumb/gba_crt0.o

.ARM.extab
 *(.ARM.extab* .gnu.linkonce.armextab.*)
                0x0809dc10                __exidx_start = .

.ARM.exidx
 *(.ARM.exidx* .gnu.linkonce.armexidx.*)
                0x0809dc10                __exidx_end = .

.ctors          0x0809dc10        0x0
 *crtbegin.o(.ctors)
 *(EXCLUDE_FILE(*crtend.o) .ctors)
 *(SORT(.ctors.*))
 *(.ctors)
                0x0809dc10                . = ALIGN (0x4)

.dtors          0x0809dc10        0x0
 *crtbegin.o(.dtors)
 *(EXCLUDE_FILE(*crtend.o) .dtors)
 *(SORT(.dtors.*))
 *(.dtors)
                0x0809dc10                . = ALIGN (0x4)

.eh_frame       0x0809dc10        0x4
 *(.eh_frame)
 .eh_frame      0x0809dc10        0x0 /Users/andresaboia/devkitPro/devkitARM/bin/../lib/gcc/arm-none-eabi/4.9.2/thumb/crtbegin.o
 .eh_frame      0x0809dc10        0x4 /Users/andresaboia/devkitPro/devkitARM/bin/../lib/gcc/arm-none-eabi/4.9.2/thumb/crtend.o
                0x0809dc14                . = ALIGN (0x4)

.gcc_except_table
                0x0809dc14        0x0
 *(.gcc_except_table)
                0x0809dc14                . = ALIGN (0x4)
                0x0809dc14                __iwram_lma = .

.iwram          0x03000000        0x0 load address 0x0809dc14
                0x03000000                __iwram_start__ = ABSOLUTE (.)
 *(.iwram)
 *iwram.*(.text)
                0x03000000                . = ALIGN (0x4)
                0x03000000                __iwram_end__ = ABSOLUTE (.)
                0x0809dc14                __data_lma = (__iwram_lma + SIZEOF (.iwram))

.bss            0x03000000      0x674
                0x03000000                __bss_start = ABSOLUTE (.)
                0x03000000                __bss_start__ = ABSOLUTE (.)
 *(.dynbss)
 *(.gnu.linkonce.b*)
 *(.bss*)
 .bss           0x03000000        0x0 /Users/andresaboia/devkitPro/devkitARM/bin/../lib/gcc/arm-none-eabi/4.9.2/../../../../arm-none-eabi/lib/thumb/gba_crt0.o
 .bss           0x03000000        0x0 /Users/andresaboia/devkitPro/devkitARM/bin/../lib/gcc/arm-none-eabi/4.9.2/thumb/crti.o
 .bss           0x03000000       0x1c /Users/andresaboia/devkitPro/devkitARM/bin/../lib/gcc/arm-none-eabi/4.9.2/thumb/crtbegin.o
 .bss           0x0300001c        0x0 main.o
 .bss           0x0300001c        0x0 /Users/andresaboia/devkitPro/devkitARM/bin/../lib/gcc/arm-none-eabi/4.9.2/thumb/libgcc.a(_udivsi3.o)
 .bss           0x0300001c        0x0 /Users/andresaboia/devkitPro/devkitARM/bin/../lib/gcc/arm-none-eabi/4.9.2/thumb/libgcc.a(_divsi3.o)
 .bss           0x0300001c        0x0 /Users/andresaboia/devkitPro/devkitARM/bin/../lib/gcc/arm-none-eabi/4.9.2/thumb/libgcc.a(_dvmd_tls.o)
 .bss           0x0300001c        0x0 /Users/andresaboia/devkitPro/devkitARM/bin/../lib/gcc/arm-none-eabi/4.9.2/thumb/libgcc.a(_arm_addsubdf3.o)
 .bss           0x0300001c        0x0 /Users/andresaboia/devkitPro/devkitARM/bin/../lib/gcc/arm-none-eabi/4.9.2/thumb/libgcc.a(_arm_muldivdf3.o)
 .bss           0x0300001c        0x0 /Users/andresaboia/devkitPro/devkitARM/bin/../lib/gcc/arm-none-eabi/4.9.2/thumb/libgcc.a(_arm_fixdfsi.o)
 .bss           0x0300001c        0x0 /Users/andresaboia/devkitPro/devkitARM/bin/../lib/gcc/arm-none-eabi/4.9.2/../../../../arm-none-eabi/lib/thumb/libg.a(lib_a-init.o)
 .bss           0x0300001c        0x0 /Users/andresaboia/devkitPro/devkitARM/bin/../lib/gcc/arm-none-eabi/4.9.2/../../../../arm-none-eabi/lib/thumb/libg.a(lib_a-malloc.o)
 .bss           0x0300001c       0x34 /Users/andresaboia/devkitPro/devkitARM/bin/../lib/gcc/arm-none-eabi/4.9.2/../../../../arm-none-eabi/lib/thumb/libg.a(lib_a-mallocr.o)
                0x0300001c                __malloc_top_pad
                0x03000020                __malloc_current_mallinfo
                0x03000048                __malloc_max_sbrked_mem
                0x0300004c                __malloc_max_total_mem
 .bss           0x03000050        0x0 /Users/andresaboia/devkitPro/devkitARM/bin/../lib/gcc/arm-none-eabi/4.9.2/../../../../arm-none-eabi/lib/thumb/libg.a(lib_a-memcpy-stub.o)
 .bss           0x03000050        0x0 /Users/andresaboia/devkitPro/devkitARM/bin/../lib/gcc/arm-none-eabi/4.9.2/../../../../arm-none-eabi/lib/thumb/libg.a(lib_a-memset.o)
 .bss           0x03000050        0x0 /Users/andresaboia/devkitPro/devkitARM/bin/../lib/gcc/arm-none-eabi/4.9.2/../../../../arm-none-eabi/lib/thumb/libg.a(lib_a-mlock.o)
 .bss           0x03000050        0x0 /Users/andresaboia/devkitPro/devkitARM/bin/../lib/gcc/arm-none-eabi/4.9.2/../../../../arm-none-eabi/lib/thumb/libg.a(lib_a-sprintf.o)
 .bss           0x03000050        0x0 /Users/andresaboia/devkitPro/devkitARM/bin/../lib/gcc/arm-none-eabi/4.9.2/../../../../arm-none-eabi/lib/thumb/libg.a(lib_a-strlen.o)
 .bss           0x03000050        0x0 /Users/andresaboia/devkitPro/devkitARM/bin/../lib/gcc/arm-none-eabi/4.9.2/../../../../arm-none-eabi/lib/thumb/libg.a(lib_a-svfprintf.o)
 .bss           0x03000050        0x0 /Users/andresaboia/devkitPro/devkitARM/bin/../lib/gcc/arm-none-eabi/4.9.2/../../../../arm-none-eabi/lib/thumb/libg.a(lib_a-wcrtomb.o)
 .bss           0x03000050        0x0 /Users/andresaboia/devkitPro/devkitARM/bin/../lib/gcc/arm-none-eabi/4.9.2/../../../../arm-none-eabi/lib/thumb/libg.a(lib_a-wcsrtombs.o)
 .bss           0x03000050        0x0 /Users/andresaboia/devkitPro/devkitARM/bin/../lib/gcc/arm-none-eabi/4.9.2/../../../../arm-none-eabi/lib/thumb/libg.a(lib_a-wctomb_r.o)
 .bss           0x03000050        0x0 /Users/andresaboia/devkitPro/devkitARM/bin/../lib/gcc/arm-none-eabi/4.9.2/../../../../arm-none-eabi/lib/thumb/libg.a(lib_a-dtoa.o)
 .bss           0x03000050        0x0 /Users/andresaboia/devkitPro/devkitARM/bin/../lib/gcc/arm-none-eabi/4.9.2/../../../../arm-none-eabi/lib/thumb/libg.a(lib_a-freer.o)
 .bss           0x03000050        0x0 /Users/andresaboia/devkitPro/devkitARM/bin/../lib/gcc/arm-none-eabi/4.9.2/../../../../arm-none-eabi/lib/thumb/libg.a(lib_a-impure.o)
 .bss           0x03000050      0x2b8 /Users/andresaboia/devkitPro/devkitARM/bin/../lib/gcc/arm-none-eabi/4.9.2/../../../../arm-none-eabi/lib/thumb/libg.a(lib_a-locale.o)
                0x030002fc                _PathLocale
                0x03000300                __mlocale_changed
                0x03000304                __nlocale_changed
 .bss           0x03000308        0x0 /Users/andresaboia/devkitPro/devkitARM/bin/../lib/gcc/arm-none-eabi/4.9.2/../../../../arm-none-eabi/lib/thumb/libg.a(lib_a-mbtowc_r.o)
 .bss           0x03000308        0x0 /Users/andresaboia/devkitPro/devkitARM/bin/../lib/gcc/arm-none-eabi/4.9.2/../../../../arm-none-eabi/lib/thumb/libg.a(lib_a-memchr-stub.o)
 .bss           0x03000308        0x0 /Users/andresaboia/devkitPro/devkitARM/bin/../lib/gcc/arm-none-eabi/4.9.2/../../../../arm-none-eabi/lib/thumb/libg.a(lib_a-mprec.o)
 .bss           0x03000308        0x0 /Users/andresaboia/devkitPro/devkitARM/bin/../lib/gcc/arm-none-eabi/4.9.2/../../../../arm-none-eabi/lib/thumb/libg.a(lib_a-s_fpclassify.o)
 .bss           0x03000308        0x0 /Users/andresaboia/devkitPro/devkitARM/bin/../lib/gcc/arm-none-eabi/4.9.2/../../../../arm-none-eabi/lib/thumb/libg.a(lib_a-s_frexp.o)
 .bss           0x03000308        0x0 /Users/andresaboia/devkitPro/devkitARM/bin/../lib/gcc/arm-none-eabi/4.9.2/../../../../arm-none-eabi/lib/thumb/libg.a(lib_a-strcasecmp.o)
 .bss           0x03000308        0x0 /Users/andresaboia/devkitPro/devkitARM/bin/../lib/gcc/arm-none-eabi/4.9.2/../../../../arm-none-eabi/lib/thumb/libg.a(lib_a-strcat.o)
 .bss           0x03000308        0x0 /Users/andresaboia/devkitPro/devkitARM/bin/../lib/gcc/arm-none-eabi/4.9.2/../../../../arm-none-eabi/lib/thumb/libg.a(lib_a-strchr.o)
 .bss           0x03000308        0x0 /Users/andresaboia/devkitPro/devkitARM/bin/../lib/gcc/arm-none-eabi/4.9.2/../../../../arm-none-eabi/lib/thumb/libg.a(lib_a-strcmp.o)
 .bss           0x03000308        0x0 /Users/andresaboia/devkitPro/devkitARM/bin/../lib/gcc/arm-none-eabi/4.9.2/../../../../arm-none-eabi/lib/thumb/libg.a(lib_a-strcpy.o)
 .bss           0x03000308        0x0 /Users/andresaboia/devkitPro/devkitARM/bin/../lib/gcc/arm-none-eabi/4.9.2/../../../../arm-none-eabi/lib/thumb/libg.a(lib_a-strlcpy.o)
 .bss           0x03000308        0x0 /Users/andresaboia/devkitPro/devkitARM/bin/../lib/gcc/arm-none-eabi/4.9.2/../../../../arm-none-eabi/lib/thumb/libg.a(lib_a-strncasecmp.o)
 .bss           0x03000308        0x0 /Users/andresaboia/devkitPro/devkitARM/bin/../lib/gcc/arm-none-eabi/4.9.2/../../../../arm-none-eabi/lib/thumb/libg.a(lib_a-strncmp.o)
 .bss           0x03000308        0x0 /Users/andresaboia/devkitPro/devkitARM/bin/../lib/gcc/arm-none-eabi/4.9.2/../../../../arm-none-eabi/lib/thumb/libg.a(lib_a-strncpy.o)
 .bss           0x03000308        0x0 /Users/andresaboia/devkitPro/devkitARM/bin/../lib/gcc/arm-none-eabi/4.9.2/../../../../arm-none-eabi/lib/thumb/libg.a(lib_a-strtol.o)
 .bss           0x03000308        0x0 /Users/andresaboia/devkitPro/devkitARM/bin/../lib/gcc/arm-none-eabi/4.9.2/../../../../arm-none-eabi/lib/thumb/libg.a(lib_a-svfiprintf.o)
 .bss           0x03000308        0x0 /Users/andresaboia/devkitPro/devkitARM/bin/../lib/gcc/arm-none-eabi/4.9.2/../../../../arm-none-eabi/lib/thumb/libg.a(lib_a-wcsnrtombs.o)
 .bss           0x03000308        0x0 /Users/andresaboia/devkitPro/devkitARM/bin/../lib/gcc/arm-none-eabi/4.9.2/../../../../arm-none-eabi/lib/thumb/libg.a(lib_a-callocr.o)
 .bss           0x03000308        0x0 /Users/andresaboia/devkitPro/devkitARM/bin/../lib/gcc/arm-none-eabi/4.9.2/../../../../arm-none-eabi/lib/thumb/libg.a(lib_a-ctype_.o)
 .bss           0x03000308        0x0 /Users/andresaboia/devkitPro/devkitARM/bin/../lib/gcc/arm-none-eabi/4.9.2/../../../../arm-none-eabi/lib/thumb/libg.a(lib_a-getenv_r.o)
 .bss           0x03000308        0x0 /Users/andresaboia/devkitPro/devkitARM/bin/../lib/gcc/arm-none-eabi/4.9.2/../../../../arm-none-eabi/lib/thumb/libg.a(lib_a-memmove.o)
 .bss           0x03000308        0x0 /Users/andresaboia/devkitPro/devkitARM/bin/../lib/gcc/arm-none-eabi/4.9.2/../../../../arm-none-eabi/lib/thumb/libg.a(lib_a-reallocr.o)
 .bss           0x03000308        0x4 /Users/andresaboia/devkitPro/devkitARM/bin/../lib/gcc/arm-none-eabi/4.9.2/../../../../arm-none-eabi/lib/thumb/libg.a(lib_a-environ.o)
 .bss           0x0300030c        0x0 /Users/andresaboia/devkitPro/devkitARM/bin/../lib/gcc/arm-none-eabi/4.9.2/../../../../arm-none-eabi/lib/thumb/libg.a(lib_a-envlock.o)
 .bss           0x0300030c        0x4 /Users/andresaboia/devkitPro/devkitARM/bin/../lib/gcc/arm-none-eabi/4.9.2/../../../../arm-none-eabi/lib/thumb/libsysbase.a(sbrk.o)
 .bss           0x03000310        0x8 /Users/andresaboia/devkitPro/devkitARM/bin/../lib/gcc/arm-none-eabi/4.9.2/../../../../arm-none-eabi/lib/thumb/libsysbase.a(malloc_vars.o)
                0x03000310                fake_heap_start
                0x03000314                fake_heap_end
 .bss           0x03000318        0x0 /Users/andresaboia/devkitPro/devkitARM/bin/../lib/gcc/arm-none-eabi/4.9.2/thumb/libgcc.a(_arm_cmpdf2.o)
 .bss           0x03000318        0x0 /Users/andresaboia/devkitPro/devkitARM/bin/../lib/gcc/arm-none-eabi/4.9.2/thumb/libgcc.a(_aeabi_uldivmod.o)
 .bss           0x03000318        0x0 /Users/andresaboia/devkitPro/devkitARM/bin/../lib/gcc/arm-none-eabi/4.9.2/thumb/libgcc.a(bpabi.o)
 .bss           0x03000318        0x0 /Users/andresaboia/devkitPro/devkitARM/bin/../lib/gcc/arm-none-eabi/4.9.2/thumb/libgcc.a(_muldi3.o)
 .bss           0x03000318        0x0 /Users/andresaboia/devkitPro/devkitARM/bin/../lib/gcc/arm-none-eabi/4.9.2/thumb/libgcc.a(_divdi3.o)
 .bss           0x03000318        0x0 /Users/andresaboia/devkitPro/devkitARM/bin/../lib/gcc/arm-none-eabi/4.9.2/thumb/libgcc.a(_udivdi3.o)
 .bss           0x03000318        0x0 /Users/andresaboia/devkitPro/devkitARM/bin/../lib/gcc/arm-none-eabi/4.9.2/thumb/libgcc.a(_clzdi2.o)
 .bss           0x03000318        0x0 /Users/andresaboia/devkitPro/devkitARM/bin/../lib/gcc/arm-none-eabi/4.9.2/thumb/libgcc.a(_clzsi2.o)
 .bss           0x03000318        0x0 /Users/andresaboia/devkitPro/devkitARM/bin/../lib/gcc/arm-none-eabi/4.9.2/thumb/crtend.o
 .bss           0x03000318        0x0 /Users/andresaboia/devkitPro/devkitARM/bin/../lib/gcc/arm-none-eabi/4.9.2/thumb/crtn.o
 *(COMMON)
 COMMON         0x03000318      0x35c main.o
                0x03000318                my_timers
                0x03000328                cur_water_level
                0x0300032a                gameState
                0x0300032c                farm_list
                0x0300064c                last_timers
                0x0300065c                curr_ButtonState
                0x03000660                buttons
                0x0300066a                prev_ButtonState
                0x0300066c                cur_plant
                0x03000674                . = ALIGN (0x4)
                0x03000674                __bss_end__ = ABSOLUTE (.)

.data           0x03000674      0xa94 load address 0x0809dc14
                0x03000674                __data_start__ = ABSOLUTE (.)
 *(.data)
 .data          0x03000674        0x0 /Users/andresaboia/devkitPro/devkitARM/bin/../lib/gcc/arm-none-eabi/4.9.2/../../../../arm-none-eabi/lib/thumb/gba_crt0.o
 .data          0x03000674        0x0 /Users/andresaboia/devkitPro/devkitARM/bin/../lib/gcc/arm-none-eabi/4.9.2/thumb/crti.o
 .data          0x03000674        0x4 /Users/andresaboia/devkitPro/devkitARM/bin/../lib/gcc/arm-none-eabi/4.9.2/thumb/crtbegin.o
                0x03000674                __dso_handle
 .data          0x03000678       0xc4 main.o
                0x03000678                BUTTONS
                0x0300067c                scanlineCounter
                0x03000680                videoBuffer
                0x03000684                backBuffer
                0x03000688                frontBuffer
                0x0300068c                paletteMem
                0x03000690                view_center
                0x03000694                sprites_attributes
                0x0300072c                cur_tool_sel
                0x0300072d                cur_plant_sel
                0x03000730                dudeObjs
                0x03000738                counter_seconds
 .data          0x0300073c        0x0 /Users/andresaboia/devkitPro/devkitARM/bin/../lib/gcc/arm-none-eabi/4.9.2/thumb/libgcc.a(_udivsi3.o)
 .data          0x0300073c        0x0 /Users/andresaboia/devkitPro/devkitARM/bin/../lib/gcc/arm-none-eabi/4.9.2/thumb/libgcc.a(_divsi3.o)
 .data          0x0300073c        0x0 /Users/andresaboia/devkitPro/devkitARM/bin/../lib/gcc/arm-none-eabi/4.9.2/thumb/libgcc.a(_dvmd_tls.o)
 .data          0x0300073c        0x0 /Users/andresaboia/devkitPro/devkitARM/bin/../lib/gcc/arm-none-eabi/4.9.2/thumb/libgcc.a(_arm_addsubdf3.o)
 .data          0x0300073c        0x0 /Users/andresaboia/devkitPro/devkitARM/bin/../lib/gcc/arm-none-eabi/4.9.2/thumb/libgcc.a(_arm_muldivdf3.o)
 .data          0x0300073c        0x0 /Users/andresaboia/devkitPro/devkitARM/bin/../lib/gcc/arm-none-eabi/4.9.2/thumb/libgcc.a(_arm_fixdfsi.o)
 .data          0x0300073c        0x0 /Users/andresaboia/devkitPro/devkitARM/bin/../lib/gcc/arm-none-eabi/4.9.2/../../../../arm-none-eabi/lib/thumb/libg.a(lib_a-init.o)
 .data          0x0300073c        0x0 /Users/andresaboia/devkitPro/devkitARM/bin/../lib/gcc/arm-none-eabi/4.9.2/../../../../arm-none-eabi/lib/thumb/libg.a(lib_a-malloc.o)
 .data          0x0300073c      0x410 /Users/andresaboia/devkitPro/devkitARM/bin/../lib/gcc/arm-none-eabi/4.9.2/../../../../arm-none-eabi/lib/thumb/libg.a(lib_a-mallocr.o)
                0x0300073c                __malloc_av_
                0x03000b44                __malloc_sbrk_base
                0x03000b48                __malloc_trim_threshold
 .data          0x03000b4c        0x0 /Users/andresaboia/devkitPro/devkitARM/bin/../lib/gcc/arm-none-eabi/4.9.2/../../../../arm-none-eabi/lib/thumb/libg.a(lib_a-memcpy-stub.o)
 .data          0x03000b4c        0x0 /Users/andresaboia/devkitPro/devkitARM/bin/../lib/gcc/arm-none-eabi/4.9.2/../../../../arm-none-eabi/lib/thumb/libg.a(lib_a-memset.o)
 .data          0x03000b4c        0x0 /Users/andresaboia/devkitPro/devkitARM/bin/../lib/gcc/arm-none-eabi/4.9.2/../../../../arm-none-eabi/lib/thumb/libg.a(lib_a-mlock.o)
 .data          0x03000b4c        0x0 /Users/andresaboia/devkitPro/devkitARM/bin/../lib/gcc/arm-none-eabi/4.9.2/../../../../arm-none-eabi/lib/thumb/libg.a(lib_a-sprintf.o)
 .data          0x03000b4c        0x0 /Users/andresaboia/devkitPro/devkitARM/bin/../lib/gcc/arm-none-eabi/4.9.2/../../../../arm-none-eabi/lib/thumb/libg.a(lib_a-strlen.o)
 .data          0x03000b4c        0x0 /Users/andresaboia/devkitPro/devkitARM/bin/../lib/gcc/arm-none-eabi/4.9.2/../../../../arm-none-eabi/lib/thumb/libg.a(lib_a-svfprintf.o)
 .data          0x03000b4c        0x0 /Users/andresaboia/devkitPro/devkitARM/bin/../lib/gcc/arm-none-eabi/4.9.2/../../../../arm-none-eabi/lib/thumb/libg.a(lib_a-wcrtomb.o)
 .data          0x03000b4c        0x0 /Users/andresaboia/devkitPro/devkitARM/bin/../lib/gcc/arm-none-eabi/4.9.2/../../../../arm-none-eabi/lib/thumb/libg.a(lib_a-wcsrtombs.o)
 .data          0x03000b4c        0x4 /Users/andresaboia/devkitPro/devkitARM/bin/../lib/gcc/arm-none-eabi/4.9.2/../../../../arm-none-eabi/lib/thumb/libg.a(lib_a-wctomb_r.o)
                0x03000b4c                __wctomb
 .data          0x03000b50        0x0 /Users/andresaboia/devkitPro/devkitARM/bin/../lib/gcc/arm-none-eabi/4.9.2/../../../../arm-none-eabi/lib/thumb/libg.a(lib_a-dtoa.o)
 .data          0x03000b50        0x0 /Users/andresaboia/devkitPro/devkitARM/bin/../lib/gcc/arm-none-eabi/4.9.2/../../../../arm-none-eabi/lib/thumb/libg.a(lib_a-freer.o)
 .data          0x03000b50      0x430 /Users/andresaboia/devkitPro/devkitARM/bin/../lib/gcc/arm-none-eabi/4.9.2/../../../../arm-none-eabi/lib/thumb/libg.a(lib_a-impure.o)
                0x03000b50                _impure_ptr
 .data          0x03000f80      0x17c /Users/andresaboia/devkitPro/devkitARM/bin/../lib/gcc/arm-none-eabi/4.9.2/../../../../arm-none-eabi/lib/thumb/libg.a(lib_a-locale.o)
                0x03000f80                __default_locale
                0x030010a0                __mb_cur_max
 .data          0x030010fc        0x4 /Users/andresaboia/devkitPro/devkitARM/bin/../lib/gcc/arm-none-eabi/4.9.2/../../../../arm-none-eabi/lib/thumb/libg.a(lib_a-mbtowc_r.o)
                0x030010fc                __mbtowc
 .data          0x03001100        0x0 /Users/andresaboia/devkitPro/devkitARM/bin/../lib/gcc/arm-none-eabi/4.9.2/../../../../arm-none-eabi/lib/thumb/libg.a(lib_a-memchr-stub.o)
 .data          0x03001100        0x0 /Users/andresaboia/devkitPro/devkitARM/bin/../lib/gcc/arm-none-eabi/4.9.2/../../../../arm-none-eabi/lib/thumb/libg.a(lib_a-mprec.o)
 .data          0x03001100        0x0 /Users/andresaboia/devkitPro/devkitARM/bin/../lib/gcc/arm-none-eabi/4.9.2/../../../../arm-none-eabi/lib/thumb/libg.a(lib_a-s_fpclassify.o)
 .data          0x03001100        0x0 /Users/andresaboia/devkitPro/devkitARM/bin/../lib/gcc/arm-none-eabi/4.9.2/../../../../arm-none-eabi/lib/thumb/libg.a(lib_a-s_frexp.o)
 .data          0x03001100        0x0 /Users/andresaboia/devkitPro/devkitARM/bin/../lib/gcc/arm-none-eabi/4.9.2/../../../../arm-none-eabi/lib/thumb/libg.a(lib_a-strcasecmp.o)
 .data          0x03001100        0x0 /Users/andresaboia/devkitPro/devkitARM/bin/../lib/gcc/arm-none-eabi/4.9.2/../../../../arm-none-eabi/lib/thumb/libg.a(lib_a-strcat.o)
 .data          0x03001100        0x0 /Users/andresaboia/devkitPro/devkitARM/bin/../lib/gcc/arm-none-eabi/4.9.2/../../../../arm-none-eabi/lib/thumb/libg.a(lib_a-strchr.o)
 .data          0x03001100        0x0 /Users/andresaboia/devkitPro/devkitARM/bin/../lib/gcc/arm-none-eabi/4.9.2/../../../../arm-none-eabi/lib/thumb/libg.a(lib_a-strcmp.o)
 .data          0x03001100        0x0 /Users/andresaboia/devkitPro/devkitARM/bin/../lib/gcc/arm-none-eabi/4.9.2/../../../../arm-none-eabi/lib/thumb/libg.a(lib_a-strcpy.o)
 .data          0x03001100        0x0 /Users/andresaboia/devkitPro/devkitARM/bin/../lib/gcc/arm-none-eabi/4.9.2/../../../../arm-none-eabi/lib/thumb/libg.a(lib_a-strlcpy.o)
 .data          0x03001100        0x0 /Users/andresaboia/devkitPro/devkitARM/bin/../lib/gcc/arm-none-eabi/4.9.2/../../../../arm-none-eabi/lib/thumb/libg.a(lib_a-strncasecmp.o)
 .data          0x03001100        0x0 /Users/andresaboia/devkitPro/devkitARM/bin/../lib/gcc/arm-none-eabi/4.9.2/../../../../arm-none-eabi/lib/thumb/libg.a(lib_a-strncmp.o)
 .data          0x03001100        0x0 /Users/andresaboia/devkitPro/devkitARM/bin/../lib/gcc/arm-none-eabi/4.9.2/../../../../arm-none-eabi/lib/thumb/libg.a(lib_a-strncpy.o)
 .data          0x03001100        0x0 /Users/andresaboia/devkitPro/devkitARM/bin/../lib/gcc/arm-none-eabi/4.9.2/../../../../arm-none-eabi/lib/thumb/libg.a(lib_a-strtol.o)
 .data          0x03001100        0x0 /Users/andresaboia/devkitPro/devkitARM/bin/../lib/gcc/arm-none-eabi/4.9.2/../../../../arm-none-eabi/lib/thumb/libg.a(lib_a-svfiprintf.o)
 .data          0x03001100        0x0 /Users/andresaboia/devkitPro/devkitARM/bin/../lib/gcc/arm-none-eabi/4.9.2/../../../../arm-none-eabi/lib/thumb/libg.a(lib_a-wcsnrtombs.o)
 .data          0x03001100        0x0 /Users/andresaboia/devkitPro/devkitARM/bin/../lib/gcc/arm-none-eabi/4.9.2/../../../../arm-none-eabi/lib/thumb/libg.a(lib_a-callocr.o)
 .data          0x03001100        0x4 /Users/andresaboia/devkitPro/devkitARM/bin/../lib/gcc/arm-none-eabi/4.9.2/../../../../arm-none-eabi/lib/thumb/libg.a(lib_a-ctype_.o)
                0x03001100                __ctype_ptr__
 .data          0x03001104        0x0 /Users/andresaboia/devkitPro/devkitARM/bin/../lib/gcc/arm-none-eabi/4.9.2/../../../../arm-none-eabi/lib/thumb/libg.a(lib_a-getenv_r.o)
 .data          0x03001104        0x0 /Users/andresaboia/devkitPro/devkitARM/bin/../lib/gcc/arm-none-eabi/4.9.2/../../../../arm-none-eabi/lib/thumb/libg.a(lib_a-memmove.o)
 .data          0x03001104        0x0 /Users/andresaboia/devkitPro/devkitARM/bin/../lib/gcc/arm-none-eabi/4.9.2/../../../../arm-none-eabi/lib/thumb/libg.a(lib_a-reallocr.o)
 .data          0x03001104        0x4 /Users/andresaboia/devkitPro/devkitARM/bin/../lib/gcc/arm-none-eabi/4.9.2/../../../../arm-none-eabi/lib/thumb/libg.a(lib_a-environ.o)
                0x03001104                environ
 .data          0x03001108        0x0 /Users/andresaboia/devkitPro/devkitARM/bin/../lib/gcc/arm-none-eabi/4.9.2/../../../../arm-none-eabi/lib/thumb/libg.a(lib_a-envlock.o)
 .data          0x03001108        0x0 /Users/andresaboia/devkitPro/devkitARM/bin/../lib/gcc/arm-none-eabi/4.9.2/../../../../arm-none-eabi/lib/thumb/libsysbase.a(sbrk.o)
 .data          0x03001108        0x0 /Users/andresaboia/devkitPro/devkitARM/bin/../lib/gcc/arm-none-eabi/4.9.2/../../../../arm-none-eabi/lib/thumb/libsysbase.a(malloc_vars.o)
 .data          0x03001108        0x0 /Users/andresaboia/devkitPro/devkitARM/bin/../lib/gcc/arm-none-eabi/4.9.2/thumb/libgcc.a(_arm_cmpdf2.o)
 .data          0x03001108        0x0 /Users/andresaboia/devkitPro/devkitARM/bin/../lib/gcc/arm-none-eabi/4.9.2/thumb/libgcc.a(_aeabi_uldivmod.o)
 .data          0x03001108        0x0 /Users/andresaboia/devkitPro/devkitARM/bin/../lib/gcc/arm-none-eabi/4.9.2/thumb/libgcc.a(bpabi.o)
 .data          0x03001108        0x0 /Users/andresaboia/devkitPro/devkitARM/bin/../lib/gcc/arm-none-eabi/4.9.2/thumb/libgcc.a(_muldi3.o)
 .data          0x03001108        0x0 /Users/andresaboia/devkitPro/devkitARM/bin/../lib/gcc/arm-none-eabi/4.9.2/thumb/libgcc.a(_divdi3.o)
 .data          0x03001108        0x0 /Users/andresaboia/devkitPro/devkitARM/bin/../lib/gcc/arm-none-eabi/4.9.2/thumb/libgcc.a(_udivdi3.o)
 .data          0x03001108        0x0 /Users/andresaboia/devkitPro/devkitARM/bin/../lib/gcc/arm-none-eabi/4.9.2/thumb/libgcc.a(_clzdi2.o)
 .data          0x03001108        0x0 /Users/andresaboia/devkitPro/devkitARM/bin/../lib/gcc/arm-none-eabi/4.9.2/thumb/libgcc.a(_clzsi2.o)
 .data          0x03001108        0x0 /Users/andresaboia/devkitPro/devkitARM/bin/../lib/gcc/arm-none-eabi/4.9.2/thumb/crtend.o
 .data          0x03001108        0x0 /Users/andresaboia/devkitPro/devkitARM/bin/../lib/gcc/arm-none-eabi/4.9.2/thumb/crtn.o
 *(.data.*)
 *(.gnu.linkonce.d*)
                0x03001108                . = ALIGN (0x4)
                0x0809e6a8                __preinit_lma = (__data_lma + SIZEOF (.data))

.igot.plt       0x03001108        0x0 load address 0x0809e6a8
 .igot.plt      0x00000000        0x0 /Users/andresaboia/devkitPro/devkitARM/bin/../lib/gcc/arm-none-eabi/4.9.2/../../../../arm-none-eabi/lib/thumb/gba_crt0.o

.tm_clone_table
                0x03001108        0x0 load address 0x0809e6a8
 .tm_clone_table
                0x03001108        0x0 /Users/andresaboia/devkitPro/devkitARM/bin/../lib/gcc/arm-none-eabi/4.9.2/thumb/crtbegin.o
 .tm_clone_table
                0x03001108        0x0 /Users/andresaboia/devkitPro/devkitARM/bin/../lib/gcc/arm-none-eabi/4.9.2/thumb/crtend.o

.preinit_array  0x03001108        0x0 load address 0x0809e6a8
                0x03001108                __preinit_array_start = ABSOLUTE (.)
 *(.preinit_array)
                0x03001108                __preinit_array_end = ABSOLUTE (.)
                0x0809e6a8                __init_lma = (__preinit_lma + SIZEOF (.preinit_array))

.init_array     0x03001108        0x4 load address 0x0809e6a8
                0x03001108                __init_array_start = ABSOLUTE (.)
 *(SORT(.init_array.*))
 *(.init_array)
 .init_array    0x03001108        0x4 /Users/andresaboia/devkitPro/devkitARM/bin/../lib/gcc/arm-none-eabi/4.9.2/thumb/crtbegin.o
                0x0300110c                __init_array_end = ABSOLUTE (.)
                0x0809e6ac                __fini_lma = (__init_lma + SIZEOF (.init_array))

.fini_array     0x0300110c        0x4 load address 0x0809e6ac
                0x0300110c                __fini_array_start = ABSOLUTE (.)
 *(SORT(.fini_array.*))
 *(.fini_array)
 .fini_array    0x0300110c        0x4 /Users/andresaboia/devkitPro/devkitARM/bin/../lib/gcc/arm-none-eabi/4.9.2/thumb/crtbegin.o
                0x03001110                __fini_array_end = ABSOLUTE (.)
                0x0809e6b0                __jcr_lma = (__fini_lma + SIZEOF (.fini_array))

.jcr            0x03001110        0x4 load address 0x0809e6b0
 *(.jcr)
 .jcr           0x03001110        0x0 /Users/andresaboia/devkitPro/devkitARM/bin/../lib/gcc/arm-none-eabi/4.9.2/thumb/crtbegin.o
 .jcr           0x03001110        0x4 /Users/andresaboia/devkitPro/devkitARM/bin/../lib/gcc/arm-none-eabi/4.9.2/thumb/crtend.o
                0x03001114                __data_end__ = ABSOLUTE (.)
                0x0809e6b4                __iwram_overlay_lma = (__jcr_lma + SIZEOF (.jcr))
                0x03001114                __iwram_overlay_start = .

.iwram0         0x03001114        0x0 load address 0x0809e6b4
 *(.iwram0)
                0x03001114                . = ALIGN (0x4)
                0x0809e6b4                PROVIDE (__load_start_iwram0, LOADADDR (.iwram0))
                0x0809e6b4                PROVIDE (__load_stop_iwram0, (LOADADDR (.iwram0) + SIZEOF (.iwram0)))

.iwram1         0x03001114        0x0
 *(.iwram1)
                0x03001114                . = ALIGN (0x4)
                0x03001114                PROVIDE (__load_start_iwram1, LOADADDR (.iwram1))
                0x03001114                PROVIDE (__load_stop_iwram1, (LOADADDR (.iwram1) + SIZEOF (.iwram1)))

.iwram2         0x03001114        0x0
 *(.iwram2)
                0x03001114                . = ALIGN (0x4)
                0x03001114                PROVIDE (__load_start_iwram2, LOADADDR (.iwram2))
                0x03001114                PROVIDE (__load_stop_iwram2, (LOADADDR (.iwram2) + SIZEOF (.iwram2)))

.iwram3         0x03001114        0x0
 *(.iwram3)
                0x03001114                . = ALIGN (0x4)
                0x03001114                PROVIDE (__load_start_iwram3, LOADADDR (.iwram3))
                0x03001114                PROVIDE (__load_stop_iwram3, (LOADADDR (.iwram3) + SIZEOF (.iwram3)))

.iwram4         0x03001114        0x0
 *(.iwram4)
                0x03001114                . = ALIGN (0x4)
                0x03001114                PROVIDE (__load_start_iwram4, LOADADDR (.iwram4))
                0x03001114                PROVIDE (__load_stop_iwram4, (LOADADDR (.iwram4) + SIZEOF (.iwram4)))

.iwram5         0x03001114        0x0
 *(.iwram5)
                0x03001114                . = ALIGN (0x4)
                0x03001114                PROVIDE (__load_start_iwram5, LOADADDR (.iwram5))
                0x03001114                PROVIDE (__load_stop_iwram5, (LOADADDR (.iwram5) + SIZEOF (.iwram5)))

.iwram6         0x03001114        0x0
 *(.iwram6)
                0x03001114                . = ALIGN (0x4)
                0x03001114                PROVIDE (__load_start_iwram6, LOADADDR (.iwram6))
                0x03001114                PROVIDE (__load_stop_iwram6, (LOADADDR (.iwram6) + SIZEOF (.iwram6)))

.iwram7         0x03001114        0x0
 *(.iwram7)
                0x03001114                . = ALIGN (0x4)
                0x03001114                PROVIDE (__load_start_iwram7, LOADADDR (.iwram7))
                0x03001114                PROVIDE (__load_stop_iwram7, (LOADADDR (.iwram7) + SIZEOF (.iwram7)))

.iwram8         0x03001114        0x0
 *(.iwram8)
                0x03001114                . = ALIGN (0x4)
                0x03001114                PROVIDE (__load_start_iwram8, LOADADDR (.iwram8))
                0x03001114                PROVIDE (__load_stop_iwram8, (LOADADDR (.iwram8) + SIZEOF (.iwram8)))

.iwram9         0x03001114        0x0
 *(.iwram9)
                0x03001114                . = ALIGN (0x4)
                0x03001114                PROVIDE (__load_start_iwram9, LOADADDR (.iwram9))
                0x03001114                PROVIDE (__load_stop_iwram9, (LOADADDR (.iwram9) + SIZEOF (.iwram9)))
                0x03001114                __iwram_overlay_end = .
                0x0809e6b4                __ewram_lma = (__iwram_overlay_lma + (__iwram_overlay_end - __iwram_overlay_start))
                0x03001114                __iheap_start = .
                0x02000000                __ewram_start = ORIGIN (ewram)

.ewram          0x02000000        0x0 load address 0x0809e6b4
 *(.ewram)
                0x02000000                . = ALIGN (0x4)
                0x02000000                __ewram_end = ABSOLUTE (.)
                0x0809e6b4                __pad_lma = (__ewram_lma + SIZEOF (.ewram))

.sbss           0x02000000        0x0
                0x02000000                __sbss_start__ = ABSOLUTE (.)
 *(.sbss)
                0x02000000                . = ALIGN (0x4)
                0x02000000                __sbss_end__ = ABSOLUTE (.)
                0x02000000                __end__ = ABSOLUTE (.)
                0x02000000                __eheap_start = ABSOLUTE (.)

.pad            0x02000000        0x8 load address 0x0809e6b4
                0x02000000        0x4 LONG 0x52416b64
                0x02000004        0x4 LONG 0x4d
                0x02000008                . = ALIGN (0x4)
                0x0809e6bc                __rom_end__ = (__pad_lma + SIZEOF (.pad))

.stab
 *(.stab)

.stabstr
 *(.stabstr)

.stab.excl
 *(.stab.excl)

.stab.exclstr
 *(.stab.exclstr)

.stab.index
 *(.stab.index)

.stab.indexstr
 *(.stab.indexstr)

.comment        0x00000000       0x22
 *(.comment)
 .comment       0x00000000       0x22 /Users/andresaboia/devkitPro/devkitARM/bin/../lib/gcc/arm-none-eabi/4.9.2/thumb/crtbegin.o
                                 0x23 (size before relaxing)
 .comment       0x00000000       0x23 main.o
 .comment       0x00000000       0x23 /Users/andresaboia/devkitPro/devkitARM/bin/../lib/gcc/arm-none-eabi/4.9.2/../../../../arm-none-eabi/lib/thumb/libg.a(lib_a-init.o)
 .comment       0x00000000       0x23 /Users/andresaboia/devkitPro/devkitARM/bin/../lib/gcc/arm-none-eabi/4.9.2/../../../../arm-none-eabi/lib/thumb/libg.a(lib_a-malloc.o)
 .comment       0x00000000       0x23 /Users/andresaboia/devkitPro/devkitARM/bin/../lib/gcc/arm-none-eabi/4.9.2/../../../../arm-none-eabi/lib/thumb/libg.a(lib_a-mallocr.o)
 .comment       0x00000000       0x23 /Users/andresaboia/devkitPro/devkitARM/bin/../lib/gcc/arm-none-eabi/4.9.2/../../../../arm-none-eabi/lib/thumb/libg.a(lib_a-memcpy-stub.o)
 .comment       0x00000000       0x23 /Users/andresaboia/devkitPro/devkitARM/bin/../lib/gcc/arm-none-eabi/4.9.2/../../../../arm-none-eabi/lib/thumb/libg.a(lib_a-memset.o)
 .comment       0x00000000       0x23 /Users/andresaboia/devkitPro/devkitARM/bin/../lib/gcc/arm-none-eabi/4.9.2/../../../../arm-none-eabi/lib/thumb/libg.a(lib_a-mlock.o)
 .comment       0x00000000       0x23 /Users/andresaboia/devkitPro/devkitARM/bin/../lib/gcc/arm-none-eabi/4.9.2/../../../../arm-none-eabi/lib/thumb/libg.a(lib_a-sprintf.o)
 .comment       0x00000000       0x23 /Users/andresaboia/devkitPro/devkitARM/bin/../lib/gcc/arm-none-eabi/4.9.2/../../../../arm-none-eabi/lib/thumb/libg.a(lib_a-strlen.o)
 .comment       0x00000000       0x23 /Users/andresaboia/devkitPro/devkitARM/bin/../lib/gcc/arm-none-eabi/4.9.2/../../../../arm-none-eabi/lib/thumb/libg.a(lib_a-svfprintf.o)
 .comment       0x00000000       0x23 /Users/andresaboia/devkitPro/devkitARM/bin/../lib/gcc/arm-none-eabi/4.9.2/../../../../arm-none-eabi/lib/thumb/libg.a(lib_a-wcrtomb.o)
 .comment       0x00000000       0x23 /Users/andresaboia/devkitPro/devkitARM/bin/../lib/gcc/arm-none-eabi/4.9.2/../../../../arm-none-eabi/lib/thumb/libg.a(lib_a-wcsrtombs.o)
 .comment       0x00000000       0x23 /Users/andresaboia/devkitPro/devkitARM/bin/../lib/gcc/arm-none-eabi/4.9.2/../../../../arm-none-eabi/lib/thumb/libg.a(lib_a-wctomb_r.o)
 .comment       0x00000000       0x23 /Users/andresaboia/devkitPro/devkitARM/bin/../lib/gcc/arm-none-eabi/4.9.2/../../../../arm-none-eabi/lib/thumb/libg.a(lib_a-dtoa.o)
 .comment       0x00000000       0x23 /Users/andresaboia/devkitPro/devkitARM/bin/../lib/gcc/arm-none-eabi/4.9.2/../../../../arm-none-eabi/lib/thumb/libg.a(lib_a-freer.o)
 .comment       0x00000000       0x23 /Users/andresaboia/devkitPro/devkitARM/bin/../lib/gcc/arm-none-eabi/4.9.2/../../../../arm-none-eabi/lib/thumb/libg.a(lib_a-impure.o)
 .comment       0x00000000       0x23 /Users/andresaboia/devkitPro/devkitARM/bin/../lib/gcc/arm-none-eabi/4.9.2/../../../../arm-none-eabi/lib/thumb/libg.a(lib_a-locale.o)
 .comment       0x00000000       0x23 /Users/andresaboia/devkitPro/devkitARM/bin/../lib/gcc/arm-none-eabi/4.9.2/../../../../arm-none-eabi/lib/thumb/libg.a(lib_a-mbtowc_r.o)
 .comment       0x00000000       0x23 /Users/andresaboia/devkitPro/devkitARM/bin/../lib/gcc/arm-none-eabi/4.9.2/../../../../arm-none-eabi/lib/thumb/libg.a(lib_a-memchr-stub.o)
 .comment       0x00000000       0x23 /Users/andresaboia/devkitPro/devkitARM/bin/../lib/gcc/arm-none-eabi/4.9.2/../../../../arm-none-eabi/lib/thumb/libg.a(lib_a-mprec.o)
 .comment       0x00000000       0x23 /Users/andresaboia/devkitPro/devkitARM/bin/../lib/gcc/arm-none-eabi/4.9.2/../../../../arm-none-eabi/lib/thumb/libg.a(lib_a-s_fpclassify.o)
 .comment       0x00000000       0x23 /Users/andresaboia/devkitPro/devkitARM/bin/../lib/gcc/arm-none-eabi/4.9.2/../../../../arm-none-eabi/lib/thumb/libg.a(lib_a-s_frexp.o)
 .comment       0x00000000       0x23 /Users/andresaboia/devkitPro/devkitARM/bin/../lib/gcc/arm-none-eabi/4.9.2/../../../../arm-none-eabi/lib/thumb/libg.a(lib_a-strcasecmp.o)
 .comment       0x00000000       0x23 /Users/andresaboia/devkitPro/devkitARM/bin/../lib/gcc/arm-none-eabi/4.9.2/../../../../arm-none-eabi/lib/thumb/libg.a(lib_a-strcat.o)
 .comment       0x00000000       0x23 /Users/andresaboia/devkitPro/devkitARM/bin/../lib/gcc/arm-none-eabi/4.9.2/../../../../arm-none-eabi/lib/thumb/libg.a(lib_a-strchr.o)
 .comment       0x00000000       0x23 /Users/andresaboia/devkitPro/devkitARM/bin/../lib/gcc/arm-none-eabi/4.9.2/../../../../arm-none-eabi/lib/thumb/libg.a(lib_a-strcpy.o)
 .comment       0x00000000       0x23 /Users/andresaboia/devkitPro/devkitARM/bin/../lib/gcc/arm-none-eabi/4.9.2/../../../../arm-none-eabi/lib/thumb/libg.a(lib_a-strlcpy.o)
 .comment       0x00000000       0x23 /Users/andresaboia/devkitPro/devkitARM/bin/../lib/gcc/arm-none-eabi/4.9.2/../../../../arm-none-eabi/lib/thumb/libg.a(lib_a-strncasecmp.o)
 .comment       0x00000000       0x23 /Users/andresaboia/devkitPro/devkitARM/bin/../lib/gcc/arm-none-eabi/4.9.2/../../../../arm-none-eabi/lib/thumb/libg.a(lib_a-strncmp.o)
 .comment       0x00000000       0x23 /Users/andresaboia/devkitPro/devkitARM/bin/../lib/gcc/arm-none-eabi/4.9.2/../../../../arm-none-eabi/lib/thumb/libg.a(lib_a-strncpy.o)
 .comment       0x00000000       0x23 /Users/andresaboia/devkitPro/devkitARM/bin/../lib/gcc/arm-none-eabi/4.9.2/../../../../arm-none-eabi/lib/thumb/libg.a(lib_a-strtol.o)
 .comment       0x00000000       0x23 /Users/andresaboia/devkitPro/devkitARM/bin/../lib/gcc/arm-none-eabi/4.9.2/../../../../arm-none-eabi/lib/thumb/libg.a(lib_a-svfiprintf.o)
 .comment       0x00000000       0x23 /Users/andresaboia/devkitPro/devkitARM/bin/../lib/gcc/arm-none-eabi/4.9.2/../../../../arm-none-eabi/lib/thumb/libg.a(lib_a-wcsnrtombs.o)
 .comment       0x00000000       0x23 /Users/andresaboia/devkitPro/devkitARM/bin/../lib/gcc/arm-none-eabi/4.9.2/../../../../arm-none-eabi/lib/thumb/libg.a(lib_a-callocr.o)
 .comment       0x00000000       0x23 /Users/andresaboia/devkitPro/devkitARM/bin/../lib/gcc/arm-none-eabi/4.9.2/../../../../arm-none-eabi/lib/thumb/libg.a(lib_a-ctype_.o)
 .comment       0x00000000       0x23 /Users/andresaboia/devkitPro/devkitARM/bin/../lib/gcc/arm-none-eabi/4.9.2/../../../../arm-none-eabi/lib/thumb/libg.a(lib_a-getenv_r.o)
 .comment       0x00000000       0x23 /Users/andresaboia/devkitPro/devkitARM/bin/../lib/gcc/arm-none-eabi/4.9.2/../../../../arm-none-eabi/lib/thumb/libg.a(lib_a-memmove.o)
 .comment       0x00000000       0x23 /Users/andresaboia/devkitPro/devkitARM/bin/../lib/gcc/arm-none-eabi/4.9.2/../../../../arm-none-eabi/lib/thumb/libg.a(lib_a-reallocr.o)
 .comment       0x00000000       0x23 /Users/andresaboia/devkitPro/devkitARM/bin/../lib/gcc/arm-none-eabi/4.9.2/../../../../arm-none-eabi/lib/thumb/libg.a(lib_a-environ.o)
 .comment       0x00000000       0x23 /Users/andresaboia/devkitPro/devkitARM/bin/../lib/gcc/arm-none-eabi/4.9.2/../../../../arm-none-eabi/lib/thumb/libg.a(lib_a-envlock.o)
 .comment       0x00000000       0x23 /Users/andresaboia/devkitPro/devkitARM/bin/../lib/gcc/arm-none-eabi/4.9.2/../../../../arm-none-eabi/lib/thumb/libsysbase.a(sbrk.o)
 .comment       0x00000000       0x23 /Users/andresaboia/devkitPro/devkitARM/bin/../lib/gcc/arm-none-eabi/4.9.2/../../../../arm-none-eabi/lib/thumb/libsysbase.a(malloc_vars.o)
 .comment       0x00000000       0x23 /Users/andresaboia/devkitPro/devkitARM/bin/../lib/gcc/arm-none-eabi/4.9.2/thumb/libgcc.a(bpabi.o)
 .comment       0x00000000       0x23 /Users/andresaboia/devkitPro/devkitARM/bin/../lib/gcc/arm-none-eabi/4.9.2/thumb/libgcc.a(_muldi3.o)
 .comment       0x00000000       0x23 /Users/andresaboia/devkitPro/devkitARM/bin/../lib/gcc/arm-none-eabi/4.9.2/thumb/libgcc.a(_divdi3.o)
 .comment       0x00000000       0x23 /Users/andresaboia/devkitPro/devkitARM/bin/../lib/gcc/arm-none-eabi/4.9.2/thumb/libgcc.a(_udivdi3.o)
 .comment       0x00000000       0x23 /Users/andresaboia/devkitPro/devkitARM/bin/../lib/gcc/arm-none-eabi/4.9.2/thumb/crtend.o

.debug
 *(.debug)

.line
 *(.line)

.debug_srcinfo
 *(.debug_srcinfo)

.debug_sfnames
 *(.debug_sfnames)

.debug_aranges  0x00000000       0x28
 *(.debug_aranges)
 .debug_aranges
                0x00000000       0x28 main.o

.debug_pubnames
 *(.debug_pubnames)

.debug_info     0x00000000     0x8097
 *(.debug_info)
 .debug_info    0x00000000     0x8097 main.o

.debug_abbrev   0x00000000      0x5e1
 *(.debug_abbrev)
 .debug_abbrev  0x00000000      0x5e1 main.o

.debug_line     0x00000000     0x1acb
 *(.debug_line)
 .debug_line    0x00000000     0x1acb main.o

.debug_frame    0x00000000      0x7c4
 *(.debug_frame)
 .debug_frame   0x00000000      0x7c4 main.o

.debug_str      0x00000000      0xc93
 *(.debug_str)
 .debug_str     0x00000000      0xc93 main.o
                                0xd13 (size before relaxing)

.debug_loc      0x00000000    0x67a66
 *(.debug_loc)
 .debug_loc     0x00000000    0x67a66 main.o

.debug_macinfo
 *(.debug_macinfo)

.debug_weaknames
 *(.debug_weaknames)

.debug_funcnames
 *(.debug_funcnames)

.debug_typenames
 *(.debug_typenames)

.debug_varnames
 *(.debug_varnames)

.stack          0x00080000        0x0
                0x00080000                _stack = .
 *(.stack)

.note.gnu.arm.ident
 *(.note.gnu.arm.ident)

.ARM.attributes
                0x00000000       0x2b
 *(.ARM.attributes)
 .ARM.attributes
                0x00000000       0x16 /Users/andresaboia/devkitPro/devkitARM/bin/../lib/gcc/arm-none-eabi/4.9.2/../../../../arm-none-eabi/lib/thumb/gba_crt0.o
 .ARM.attributes
                0x00000016       0x16 /Users/andresaboia/devkitPro/devkitARM/bin/../lib/gcc/arm-none-eabi/4.9.2/thumb/crti.o
 .ARM.attributes
                0x0000002c       0x30 /Users/andresaboia/devkitPro/devkitARM/bin/../lib/gcc/arm-none-eabi/4.9.2/thumb/crtbegin.o
 .ARM.attributes
                0x0000005c       0x2c main.o
 .ARM.attributes
                0x00000088       0x18 /Users/andresaboia/devkitPro/devkitARM/bin/../lib/gcc/arm-none-eabi/4.9.2/thumb/libgcc.a(_udivsi3.o)
 .ARM.attributes
                0x000000a0       0x18 /Users/andresaboia/devkitPro/devkitARM/bin/../lib/gcc/arm-none-eabi/4.9.2/thumb/libgcc.a(_divsi3.o)
 .ARM.attributes
                0x000000b8       0x16 /Users/andresaboia/devkitPro/devkitARM/bin/../lib/gcc/arm-none-eabi/4.9.2/thumb/libgcc.a(_dvmd_tls.o)
 .ARM.attributes
                0x000000ce       0x18 /Users/andresaboia/devkitPro/devkitARM/bin/../lib/gcc/arm-none-eabi/4.9.2/thumb/libgcc.a(_arm_addsubdf3.o)
 .ARM.attributes
                0x000000e6       0x18 /Users/andresaboia/devkitPro/devkitARM/bin/../lib/gcc/arm-none-eabi/4.9.2/thumb/libgcc.a(_arm_muldivdf3.o)
 .ARM.attributes
                0x000000fe       0x18 /Users/andresaboia/devkitPro/devkitARM/bin/../lib/gcc/arm-none-eabi/4.9.2/thumb/libgcc.a(_arm_fixdfsi.o)
 .ARM.attributes
                0x00000116       0x30 /Users/andresaboia/devkitPro/devkitARM/bin/../lib/gcc/arm-none-eabi/4.9.2/../../../../arm-none-eabi/lib/thumb/libg.a(lib_a-init.o)
 .ARM.attributes
                0x00000146       0x30 /Users/andresaboia/devkitPro/devkitARM/bin/../lib/gcc/arm-none-eabi/4.9.2/../../../../arm-none-eabi/lib/thumb/libg.a(lib_a-malloc.o)
 .ARM.attributes
                0x00000176       0x30 /Users/andresaboia/devkitPro/devkitARM/bin/../lib/gcc/arm-none-eabi/4.9.2/../../../../arm-none-eabi/lib/thumb/libg.a(lib_a-mallocr.o)
 .ARM.attributes
                0x000001a6       0x30 /Users/andresaboia/devkitPro/devkitARM/bin/../lib/gcc/arm-none-eabi/4.9.2/../../../../arm-none-eabi/lib/thumb/libg.a(lib_a-memcpy-stub.o)
 .ARM.attributes
                0x000001d6       0x30 /Users/andresaboia/devkitPro/devkitARM/bin/../lib/gcc/arm-none-eabi/4.9.2/../../../../arm-none-eabi/lib/thumb/libg.a(lib_a-memset.o)
 .ARM.attributes
                0x00000206       0x30 /Users/andresaboia/devkitPro/devkitARM/bin/../lib/gcc/arm-none-eabi/4.9.2/../../../../arm-none-eabi/lib/thumb/libg.a(lib_a-mlock.o)
 .ARM.attributes
                0x00000236       0x30 /Users/andresaboia/devkitPro/devkitARM/bin/../lib/gcc/arm-none-eabi/4.9.2/../../../../arm-none-eabi/lib/thumb/libg.a(lib_a-sprintf.o)
 .ARM.attributes
                0x00000266       0x30 /Users/andresaboia/devkitPro/devkitARM/bin/../lib/gcc/arm-none-eabi/4.9.2/../../../../arm-none-eabi/lib/thumb/libg.a(lib_a-strlen.o)
 .ARM.attributes
                0x00000296       0x30 /Users/andresaboia/devkitPro/devkitARM/bin/../lib/gcc/arm-none-eabi/4.9.2/../../../../arm-none-eabi/lib/thumb/libg.a(lib_a-svfprintf.o)
 .ARM.attributes
                0x000002c6       0x30 /Users/andresaboia/devkitPro/devkitARM/bin/../lib/gcc/arm-none-eabi/4.9.2/../../../../arm-none-eabi/lib/thumb/libg.a(lib_a-wcrtomb.o)
 .ARM.attributes
                0x000002f6       0x30 /Users/andresaboia/devkitPro/devkitARM/bin/../lib/gcc/arm-none-eabi/4.9.2/../../../../arm-none-eabi/lib/thumb/libg.a(lib_a-wcsrtombs.o)
 .ARM.attributes
                0x00000326       0x30 /Users/andresaboia/devkitPro/devkitARM/bin/../lib/gcc/arm-none-eabi/4.9.2/../../../../arm-none-eabi/lib/thumb/libg.a(lib_a-wctomb_r.o)
 .ARM.attributes
                0x00000356       0x30 /Users/andresaboia/devkitPro/devkitARM/bin/../lib/gcc/arm-none-eabi/4.9.2/../../../../arm-none-eabi/lib/thumb/libg.a(lib_a-dtoa.o)
 .ARM.attributes
                0x00000386       0x30 /Users/andresaboia/devkitPro/devkitARM/bin/../lib/gcc/arm-none-eabi/4.9.2/../../../../arm-none-eabi/lib/thumb/libg.a(lib_a-freer.o)
 .ARM.attributes
                0x000003b6       0x30 /Users/andresaboia/devkitPro/devkitARM/bin/../lib/gcc/arm-none-eabi/4.9.2/../../../../arm-none-eabi/lib/thumb/libg.a(lib_a-impure.o)
 .ARM.attributes
                0x000003e6       0x30 /Users/andresaboia/devkitPro/devkitARM/bin/../lib/gcc/arm-none-eabi/4.9.2/../../../../arm-none-eabi/lib/thumb/libg.a(lib_a-locale.o)
 .ARM.attributes
                0x00000416       0x30 /Users/andresaboia/devkitPro/devkitARM/bin/../lib/gcc/arm-none-eabi/4.9.2/../../../../arm-none-eabi/lib/thumb/libg.a(lib_a-mbtowc_r.o)
 .ARM.attributes
                0x00000446       0x30 /Users/andresaboia/devkitPro/devkitARM/bin/../lib/gcc/arm-none-eabi/4.9.2/../../../../arm-none-eabi/lib/thumb/libg.a(lib_a-memchr-stub.o)
 .ARM.attributes
                0x00000476       0x30 /Users/andresaboia/devkitPro/devkitARM/bin/../lib/gcc/arm-none-eabi/4.9.2/../../../../arm-none-eabi/lib/thumb/libg.a(lib_a-mprec.o)
 .ARM.attributes
                0x000004a6       0x30 /Users/andresaboia/devkitPro/devkitARM/bin/../lib/gcc/arm-none-eabi/4.9.2/../../../../arm-none-eabi/lib/thumb/libg.a(lib_a-s_fpclassify.o)
 .ARM.attributes
                0x000004d6       0x30 /Users/andresaboia/devkitPro/devkitARM/bin/../lib/gcc/arm-none-eabi/4.9.2/../../../../arm-none-eabi/lib/thumb/libg.a(lib_a-s_frexp.o)
 .ARM.attributes
                0x00000506       0x30 /Users/andresaboia/devkitPro/devkitARM/bin/../lib/gcc/arm-none-eabi/4.9.2/../../../../arm-none-eabi/lib/thumb/libg.a(lib_a-strcasecmp.o)
 .ARM.attributes
                0x00000536       0x30 /Users/andresaboia/devkitPro/devkitARM/bin/../lib/gcc/arm-none-eabi/4.9.2/../../../../arm-none-eabi/lib/thumb/libg.a(lib_a-strcat.o)
 .ARM.attributes
                0x00000566       0x30 /Users/andresaboia/devkitPro/devkitARM/bin/../lib/gcc/arm-none-eabi/4.9.2/../../../../arm-none-eabi/lib/thumb/libg.a(lib_a-strchr.o)
 .ARM.attributes
                0x00000596       0x1c /Users/andresaboia/devkitPro/devkitARM/bin/../lib/gcc/arm-none-eabi/4.9.2/../../../../arm-none-eabi/lib/thumb/libg.a(lib_a-strcmp.o)
 .ARM.attributes
                0x000005b2       0x30 /Users/andresaboia/devkitPro/devkitARM/bin/../lib/gcc/arm-none-eabi/4.9.2/../../../../arm-none-eabi/lib/thumb/libg.a(lib_a-strcpy.o)
 .ARM.attributes
                0x000005e2       0x30 /Users/andresaboia/devkitPro/devkitARM/bin/../lib/gcc/arm-none-eabi/4.9.2/../../../../arm-none-eabi/lib/thumb/libg.a(lib_a-strlcpy.o)
 .ARM.attributes
                0x00000612       0x30 /Users/andresaboia/devkitPro/devkitARM/bin/../lib/gcc/arm-none-eabi/4.9.2/../../../../arm-none-eabi/lib/thumb/libg.a(lib_a-strncasecmp.o)
 .ARM.attributes
                0x00000642       0x30 /Users/andresaboia/devkitPro/devkitARM/bin/../lib/gcc/arm-none-eabi/4.9.2/../../../../arm-none-eabi/lib/thumb/libg.a(lib_a-strncmp.o)
 .ARM.attributes
                0x00000672       0x30 /Users/andresaboia/devkitPro/devkitARM/bin/../lib/gcc/arm-none-eabi/4.9.2/../../../../arm-none-eabi/lib/thumb/libg.a(lib_a-strncpy.o)
 .ARM.attributes
                0x000006a2       0x30 /Users/andresaboia/devkitPro/devkitARM/bin/../lib/gcc/arm-none-eabi/4.9.2/../../../../arm-none-eabi/lib/thumb/libg.a(lib_a-strtol.o)
 .ARM.attributes
                0x000006d2       0x30 /Users/andresaboia/devkitPro/devkitARM/bin/../lib/gcc/arm-none-eabi/4.9.2/../../../../arm-none-eabi/lib/thumb/libg.a(lib_a-svfiprintf.o)
 .ARM.attributes
                0x00000702       0x30 /Users/andresaboia/devkitPro/devkitARM/bin/../lib/gcc/arm-none-eabi/4.9.2/../../../../arm-none-eabi/lib/thumb/libg.a(lib_a-wcsnrtombs.o)
 .ARM.attributes
                0x00000732       0x30 /Users/andresaboia/devkitPro/devkitARM/bin/../lib/gcc/arm-none-eabi/4.9.2/../../../../arm-none-eabi/lib/thumb/libg.a(lib_a-callocr.o)
 .ARM.attributes
                0x00000762       0x30 /Users/andresaboia/devkitPro/devkitARM/bin/../lib/gcc/arm-none-eabi/4.9.2/../../../../arm-none-eabi/lib/thumb/libg.a(lib_a-ctype_.o)
 .ARM.attributes
                0x00000792       0x30 /Users/andresaboia/devkitPro/devkitARM/bin/../lib/gcc/arm-none-eabi/4.9.2/../../../../arm-none-eabi/lib/thumb/libg.a(lib_a-getenv_r.o)
 .ARM.attributes
                0x000007c2       0x30 /Users/andresaboia/devkitPro/devkitARM/bin/../lib/gcc/arm-none-eabi/4.9.2/../../../../arm-none-eabi/lib/thumb/libg.a(lib_a-memmove.o)
 .ARM.attributes
                0x000007f2       0x30 /Users/andresaboia/devkitPro/devkitARM/bin/../lib/gcc/arm-none-eabi/4.9.2/../../../../arm-none-eabi/lib/thumb/libg.a(lib_a-reallocr.o)
 .ARM.attributes
                0x00000822       0x30 /Users/andresaboia/devkitPro/devkitARM/bin/../lib/gcc/arm-none-eabi/4.9.2/../../../../arm-none-eabi/lib/thumb/libg.a(lib_a-environ.o)
 .ARM.attributes
                0x00000852       0x30 /Users/andresaboia/devkitPro/devkitARM/bin/../lib/gcc/arm-none-eabi/4.9.2/../../../../arm-none-eabi/lib/thumb/libg.a(lib_a-envlock.o)
 .ARM.attributes
                0x00000882       0x30 /Users/andresaboia/devkitPro/devkitARM/bin/../lib/gcc/arm-none-eabi/4.9.2/../../../../arm-none-eabi/lib/thumb/libsysbase.a(sbrk.o)
 .ARM.attributes
                0x000008b2       0x30 /Users/andresaboia/devkitPro/devkitARM/bin/../lib/gcc/arm-none-eabi/4.9.2/../../../../arm-none-eabi/lib/thumb/libsysbase.a(malloc_vars.o)
 .ARM.attributes
                0x000008e2       0x18 /Users/andresaboia/devkitPro/devkitARM/bin/../lib/gcc/arm-none-eabi/4.9.2/thumb/libgcc.a(_arm_cmpdf2.o)
 .ARM.attributes
                0x000008fa       0x18 /Users/andresaboia/devkitPro/devkitARM/bin/../lib/gcc/arm-none-eabi/4.9.2/thumb/libgcc.a(_aeabi_uldivmod.o)
 .ARM.attributes
                0x00000912       0x30 /Users/andresaboia/devkitPro/devkitARM/bin/../lib/gcc/arm-none-eabi/4.9.2/thumb/libgcc.a(bpabi.o)
 .ARM.attributes
                0x00000942       0x30 /Users/andresaboia/devkitPro/devkitARM/bin/../lib/gcc/arm-none-eabi/4.9.2/thumb/libgcc.a(_muldi3.o)
 .ARM.attributes
                0x00000972       0x30 /Users/andresaboia/devkitPro/devkitARM/bin/../lib/gcc/arm-none-eabi/4.9.2/thumb/libgcc.a(_divdi3.o)
 .ARM.attributes
                0x000009a2       0x30 /Users/andresaboia/devkitPro/devkitARM/bin/../lib/gcc/arm-none-eabi/4.9.2/thumb/libgcc.a(_udivdi3.o)
 .ARM.attributes
                0x000009d2       0x18 /Users/andresaboia/devkitPro/devkitARM/bin/../lib/gcc/arm-none-eabi/4.9.2/thumb/libgcc.a(_clzdi2.o)
 .ARM.attributes
                0x000009ea       0x18 /Users/andresaboia/devkitPro/devkitARM/bin/../lib/gcc/arm-none-eabi/4.9.2/thumb/libgcc.a(_clzsi2.o)
 .ARM.attributes
                0x00000a02       0x30 /Users/andresaboia/devkitPro/devkitARM/bin/../lib/gcc/arm-none-eabi/4.9.2/thumb/crtend.o
 .ARM.attributes
                0x00000a32       0x16 /Users/andresaboia/devkitPro/devkitARM/bin/../lib/gcc/arm-none-eabi/4.9.2/thumb/crtn.o

/DISCARD/
 *(.note.GNU-stack)
LOAD /Users/andresaboia/devkitPro/devkitARM/bin/../lib/gcc/arm-none-eabi/4.9.2/../../../../arm-none-eabi/lib/thumb/gba_crt0.o
LOAD /Users/andresaboia/devkitPro/devkitARM/bin/../lib/gcc/arm-none-eabi/4.9.2/thumb/crti.o
LOAD /Users/andresaboia/devkitPro/devkitARM/bin/../lib/gcc/arm-none-eabi/4.9.2/thumb/crtbegin.o
LOAD main.o
LOAD /Users/andresaboia/devkitPro/libgba/lib/libgba.a
START GROUP
LOAD /Users/andresaboia/devkitPro/devkitARM/bin/../lib/gcc/arm-none-eabi/4.9.2/thumb/libgcc.a
LOAD /Users/andresaboia/devkitPro/devkitARM/bin/../lib/gcc/arm-none-eabi/4.9.2/../../../../arm-none-eabi/lib/thumb/libg.a
LOAD /Users/andresaboia/devkitPro/devkitARM/bin/../lib/gcc/arm-none-eabi/4.9.2/../../../../arm-none-eabi/lib/thumb/libc.a
LOAD /Users/andresaboia/devkitPro/devkitARM/bin/../lib/gcc/arm-none-eabi/4.9.2/../../../../arm-none-eabi/lib/thumb/libsysbase.a
END GROUP
LOAD /Users/andresaboia/devkitPro/devkitARM/bin/../lib/gcc/arm-none-eabi/4.9.2/thumb/crtend.o
LOAD /Users/andresaboia/devkitPro/devkitARM/bin/../lib/gcc/arm-none-eabi/4.9.2/thumb/crtn.o
OUTPUT(/Users/andresaboia/projects/ff_game/ff_game.elf elf32-littlearm)

.debug_ranges   0x00000000     0x1770
 .debug_ranges  0x00000000     0x1770 main.o
